Component: ARM Compiler 5.06 update 7 (build 960) Tool: armlink [4d3601]

==============================================================================

Section Cross References

    startup_stm32f429xx.o(RESET) refers to startup_stm32f429xx.o(STACK) for __initial_sp
    startup_stm32f429xx.o(RESET) refers to startup_stm32f429xx.o(.text) for Reset_Handler
    startup_stm32f429xx.o(RESET) refers to stm32f4xx_it.o(i.NMI_Handler) for NMI_Handler
    startup_stm32f429xx.o(RESET) refers to stm32f4xx_it.o(i.HardFault_Handler) for HardFault_Handler
    startup_stm32f429xx.o(RESET) refers to stm32f4xx_it.o(i.MemManage_Handler) for MemManage_Handler
    startup_stm32f429xx.o(RESET) refers to stm32f4xx_it.o(i.BusFault_Handler) for BusFault_Handler
    startup_stm32f429xx.o(RESET) refers to stm32f4xx_it.o(i.UsageFault_Handler) for UsageFault_Handler
    startup_stm32f429xx.o(RESET) refers to stm32f4xx_it.o(i.SVC_Handler) for SVC_Handler
    startup_stm32f429xx.o(RESET) refers to stm32f4xx_it.o(i.DebugMon_Handler) for DebugMon_Handler
    startup_stm32f429xx.o(RESET) refers to stm32f4xx_it.o(i.PendSV_Handler) for PendSV_Handler
    startup_stm32f429xx.o(RESET) refers to stm32f4xx_it.o(i.SysTick_Handler) for SysTick_Handler
    startup_stm32f429xx.o(.text) refers to system_stm32f4xx.o(i.SystemInit) for SystemInit
    startup_stm32f429xx.o(.text) refers to entry.o(.ARM.Collect$$$$00000000) for __main
    main.o(i.MX_GPIO_Init) refers to memseta.o(.text) for __aeabi_memclr4
    main.o(i.MX_GPIO_Init) refers to stm32f4xx_hal_gpio.o(i.HAL_GPIO_WritePin) for HAL_GPIO_WritePin
    main.o(i.MX_GPIO_Init) refers to stm32f4xx_hal_gpio.o(i.HAL_GPIO_Init) for HAL_GPIO_Init
    main.o(i.SystemClock_Config) refers to memseta.o(.text) for __aeabi_memclr4
    main.o(i.SystemClock_Config) refers to stm32f4xx_hal_rcc.o(i.HAL_RCC_OscConfig) for HAL_RCC_OscConfig
    main.o(i.SystemClock_Config) refers to main.o(i.Error_Handler) for Error_Handler
    main.o(i.SystemClock_Config) refers to stm32f4xx_hal_rcc.o(i.HAL_RCC_ClockConfig) for HAL_RCC_ClockConfig
    main.o(i.main) refers to stm32f4xx_hal.o(i.HAL_Init) for HAL_Init
    main.o(i.main) refers to main.o(i.SystemClock_Config) for SystemClock_Config
    main.o(i.main) refers to memory.o(i.Memory_Init) for Memory_Init
    main.o(i.main) refers to main.o(i.MX_GPIO_Init) for MX_GPIO_Init
    main.o(i.main) refers to memory.o(i.calculateMainAppCRC) for calculateMainAppCRC
    main.o(i.main) refers to coredebug.o(i.IsDebuggerConnected) for IsDebuggerConnected
    main.o(i.main) refers to main.o(i.runMainApp) for runMainApp
    main.o(i.main) refers to memory.o(i.memoryWriteMagicFlag) for memoryWriteMagicFlag
    main.o(i.main) refers to lwip.o(i.MX_LWIP_Init) for MX_LWIP_Init
    main.o(i.main) refers to httpserver.o(i.HTTPServer_Init) for HTTPServer_Init
    main.o(i.main) refers to stm32f4xx_hal.o(i.HAL_GetTick) for HAL_GetTick
    main.o(i.main) refers to printf6.o(i.__0printf$6) for __2printf
    main.o(i.main) refers to timespan.o(i.GetTimeSpan) for GetTimeSpan
    main.o(i.main) refers to stm32f4xx_hal_gpio.o(i.HAL_GPIO_TogglePin) for HAL_GPIO_TogglePin
    main.o(i.main) refers to lwip.o(i.MX_LWIP_Process) for MX_LWIP_Process
    main.o(i.main) refers to stm32f4xx_hal_gpio.o(i.HAL_GPIO_ReadPin) for HAL_GPIO_ReadPin
    main.o(i.main) refers to stm32f4xx_hal_gpio.o(i.HAL_GPIO_WritePin) for HAL_GPIO_WritePin
    main.o(i.main) refers to stm32f4xx_hal.o(i.HAL_Delay) for HAL_Delay
    main.o(i.main) refers to memory.o(i.memoryWriteNetworkParameters) for memoryWriteNetworkParameters
    main.o(i.main) refers to main.o(.data) for memory
    main.o(i.main) refers to main.o(.bss) for httpServer
    main.o(i.main) refers to main.o(.constdata) for .constdata
    main.o(i.runMainApp) refers to stm32f4xx_hal.o(i.HAL_DeInit) for HAL_DeInit
    stm32f4xx_it.o(i.SysTick_Handler) refers to stm32f4xx_hal.o(i.HAL_IncTick) for HAL_IncTick
    ethernetif.o(i.HAL_ETH_MspDeInit) refers to stm32f4xx_hal_gpio.o(i.HAL_GPIO_DeInit) for HAL_GPIO_DeInit
    ethernetif.o(i.HAL_ETH_MspInit) refers to memseta.o(.text) for __aeabi_memclr4
    ethernetif.o(i.HAL_ETH_MspInit) refers to stm32f4xx_hal_gpio.o(i.HAL_GPIO_Init) for HAL_GPIO_Init
    ethernetif.o(i.ethernetif_init) refers to printf6.o(i.__0printf$6) for __2printf
    ethernetif.o(i.ethernetif_init) refers to ethernetif.o(i.low_level_init) for low_level_init
    ethernetif.o(i.ethernetif_init) refers to etharp.o(i.etharp_output) for etharp_output
    ethernetif.o(i.ethernetif_init) refers to ethernetif.o(i.low_level_output) for low_level_output
    ethernetif.o(i.ethernetif_input) refers to ethernetif.o(i.low_level_input) for low_level_input
    ethernetif.o(i.ethernetif_input) refers to pbuf.o(i.pbuf_free) for pbuf_free
    ethernetif.o(i.ethernetif_set_link) refers to stm32f4xx_hal.o(i.HAL_GetTick) for HAL_GetTick
    ethernetif.o(i.ethernetif_set_link) refers to stm32f4xx_hal_eth.o(i.HAL_ETH_ReadPHYRegister) for HAL_ETH_ReadPHYRegister
[...]
    __ARM_use_no_argv                        0x00000000   Number         0  main.o ABSOLUTE
    _printf_a                                0x00000000   Number         0  stubs.o ABSOLUTE
    _printf_c                                0x00000000   Number         0  stubs.o ABSOLUTE
    _printf_charcount                        0x00000000   Number         0  stubs.o ABSOLUTE
    _printf_d                                0x00000000   Number         0  stubs.o ABSOLUTE
    _printf_e                                0x00000000   Number         0  stubs.o ABSOLUTE
    _printf_f                                0x00000000   Number         0  stubs.o ABSOLUTE
    _printf_flags                            0x00000000   Number         0  stubs.o ABSOLUTE
    _printf_fp_dec                           0x00000000   Number         0  stubs.o ABSOLUTE
    _printf_fp_hex                           0x00000000   Number         0  stubs.o ABSOLUTE
    _printf_g                                0x00000000   Number         0  stubs.o ABSOLUTE
    _printf_i                                0x00000000   Number         0  stubs.o ABSOLUTE
    _printf_int_dec                          0x00000000   Number         0  stubs.o ABSOLUTE
    _printf_l                                0x00000000   Number         0  stubs.o ABSOLUTE
    _printf_lc                               0x00000000   Number         0  stubs.o ABSOLUTE
    _printf_ll                               0x00000000   Number         0  stubs.o ABSOLUTE
    _printf_lld                              0x00000000   Number         0  stubs.o ABSOLUTE
    _printf_lli                              0x00000000   Number         0  stubs.o ABSOLUTE
    _printf_llo                              0x00000000   Number         0  stubs.o ABSOLUTE
    _printf_llu                              0x00000000   Number         0  stubs.o ABSOLUTE
    _printf_llx                              0x00000000   Number         0  stubs.o ABSOLUTE
    _printf_longlong_dec                     0x00000000   Number         0  stubs.o ABSOLUTE
    _printf_longlong_hex                     0x00000000   Number         0  stubs.o ABSOLUTE
    _printf_longlong_oct                     0x00000000   Number         0  stubs.o ABSOLUTE
    _printf_ls                               0x00000000   Number         0  stubs.o ABSOLUTE
    _printf_mbtowc                           0x00000000   Number         0  stubs.o ABSOLUTE
    _printf_n                                0x00000000   Number         0  stubs.o ABSOLUTE
    _printf_o                                0x00000000   Number         0  stubs.o ABSOLUTE
    _printf_p                                0x00000000   Number         0  stubs.o ABSOLUTE
    _printf_percent                          0x00000000   Number         0  stubs.o ABSOLUTE
    _printf_pre_padding                      0x00000000   Number         0  stubs.o ABSOLUTE
    _printf_return_value                     0x00000000   Number         0  stubs.o ABSOLUTE
    _printf_s                                0x00000000   Number         0  stubs.o ABSOLUTE
    _printf_sizespec                         0x00000000   Number         0  stubs.o ABSOLUTE
    _printf_str                              0x00000000   Number         0  stubs.o ABSOLUTE
    _printf_truncate_signed                  0x00000000   Number         0  stubs.o ABSOLUTE
    _printf_truncate_unsigned                0x00000000   Number         0  stubs.o ABSOLUTE
    _printf_u                                0x00000000   Number         0  stubs.o ABSOLUTE
    _printf_wc                               0x00000000   Number         0  stubs.o ABSOLUTE
    _printf_wctomb                           0x00000000   Number         0  stubs.o ABSOLUTE
    _printf_widthprec                        0x00000000   Number         0  stubs.o ABSOLUTE
    _printf_x                                0x00000000   Number         0  stubs.o ABSOLUTE
    __arm_fini_                               - Undefined Weak Reference
    __cpp_initialize__aeabi_                  - Undefined Weak Reference
    __cxa_finalize                            - Undefined Weak Reference
    __decompress                              - Undefined Weak Reference
    _clock_init                               - Undefined Weak Reference
    _microlib_exit                            - Undefined Weak Reference
    __Vectors_Size                           0x000001ac   Number         0  startup_stm32f429xx.o ABSOLUTE
    __Vectors                                0x08000000   Data           4  startup_stm32f429xx.o(RESET)
    __Vectors_End                            0x080001ac   Data           0  startup_stm32f429xx.o(RESET)
    __main                                   0x080001ad   Thumb Code     0  entry.o(.ARM.Collect$$$$00000000)
    _main_stk                                0x080001ad   Thumb Code     0  entry2.o(.ARM.Collect$$$$00000001)
    _main_scatterload                        0x080001b1   Thumb Code     0  entry5.o(.ARM.Collect$$$$00000004)
    __main_after_scatterload                 0x080001b5   Thumb Code     0  entry5.o(.ARM.Collect$$$$00000004)
    _main_clock                              0x080001b5   Thumb Code     0  entry7b.o(.ARM.Collect$$$$00000008)
    _main_cpp_init                           0x080001b5   Thumb Code     0  entry8b.o(.ARM.Collect$$$$0000000A)
    _main_init                               0x080001b5   Thumb Code     0  entry9a.o(.ARM.Collect$$$$0000000B)
    __rt_lib_shutdown_fini                   0x080001bd   Thumb Code     0  entry12b.o(.ARM.Collect$$$$0000000E)
    __rt_final_cpp                           0x080001c1   Thumb Code     0  entry10a.o(.ARM.Collect$$$$0000000F)
    __rt_final_exit                          0x080001c1   Thumb Code     0  entry11a.o(.ARM.Collect$$$$00000011)
    Reset_Handler                            0x080001c5   Thumb Code     8  startup_stm32f429xx.o(.text)
    ADC_IRQHandler                           0x080001df   Thumb Code     0  startup_stm32f429xx.o(.text)
    CAN1_RX0_IRQHandler                      0x080001df   Thumb Code     0  startup_stm32f429xx.o(.text)
    CAN1_RX1_IRQHandler                      0x080001df   Thumb Code     0  startup_stm32f429xx.o(.text)
    CAN1_SCE_IRQHandler                      0x080001df   Thumb Code     0  startup_stm32f429xx.o(.text)
    CAN1_TX_IRQHandler                       0x080001df   Thumb Code     0  startup_stm32f429xx.o(.text)
    CAN2_RX0_IRQHandler                      0x080001df   Thumb Code     0  startup_stm32f429xx.o(.text)
    CAN2_RX1_IRQHandler                      0x080001df   Thumb Code     0  startup_stm32f429xx.o(.text)
    CAN2_SCE_IRQHandler                      0x080001df   Thumb Code     0  startup_stm32f429xx.o(.text)
    CAN2_TX_IRQHandler                       0x080001df   Thumb Code     0  startup_stm32f429xx.o(.text)
    DCMI_IRQHandler                          0x080001df   Thumb Code     0  startup_stm32f429xx.o(.text)
    DMA1_Stream0_IRQHandler                  0x080001df   Thumb Code     0  startup_stm32f429xx.o(.text)
    DMA1_Stream1_IRQHandler                  0x080001df   Thumb Code     0  startup_stm32f429xx.o(.text)
    DMA1_Stream2_IRQHandler                  0x080001df   Thumb Code     0  startup_stm32f429xx.o(.text)
    DMA1_Stream3_IRQHandler                  0x080001df   Thumb Code     0  startup_stm32f429xx.o(.text)
    DMA1_Stream4_IRQHandler                  0x080001df   Thumb Code     0  startup_stm32f429xx.o(.text)
    DMA1_Stream5_IRQHandler                  0x080001df   Thumb Code     0  startup_stm32f429xx.o(.text)
    DMA1_Stream6_IRQHandler                  0x080001df   Thumb Code     0  startup_stm32f429xx.o(.text)
    DMA1_Stream7_IRQHandler                  0x080001df   Thumb Code     0  startup_stm32f429xx.o(.text)
    DMA2D_IRQHandler                         0x080001df   Thumb Code     0  startup_stm32f429xx.o(.text)
    DMA2_Stream0_IRQHandler                  0x080001df   Thumb Code     0  startup_stm32f429xx.o(.text)
    DMA2_Stream1_IRQHandler                  0x080001df   Thumb Code     0  startup_stm32f429xx.o(.text)
    DMA2_Stream2_IRQHandler                  0x080001df   Thumb Code     0  startup_stm32f429xx.o(.text)
    DMA2_Stream3_IRQHandler                  0x080001df   Thumb Code     0  startup_stm32f429xx.o(.text)
    DMA2_Stream4_IRQHandler                  0x080001df   Thumb Code     0  startup_stm32f429xx.o(.text)
    DMA2_Stream5_IRQHandler                  0x080001df   Thumb Code     0  startup_stm32f429xx.o(.text)
    DMA2_Stream6_IRQHandler                  0x080001df   Thumb Code     0  startup_stm32f429xx.o(.text)
    DMA2_Stream7_IRQHandler                  0x080001df   Thumb Code     0  startup_stm32f429xx.o(.text)
    ETH_IRQHandler                           0x080001df   Thumb Code     0  startup_stm32f429xx.o(.text)
    ETH_WKUP_IRQHandler                      0x080001df   Thumb Code     0  startup_stm32f429xx.o(.text)
    EXTI0_IRQHandler                         0x080001df   Thumb Code     0  startup_stm32f429xx.o(.text)
    EXTI15_10_IRQHandler                     0x080001df   Thumb Code     0  startup_stm32f429xx.o(.text)
    EXTI1_IRQHandler                         0x080001df   Thumb Code     0  startup_stm32f429xx.o(.text)
    EXTI2_IRQHandler                         0x080001df   Thumb Code     0  startup_stm32f429xx.o(.text)
    EXTI3_IRQHandler                         0x080001df   Thumb Code     0  startup_stm32f429xx.o(.text)
    EXTI4_IRQHandler                         0x080001df   Thumb Code     0  startup_stm32f429xx.o(.text)
    EXTI9_5_IRQHandler                       0x080001df   Thumb Code     0  startup_stm32f429xx.o(.text)
    FLASH_IRQHandler                         0x080001df   Thumb Code     0  startup_stm32f429xx.o(.text)
    FMC_IRQHandler                           0x080001df   Thumb Code     0  startup_stm32f429xx.o(.text)
    FPU_IRQHandler                           0x080001df   Thumb Code     0  startup_stm32f429xx.o(.text)
    HASH_RNG_IRQHandler                      0x080001df   Thumb Code     0  startup_stm32f429xx.o(.text)
    I2C1_ER_IRQHandler                       0x080001df   Thumb Code     0  startup_stm32f429xx.o(.text)
    I2C1_EV_IRQHandler                       0x080001df   Thumb Code     0  startup_stm32f429xx.o(.text)
    I2C2_ER_IRQHandler                       0x080001df   Thumb Code     0  startup_stm32f429xx.o(.text)
    I2C2_EV_IRQHandler                       0x080001df   Thumb Code     0  startup_stm32f429xx.o(.text)
    I2C3_ER_IRQHandler                       0x080001df   Thumb Code     0  startup_stm32f429xx.o(.text)
    I2C3_EV_IRQHandler                       0x080001df   Thumb Code     0  startup_stm32f429xx.o(.text)
    LTDC_ER_IRQHandler                       0x080001df   Thumb Code     0  startup_stm32f429xx.o(.text)
    LTDC_IRQHandler                          0x080001df   Thumb Code     0  startup_stm32f429xx.o(.text)
    OTG_FS_IRQHandler                        0x080001df   Thumb Code     0  startup_stm32f429xx.o(.text)
    OTG_FS_WKUP_IRQHandler                   0x080001df   Thumb Code     0  startup_stm32f429xx.o(.text)
    OTG_HS_EP1_IN_IRQHandler                 0x080001df   Thumb Code     0  startup_stm32f429xx.o(.text)
    OTG_HS_EP1_OUT_IRQHandler                0x080001df   Thumb Code     0  startup_stm32f429xx.o(.text)
    OTG_HS_IRQHandler                        0x080001df   Thumb Code     0  startup_stm32f429xx.o(.text)
    OTG_HS_WKUP_IRQHandler                   0x080001df   Thumb Code     0  startup_stm32f429xx.o(.text)
    PVD_IRQHandler                           0x080001df   Thumb Code     0  startup_stm32f429xx.o(.text)
    RCC_IRQHandler                           0x080001df   Thumb Code     0  startup_stm32f429xx.o(.text)
    RTC_Alarm_IRQHandler                     0x080001df   Thumb Code     0  startup_stm32f429xx.o(.text)
    RTC_WKUP_IRQHandler                      0x080001df   Thumb Code     0  startup_stm32f429xx.o(.text)
    SAI1_IRQHandler                          0x080001df   Thumb Code     0  startup_stm32f429xx.o(.text)
    SDIO_IRQHandler                          0x080001df   Thumb Code     0  startup_stm32f429xx.o(.text)
    SPI1_IRQHandler                          0x080001df   Thumb Code     0  startup_stm32f429xx.o(.text)
    SPI2_IRQHandler                          0x080001df   Thumb Code     0  startup_stm32f429xx.o(.text)
    SPI3_IRQHandler                          0x080001df   Thumb Code     0  startup_stm32f429xx.o(.text)
    SPI4_IRQHandler                          0x080001df   Thumb Code     0  startup_stm32f429xx.o(.text)
    SPI5_IRQHandler                          0x080001df   Thumb Code     0  startup_stm32f429xx.o(.text)
    SPI6_IRQHandler                          0x080001df   Thumb Code     0  startup_stm32f429xx.o(.text)
    TAMP_STAMP_IRQHandler                    0x080001df   Thumb Code     0  startup_stm32f429xx.o(.text)
    TIM1_BRK_TIM9_IRQHandler                 0x080001df   Thumb Code     0  startup_stm32f429xx.o(.text)
    TIM1_CC_IRQHandler                       0x080001df   Thumb Code     0  startup_stm32f429xx.o(.text)
    TIM1_TRG_COM_TIM11_IRQHandler            0x080001df   Thumb Code     0  startup_stm32f429xx.o(.text)
    TIM1_UP_TIM10_IRQHandler                 0x080001df   Thumb Code     0  startup_stm32f429xx.o(.text)
    TIM2_IRQHandler                          0x080001df   Thumb Code     0  startup_stm32f429xx.o(.text)
    TIM3_IRQHandler                          0x080001df   Thumb Code     0  startup_stm32f429xx.o(.text)
    TIM4_IRQHandler                          0x080001df   Thumb Code     0  startup_stm32f429xx.o(.text)
    TIM5_IRQHandler                          0x080001df   Thumb Code     0  startup_stm32f429xx.o(.text)
    TIM6_DAC_IRQHandler                      0x080001df   Thumb Code     0  startup_stm32f429xx.o(.text)
    TIM7_IRQHandler                          0x080001df   Thumb Code     0  startup_stm32f429xx.o(.text)
    TIM8_BRK_TIM12_IRQHandler                0x080001df   Thumb Code     0  startup_stm32f429xx.o(.text)
    TIM8_CC_IRQHandler                       0x080001df   Thumb Code     0  startup_stm32f429xx.o(.text)
    TIM8_TRG_COM_TIM14_IRQHandler            0x080001df   Thumb Code     0  startup_stm32f429xx.o(.text)
    TIM8_UP_TIM13_IRQHandler                 0x080001df   Thumb Code     0  startup_stm32f429xx.o(.text)
    UART4_IRQHandler                         0x080001df   Thumb Code     0  startup_stm32f429xx.o(.text)
    UART5_IRQHandler                         0x080001df   Thumb Code     0  startup_stm32f429xx.o(.text)
    UART7_IRQHandler                         0x080001df   Thumb Code     0  startup_stm32f429xx.o(.text)
    UART8_IRQHandler                         0x080001df   Thumb Code     0  startup_stm32f429xx.o(.text)
    USART1_IRQHandler                        0x080001df   Thumb Code     0  startup_stm32f429xx.o(.text)
    USART2_IRQHandler                        0x080001df   Thumb Code     0  startup_stm32f429xx.o(.text)
    USART3_IRQHandler                        0x080001df   Thumb Code     0  startup_stm32f429xx.o(.text)
    USART6_IRQHandler                        0x080001df   Thumb Code     0  startup_stm32f429xx.o(.text)
    WWDG_IRQHandler                          0x080001df   Thumb Code     0  startup_stm32f429xx.o(.text)
    ___aeabi_memcpy4$move                    0x080001e9   Thumb Code     0  memmovea.o(.text)
    ___aeabi_memcpy8$move                    0x080001e9   Thumb Code     0  memmovea.o(.text)
    __aeabi_memcpy                           0x080001e9   Thumb Code    64  memmovea.o(.text)
    __aeabi_memmove                          0x080001e9   Thumb Code     0  memmovea.o(.text)
    __aeabi_memmove4                         0x080001e9   Thumb Code     0  memmovea.o(.text)
    __aeabi_memmove8                         0x080001e9   Thumb Code     0  memmovea.o(.text)
    __aeabi_memset                           0x08000229   Thumb Code    14  memseta.o(.text)
    __aeabi_memset4                          0x08000229   Thumb Code     0  memseta.o(.text)
    __aeabi_memset8                          0x08000229   Thumb Code     0  memseta.o(.text)
    __aeabi_memclr                           0x08000237   Thumb Code     4  memseta.o(.text)
    __aeabi_memclr4                          0x08000237   Thumb Code     0  memseta.o(.text)
    __aeabi_memclr8                          0x08000237   Thumb Code     0  memseta.o(.text)
    _memset$wrapper                          0x0800023b   Thumb Code    18  memseta.o(.text)
    strlen                                   0x0800024d   Thumb Code    14  strlen.o(.text)
    memcmp                                   0x0800025b   Thumb Code    26  memcmp.o(.text)
    strtol                                   0x08000275   Thumb Code   112  strtol.o(.text)
    _strtoul                                 0x080002e5   Thumb Code   158  _strtoul.o(.text)
    __scatterload                            0x08000385   Thumb Code    28  init.o(.text)
    __scatterload_rt2                        0x08000385   Thumb Code     0  init.o(.text)
    FLASH_Erase_Sector                       0x080006a1   Thumb Code    92  stm32f4xx_hal_flash_ex.o(i.FLASH_Erase_Sector)
    FLASH_FlushCaches                        0x08000701   Thumb Code   114  stm32f4xx_hal_flash_ex.o(i.FLASH_FlushCaches)
    GetTimeSpan                              0x080007a1   Thumb Code    20  timespan.o(i.GetTimeSpan)
    HAL_DeInit                               0x080007b5   Thumb Code    64  stm32f4xx_hal.o(i.HAL_DeInit)
    HAL_Delay                                0x080007f9   Thumb Code    36  stm32f4xx_hal.o(i.HAL_Delay)
    HAL_ETH_DMATxDescListInit                0x08000821   Thumb Code   132  stm32f4xx_hal_eth.o(i.HAL_ETH_DMATxDescListInit)
    HAL_ETH_GetReceivedFrame                 0x080008a5   Thumb Code   178  stm32f4xx_hal_eth.o(i.HAL_ETH_GetReceivedFrame)
    HAL_ETH_MspInit                          0x08000959   Thumb Code   362  ethernetif.o(i.HAL_ETH_MspInit)
    HAL_ETH_ReadPHYRegister                  0x08000add   Thumb Code   146  stm32f4xx_hal_eth.o(i.HAL_ETH_ReadPHYRegister)
    HAL_ETH_Stop                             0x08000b6f   Thumb Code    82  stm32f4xx_hal_eth.o(i.HAL_ETH_Stop)
    HAL_FLASHEx_Erase                        0x08000bc1   Thumb Code   166  stm32f4xx_hal_flash_ex.o(i.HAL_FLASHEx_Erase)
    HAL_FLASH_Program                        0x08000c71   Thumb Code   142  stm32f4xx_hal_flash.o(i.HAL_FLASH_Program)
    HAL_FLASH_Unlock                         0x08000d09   Thumb Code    38  stm32f4xx_hal_flash.o(i.HAL_FLASH_Unlock)
    HAL_GPIO_TogglePin                       0x08000d3d   Thumb Code    20  stm32f4xx_hal_gpio.o(i.HAL_GPIO_TogglePin)
    HAL_GPIO_WritePin                        0x08000d51   Thumb Code    12  stm32f4xx_hal_gpio.o(i.HAL_GPIO_WritePin)
    HAL_Init                                 0x08000d5d   Thumb Code    54  stm32f4xx_hal.o(i.HAL_Init)
    HAL_NVIC_SetPriorityGrouping             0x08000d99   Thumb Code    32  stm32f4xx_hal_cortex.o(i.HAL_NVIC_SetPriorityGrouping)
    HAL_NVIC_SystemReset                     0x08000dc1   Thumb Code    60  stm32f4xx_hal_cortex.o(i.HAL_NVIC_SystemReset)
    HTTPServer_Init                          0x08000e05   Thumb Code   108  httpserver.o(i.HTTPServer_Init)
    HardFault_Handler                        0x08000ed9   Thumb Code     4  stm32f4xx_it.o(i.HardFault_Handler)
    IsDebuggerConnected                      0x08000edd   Thumb Code    10  coredebug.o(i.IsDebuggerConnected)
    Memory_Init                              0x08000eed   Thumb Code   410  memory.o(i.Memory_Init)
    NMI_Handler                              0x08001095   Thumb Code     4  stm32f4xx_it.o(i.NMI_Handler)
    PendSV_Handler                           0x08001099   Thumb Code     2  stm32f4xx_it.o(i.PendSV_Handler)
    SysTick_Handler                          0x0800109b   Thumb Code     8  stm32f4xx_it.o(i.SysTick_Handler)
    SystemClock_Config                       0x080010a5   Thumb Code   172  main.o(i.SystemClock_Config)
    __0printf$6                              0x08001159   Thumb Code    22  printf6.o(i.__0printf$6)
    __1printf$6                              0x08001159   Thumb Code     0  printf6.o(i.__0printf$6)
    __2printf                                0x08001159   Thumb Code     0  printf6.o(i.__0printf$6)
    __aeabi_errno_addr                       0x08001189   Thumb Code     4  errno.o(i.__aeabi_errno_addr)
    __rt_errno_addr                          0x08001189   Thumb Code     0  errno.o(i.__aeabi_errno_addr)
    __scatterload_copy                       0x08001191   Thumb Code    14  handlers.o(i.__scatterload_copy)
    __scatterload_null                       0x0800119f   Thumb Code     2  handlers.o(i.__scatterload_null)
    __scatterload_zeroinit                   0x080011a1   Thumb Code    14  handlers.o(i.__scatterload_zeroinit)
    eraseSector                              0x08001311   Thumb Code   142  memory.o(i.eraseSector)
    etharp_cleanup_netif                     0x080013c9   Thumb Code    50  etharp.o(i.etharp_cleanup_netif)
    etharp_input                             0x08001441   Thumb Code   202  etharp.o(i.etharp_input)
    etharp_output                            0x0800157d   Thumb Code   396  etharp.o(i.etharp_output)
    etharp_request                           0x080017a1   Thumb Code    18  etharp.o(i.etharp_request)
    etharp_tmr                               0x080017e5   Thumb Code   214  etharp.o(i.etharp_tmr)
    ethernet_output                          0x08001a1d   Thumb Code   112  ethernet.o(i.ethernet_output)
    ethernetif_input                         0x08001b21   Thumb Code    40  ethernetif.o(i.ethernetif_input)
    ethernetif_notify_conn_changed           0x08001b49   Thumb Code     2  ethernetif.o(i.ethernetif_notify_conn_changed)
    ethernetif_update_config                 0x08001b4d   Thumb Code   206  ethernetif.o(i.ethernetif_update_config)
    free                                     0x08001c21   Thumb Code    76  malloc.o(i.free)
    fs_open                                  0x08001c71   Thumb Code    68  filesystem.o(i.fs_open)
    icmp_time_exceeded                       0x08001dd5   Thumb Code    18  icmp.o(i.icmp_time_exceeded)
    ip4_output_if_src                        0x08001de9   Thumb Code   250  ip4.o(i.ip4_output_if_src)
    ip_reass_tmr                             0x08002131   Thumb Code    48  ip4_frag.o(i.ip_reass_tmr)
    isSectorErased                           0x0800222d   Thumb Code   474  memory.o(i.isSectorErased)
    lwip_htonl                               0x08002521   Thumb Code    26  def.o(i.lwip_htonl)
    mem_init                                 0x0800253d   Thumb Code    76  mem.o(i.mem_init)
    memoryWriteMagicFlag                     0x08002599   Thumb Code   138  memory.o(i.memoryWriteMagicFlag)
    memoryWriteNetworkParameters             0x0800262d   Thumb Code   174  memory.o(i.memoryWriteNetworkParameters)
    memp_init_pool                           0x080026e5   Thumb Code    44  memp.o(i.memp_init_pool)
    memp_malloc                              0x08002711   Thumb Code    50  memp.o(i.memp_malloc)
    netif_add                                0x080027c1   Thumb Code   318  netif.o(i.netif_add)
    netif_init                               0x08002a2f   Thumb Code     2  netif.o(i.netif_init)
    netif_set_default                        0x08002a31   Thumb Code     6  netif.o(i.netif_set_default)
    netif_set_down                           0x08002a3d   Thumb Code    78  netif.o(i.netif_set_down)
    pbuf_add_header                          0x08002b09   Thumb Code    18  pbuf.o(i.pbuf_add_header)
    pbuf_clen                                0x08002c05   Thumb Code    18  pbuf.o(i.pbuf_clen)
    pbuf_copy_partial                        0x08002c19   Thumb Code   164  pbuf.o(i.pbuf_copy_partial)
    pbuf_free                                0x08002d59   Thumb Code   230  pbuf.o(i.pbuf_free)
    pbuf_realloc                             0x08002f35   Thumb Code   194  pbuf.o(i.pbuf_realloc)
    pbuf_ref                                 0x0800309d   Thumb Code    48  pbuf.o(i.pbuf_ref)
    sys_check_timeouts                       0x08003485   Thumb Code    88  timeouts.o(i.sys_check_timeouts)
    sys_now                                  0x080034e9   Thumb Code     8  ethernetif.o(i.sys_now)
    sys_timeouts_init                        0x08003631   Thumb Code    30  timeouts.o(i.sys_timeouts_init)
    tcp_abandon                              0x08003659   Thumb Code   284  tcp.o(i.tcp_abandon)
    tcp_accept                               0x0800382d   Thumb Code    16  tcp.o(i.tcp_accept)
    tcp_alloc                                0x080038e5   Thumb Code   174  tcp.o(i.tcp_alloc)
    tcp_arg                                  0x080039a5   Thumb Code     6  tcp.o(i.tcp_arg)
    tcp_close                                0x080039ad   Thumb Code    64  tcp.o(i.tcp_close)
    tcp_free                                 0x08003c69   Thumb Code    40  tcp.o(i.tcp_free)
    tcp_free_ooseq                           0x08003d99   Thumb Code    20  tcp.o(i.tcp_free_ooseq)
    tcp_keepalive                            0x08003ec9   Thumb Code    98  tcp_out.o(i.tcp_keepalive)
    tcp_listen_with_backlog                  0x0800426d   Thumb Code    18  tcp.o(i.tcp_listen_with_backlog)
    tcp_listen_with_backlog_and_err          0x08004281   Thumb Code   246  tcp.o(i.tcp_listen_with_backlog_and_err)
    tcp_netif_ip_addr_changed                0x08004445   Thumb Code    64  tcp.o(i.tcp_netif_ip_addr_changed)
    tcp_process_refused_data                 0x08004969   Thumb Code   180  tcp.o(i.tcp_process_refused_data)
    tcp_recv                                 0x08004a9d   Thumb Code    44  tcp.o(i.tcp_recv)
    tcp_recved                               0x08004b49   Thumb Code   130  tcp.o(i.tcp_recved)
    tcp_rexmit_rto_prepare                   0x08004c65   Thumb Code   150  tcp_out.o(i.tcp_rexmit_rto_prepare)
    tcp_rst                                  0x08004d9d   Thumb Code   146  tcp_out.o(i.tcp_rst)
    tcp_seg_copy                             0x08004ec5   Thumb Code    62  tcp.o(i.tcp_seg_copy)
    tcp_segs_free                            0x08004f79   Thumb Code    24  tcp.o(i.tcp_segs_free)
    tcp_send_fin                             0x08004f91   Thumb Code   104  tcp_out.o(i.tcp_send_fin)
    tcp_timer_needed                         0x08005071   Thumb Code    38  timeouts.o(i.tcp_timer_needed)
    tcp_tmr                                  0x080051ed   Thumb Code    30  tcp.o(i.tcp_tmr)
    tcp_zero_window_probe                    0x08005211   Thumb Code   238  tcp_out.o(i.tcp_zero_window_probe)
    twoCharToUint8                           0x08005381   Thumb Code    88  httpserver.o(i.twoCharToUint8)
    udp_netif_ip_addr_changed                0x080053d9   Thumb Code    42  udp.o(i.udp_netif_ip_addr_changed)
    unlockAndEraseFirstPage                  0x08005409   Thumb Code    36  memory.o(i.unlockAndEraseFirstPage)
    updDataProcess                           0x0800542d   Thumb Code    20  httpserver.o(i.updDataProcess)
    writeCRCToFirstPageCopyFirstToSecondPageAndLock 0x08005441   Thumb Code   112  memory.o(i.writeCRCToFirstPageCopyFirstToSecondPageAndLock)
    ethbroadcast                             0x0800554f   Data           6  ethernet.o(.constdata)
    ethzero                                  0x08005555   Data           6  ethernet.o(.constdata)
    memp_UDP_PCB                             0x0800555c   Data          12  memp.o(.constdata)
    memp_TCP_PCB                             0x08005568   Data          12  memp.o(.constdata)
    memp_TCP_PCB_LISTEN                      0x08005574   Data          12  memp.o(.constdata)
    memp_TCP_SEG                             0x08005580   Data          12  memp.o(.constdata)
    memp_REASSDATA                           0x0800558c   Data          12  memp.o(.constdata)
    memp_FRAG_PBUF                           0x08005598   Data          12  memp.o(.constdata)
    memp_SYS_TIMEOUT                         0x080055a4   Data          12  memp.o(.constdata)
    memp_PBUF                                0x080055b0   Data          12  memp.o(.constdata)
    memp_PBUF_POOL                           0x080055bc   Data          12  memp.o(.constdata)
    memp_pools                               0x080055c8   Data          36  memp.o(.constdata)
    tcp_pcb_lists                            0x0800562c   Data          16  tcp.o(.constdata)
    lwip_cyclic_timers                       0x0800563c   Data          24  timeouts.o(.constdata)
    lwip_num_cyclic_timers                   0x08005654   Data           4  timeouts.o(.constdata)
    ip_addr_any                              0x08005658   Data           4  ip4_addr.o(.constdata)
    ip_addr_broadcast                        0x0800565c   Data           4  ip4_addr.o(.constdata)
    Region$$Table$$Base                      0x0800588c   Number         0  anon$$obj.o(Region$$Table)
    Region$$Table$$Limit                     0x080058ac   Number         0  anon$$obj.o(Region$$Table)
    __aeabi_uldivmod                         0x08010001   Thumb Code    98  uldiv.o(.text)
    __rt_ctype_table                         0x08010065   Thumb Code     4  ctype_o.o(.text)
    rand                                     0x0801006d   Thumb Code    20  rand.o(.text)
    srand                                    0x08010081   Thumb Code     6  rand.o(.text)
    __aeabi_uidiv                            0x08010091   Thumb Code     0  uidiv.o(.text)
    __aeabi_uidivmod                         0x08010091   Thumb Code    44  uidiv.o(.text)
    __aeabi_llsl                             0x080100bd   Thumb Code    30  llshl.o(.text)
    _ll_shift_l                              0x080100bd   Thumb Code     0  llshl.o(.text)
    __aeabi_llsr                             0x080100db   Thumb Code    32  llushr.o(.text)
    _ll_ushift_r                             0x080100db   Thumb Code     0  llushr.o(.text)
    _chval                                   0x080100fb   Thumb Code    28  _chval.o(.text)
    BusFault_Handler                         0x08010117   Thumb Code     4  stm32f4xx_it.o(i.BusFault_Handler)
    DebugMon_Handler                         0x0801011b   Thumb Code     2  stm32f4xx_it.o(i.DebugMon_Handler)
    Error_Handler                            0x080101f5   Thumb Code     6  main.o(i.Error_Handler)
    FLASH_WaitForLastOperation               0x0801038d   Thumb Code    90  stm32f4xx_hal_flash.o(i.FLASH_WaitForLastOperation)
    HAL_ETH_ConfigMAC                        0x080103f1   Thumb Code   314  stm32f4xx_hal_eth.o(i.HAL_ETH_ConfigMAC)
    HAL_ETH_DMARxDescListInit                0x08010531   Thumb Code   140  stm32f4xx_hal_eth.o(i.HAL_ETH_DMARxDescListInit)
    HAL_ETH_Init                             0x080105bd   Thumb Code   642  stm32f4xx_hal_eth.o(i.HAL_ETH_Init)
    HAL_ETH_Start                            0x0801085d   Thumb Code    82  stm32f4xx_hal_eth.o(i.HAL_ETH_Start)
    HAL_ETH_TransmitFrame                    0x080108af   Thumb Code   318  stm32f4xx_hal_eth.o(i.HAL_ETH_TransmitFrame)
    HAL_ETH_WritePHYRegister                 0x080109ed   Thumb Code   144  stm32f4xx_hal_eth.o(i.HAL_ETH_WritePHYRegister)
    HAL_FLASH_Lock                           0x08010a7d   Thumb Code    16  stm32f4xx_hal_flash.o(i.HAL_FLASH_Lock)
    HAL_GPIO_Init                            0x08010a91   Thumb Code   472  stm32f4xx_hal_gpio.o(i.HAL_GPIO_Init)
    HAL_GPIO_ReadPin                         0x08010c9d   Thumb Code    16  stm32f4xx_hal_gpio.o(i.HAL_GPIO_ReadPin)
    HAL_GetTick                              0x08010cad   Thumb Code     6  stm32f4xx_hal.o(i.HAL_GetTick)
    HAL_IncTick                              0x08010cb9   Thumb Code    16  stm32f4xx_hal.o(i.HAL_IncTick)
    HAL_InitTick                             0x08010cd1   Thumb Code    64  stm32f4xx_hal.o(i.HAL_InitTick)
    HAL_MspDeInit                            0x08010d1d   Thumb Code     2  stm32f4xx_hal.o(i.HAL_MspDeInit)
    HAL_MspInit                              0x08010d21   Thumb Code    68  stm32f4xx_hal_msp.o(i.HAL_MspInit)
    HAL_NVIC_SetPriority                     0x08010d69   Thumb Code   124  stm32f4xx_hal_cortex.o(i.HAL_NVIC_SetPriority)
    HAL_RCC_ClockConfig                      0x08010de5   Thumb Code   368  stm32f4xx_hal_rcc.o(i.HAL_RCC_ClockConfig)
    HAL_RCC_GetHCLKFreq                      0x08010f69   Thumb Code     6  stm32f4xx_hal_rcc.o(i.HAL_RCC_GetHCLKFreq)
    HAL_RCC_GetSysClockFreq                  0x08010f75   Thumb Code   162  stm32f4xx_hal_rcc.o(i.HAL_RCC_GetSysClockFreq)
    HAL_RCC_OscConfig                        0x08011025   Thumb Code  1172  stm32f4xx_hal_rcc.o(i.HAL_RCC_OscConfig)
    HAL_SYSTICK_Config                       0x080114c1   Thumb Code    52  stm32f4xx_hal_cortex.o(i.HAL_SYSTICK_Config)
    HTTPServerAccept                         0x080114f5   Thumb Code   238  httpserver.o(i.HTTPServerAccept)
    MX_LWIP_Init                             0x08011839   Thumb Code   638  lwip.o(i.MX_LWIP_Init)
    MX_LWIP_Process                          0x08011ae5   Thumb Code    14  lwip.o(i.MX_LWIP_Process)
    MemManage_Handler                        0x08011af9   Thumb Code     4  stm32f4xx_it.o(i.MemManage_Handler)
    SVC_Handler                              0x08011afd   Thumb Code     2  stm32f4xx_it.o(i.SVC_Handler)
    SystemInit                               0x08011b01   Thumb Code    14  system_stm32f4xx.o(i.SystemInit)
    UsageFault_Handler                       0x08011b15   Thumb Code     4  stm32f4xx_it.o(i.UsageFault_Handler)
    __0sprintf$6                             0x08011b19   Thumb Code    34  printf6.o(i.__0sprintf$6)
    __1sprintf$6                             0x08011b19   Thumb Code     0  printf6.o(i.__0sprintf$6)
    __2sprintf                               0x08011b19   Thumb Code     0  printf6.o(i.__0sprintf$6)
    calculateMainAppCRC                      0x08011eb5   Thumb Code    14  memory.o(i.calculateMainAppCRC)
    connectionErr                            0x08011ec9   Thumb Code    90  httpserver.o(i.connectionErr)
    connectionPoll                           0x08011f59   Thumb Code   112  httpserver.o(i.connectionPoll)
    connectionRecv                           0x08011fed   Thumb Code   210  httpserver.o(i.connectionRecv)
    etharp_query                             0x080125c5   Thumb Code   474  etharp.o(i.etharp_query)
    ethernet_input                           0x080129f5   Thumb Code   190  ethernet.o(i.ethernet_input)
    ethernetif_init                          0x08012ab9   Thumb Code    58  ethernetif.o(i.ethernetif_init)
    fputc                                    0x08012b51   Thumb Code    30  main.o(i.fputc)
    hexFileParse                             0x08012b75   Thumb Code   396  httpserver.o(i.hexFileParse)
    icmp_dest_unreach                        0x08012d71   Thumb Code    18  icmp.o(i.icmp_dest_unreach)
    icmp_input                               0x08012d85   Thumb Code   414  icmp.o(i.icmp_input)
    ip4_addr_isbroadcast_u32                 0x08012ff5   Thumb Code    78  ip4_addr.o(i.ip4_addr_isbroadcast_u32)
    ip4_frag                                 0x08013045   Thumb Code   536  ip4_frag.o(i.ip4_frag)
    ip4_input                                0x08013311   Thumb Code   402  ip4.o(i.ip4_input)
    ip4_output_if                            0x080134e1   Thumb Code    54  ip4.o(i.ip4_output_if)
    ip4_reass                                0x08013519   Thumb Code   584  ip4_frag.o(i.ip4_reass)
    ip4_route                                0x08013815   Thumb Code   140  ip4.o(i.ip4_route)
    lwip_htons                               0x080140ad   Thumb Code    12  def.o(i.lwip_htons)
    lwip_init                                0x080140b9   Thumb Code    64  init.o(i.lwip_init)
    main                                     0x08014155   Thumb Code   470  main.o(i.main)
    malloc                                   0x08014369   Thumb Code    92  malloc.o(i.malloc)
    mem_free                                 0x080143d5   Thumb Code   194  mem.o(i.mem_free)
    mem_malloc                               0x080145f1   Thumb Code   402  mem.o(i.mem_malloc)
    mem_trim                                 0x080148a9   Thumb Code   388  mem.o(i.mem_trim)
    memp_free                                0x08014add   Thumb Code    54  memp.o(i.memp_free)
    memp_init                                0x08014b8d   Thumb Code    26  memp.o(i.memp_init)
    netif_get_by_index                       0x08014cb5   Thumb Code    36  netif.o(i.netif_get_by_index)
    netif_set_addr                           0x08014dbd   Thumb Code    92  netif.o(i.netif_set_addr)
    netif_set_link_callback                  0x08014e1d   Thumb Code     6  netif.o(i.netif_set_link_callback)
    netif_set_up                             0x08014e25   Thumb Code    70  netif.o(i.netif_set_up)
    pbuf_alloc                               0x08014ee5   Thumb Code   410  pbuf.o(i.pbuf_alloc)
    pbuf_alloc_reference                     0x08015185   Thumb Code    78  pbuf.o(i.pbuf_alloc_reference)
    pbuf_alloced_custom                      0x08015241   Thumb Code    82  pbuf.o(i.pbuf_alloced_custom)
    pbuf_cat                                 0x08015295   Thumb Code   126  pbuf.o(i.pbuf_cat)
    pbuf_clone                               0x080153e5   Thumb Code    68  pbuf.o(i.pbuf_clone)
    pbuf_copy                                0x08015495   Thumb Code   304  pbuf.o(i.pbuf_copy)
    pbuf_free_ooseq                          0x080156bd   Thumb Code    40  pbuf.o(i.pbuf_free_ooseq)
    pbuf_header_force                        0x080156ed   Thumb Code    18  pbuf.o(i.pbuf_header_force)
    pbuf_remove_header                       0x08015711   Thumb Code   110  pbuf.o(i.pbuf_remove_header)
    runMainApp                               0x08015805   Thumb Code    28  main.o(i.runMainApp)
    sys_timeout                              0x08015825   Thumb Code    58  timeouts.o(i.sys_timeout)
    tcpDataProcess                           0x080158f5   Thumb Code   904  httpserver.o(i.tcpDataProcess)
    tcp_abort                                0x08015e69   Thumb Code    14  tcp.o(i.tcp_abort)
    tcp_bind                                 0x08015e79   Thumb Code   204  tcp.o(i.tcp_bind)
    tcp_eff_send_mss_netif                   0x080162a5   Thumb Code    82  tcp.o(i.tcp_eff_send_mss_netif)
    tcp_enqueue_flags                        0x08016379   Thumb Code   408  tcp_out.o(i.tcp_enqueue_flags)
    tcp_err                                  0x08016639   Thumb Code    44  tcp.o(i.tcp_err)
    tcp_fasttmr                              0x080166e5   Thumb Code   142  tcp.o(i.tcp_fasttmr)
    tcp_init                                 0x08016925   Thumb Code    20  tcp.o(i.tcp_init)
    tcp_input                                0x0801693d   Thumb Code  1994  tcp_in.o(i.tcp_input)
    tcp_new                                  0x080172c9   Thumb Code    10  tcp.o(i.tcp_new)
    tcp_next_iss                             0x080172d5   Thumb Code    50  tcp.o(i.tcp_next_iss)
    tcp_output                               0x08017385   Thumb Code   684  tcp_out.o(i.tcp_output)
    tcp_pcb_purge                            0x08017e3d   Thumb Code   104  tcp.o(i.tcp_pcb_purge)
    tcp_pcb_remove                           0x08017f19   Thumb Code   246  tcp.o(i.tcp_pcb_remove)
    tcp_poll                                 0x080180f1   Thumb Code    74  tcp.o(i.tcp_poll)
    tcp_recv_null                            0x0801958d   Thumb Code    78  tcp.o(i.tcp_recv_null)
    tcp_rexmit                               0x08019705   Thumb Code   142  tcp_out.o(i.tcp_rexmit)
    tcp_rexmit_fast                          0x08019809   Thumb Code   142  tcp_out.o(i.tcp_rexmit_fast)
    tcp_rexmit_rto                           0x08019915   Thumb Code    46  tcp_out.o(i.tcp_rexmit_rto)
    tcp_rexmit_rto_commit                    0x080199bd   Thumb Code    56  tcp_out.o(i.tcp_rexmit_rto_commit)
    tcp_seg_free                             0x08019a75   Thumb Code    26  tcp.o(i.tcp_seg_free)
    tcp_send_empty_ack                       0x08019a91   Thumb Code   194  tcp_out.o(i.tcp_send_empty_ack)
    tcp_sent                                 0x08019bd1   Thumb Code    44  tcp.o(i.tcp_sent)
    tcp_slowtmr                              0x08019c7d   Thumb Code  1702  tcp.o(i.tcp_slowtmr)
    tcp_split_unsent_seg                     0x0801a3b1   Thumb Code   510  tcp_out.o(i.tcp_split_unsent_seg)
    tcp_trigger_input_pcb_close              0x0801a681   Thumb Code    14  tcp_in.o(i.tcp_trigger_input_pcb_close)
    tcp_update_rcv_ann_wnd                   0x0801a695   Thumb Code   128  tcp.o(i.tcp_update_rcv_ann_wnd)
    tcp_write                                0x0801a7ad   Thumb Code  1918  tcp_out.o(i.tcp_write)
    udp_init                                 0x0801b1bd   Thumb Code    20  udp.o(i.udp_init)
    udp_input                                0x0801b1d5   Thumb Code   412  udp.o(i.udp_input)
    file_favicon_ico                         0x0801ba04   Data          20  filesystem.o(.constdata)
    file_style_css                           0x0801c900   Data          20  filesystem.o(.constdata)
    file_Update_html                         0x0801d6c4   Data          20  filesystem.o(.constdata)
    AHBPrescTable                            0x0801d6d8   Data          16  system_stm32f4xx.o(.constdata)
    APBPrescTable                            0x0801d6e8   Data           8  system_stm32f4xx.o(.constdata)
    __ctype_table                            0x0801d6f0   Data         129  ctype_o.o(.constdata)
    __stdout                                 0x20000000   Data           4  main.o(.data)
    __stdin                                  0x20000004   Data           4  main.o(.data)
    memory                                   0x20000008   Data           4  main.o(.data)
    mainAppCRC                               0x2000000c   Data           2  main.o(.data)
    ipaddr                                   0x20000018   Data           4  lwip.o(.data)
    netmask                                  0x2000001c   Data           4  lwip.o(.data)
    gw                                       0x20000020   Data           4  lwip.o(.data)
    IP_ADDRESS                               0x20000024   Data           4  lwip.o(.data)
    NETMASK_ADDRESS                          0x20000028   Data           4  lwip.o(.data)
    GATEWAY_ADDRESS                          0x2000002c   Data           4  lwip.o(.data)
    uwTick                                   0x20000040   Data           4  stm32f4xx_hal.o(.data)
    uwTickPrio                               0x20000044   Data           4  stm32f4xx_hal.o(.data)
    uwTickFreq                               0x20000048   Data           1  stm32f4xx_hal.o(.data)
    SystemCoreClock                          0x2000004c   Data           4  system_stm32f4xx.o(.data)
    netif_list                               0x20000080   Data           4  netif.o(.data)
    netif_default                            0x20000084   Data           4  netif.o(.data)
    pbuf_free_ooseq_pending                  0x20000089   Data           1  pbuf.o(.data)
    tcp_ticks                                0x20000090   Data           4  tcp.o(.data)
    tcp_bound_pcbs                           0x20000094   Data           4  tcp.o(.data)
    tcp_listen_pcbs                          0x20000098   Data           4  tcp.o(.data)
    tcp_active_pcbs                          0x2000009c   Data           4  tcp.o(.data)
    tcp_tw_pcbs                              0x200000a0   Data           4  tcp.o(.data)
    tcp_active_pcbs_changed                  0x200000a4   Data           1  tcp.o(.data)
    tcp_input_pcb                            0x200000d0   Data           4  tcp_in.o(.data)
    udp_pcbs                                 0x200000e4   Data           4  udp.o(.data)
    __microlib_freelist                      0x200000f8   Data           4  mvars.o(.data)
    __microlib_freelist_initialised          0x200000fc   Data           4  mvars.o(.data)
    httpServer                               0x20000104   Data          24  main.o(.bss)
    DMARxDscrTab                             0x2000011c   Data         128  ethernetif.o(.bss)
    DMATxDscrTab                             0x2000019c   Data         128  ethernetif.o(.bss)
    Rx_Buff                                  0x2000021c   Data        6096  ethernetif.o(.bss)
    Tx_Buff                                  0x200019ec   Data        6096  ethernetif.o(.bss)
    heth                                     0x200031bc   Data          72  ethernetif.o(.bss)
    gnetif                                   0x20003204   Data          52  lwip.o(.bss)
    pFlash                                   0x20003268   Data          32  stm32f4xx_hal_flash.o(.bss)
    ip_data                                  0x20003288   Data          24  ip.o(.bss)
    ram_heap                                 0x200032a0   Data        1619  mem.o(.bss)
    memp_memory_UDP_PCB_base                 0x200038f3   Data         131  memp.o(.bss)
    memp_memory_TCP_PCB_base                 0x20003976   Data         783  memp.o(.bss)
    memp_memory_TCP_PCB_LISTEN_base          0x20003c85   Data         227  memp.o(.bss)
    memp_memory_TCP_SEG_base                 0x20003d68   Data         259  memp.o(.bss)
    memp_memory_REASSDATA_base               0x20003e6b   Data         163  memp.o(.bss)
    memp_memory_FRAG_PBUF_base               0x20003f0e   Data         363  memp.o(.bss)
    memp_memory_SYS_TIMEOUT_base             0x20004079   Data          51  memp.o(.bss)
    memp_memory_PBUF_base                    0x200040ac   Data         259  memp.o(.bss)
    memp_memory_PBUF_POOL_base               0x200041af   Data        9731  memp.o(.bss)
    __heap_base                              0x200068b8   Data           0  startup_stm32f429xx.o(HEAP)
    __heap_limit                             0x200088b8   Data           0  startup_stm32f429xx.o(HEAP)
    __initial_sp                             0x2000a8b8   Data           0  startup_stm32f429xx.o(STACK)



==============================================================================

Memory Map of the image

  Image Entry point : 0x080001ad

  Load Region LR_IROM1 (Base: 0x08000000, Size: 0x000059b0, Max: 0x00008000, ABSOLUTE)

    Execution Region ER_IROM1 (Exec base: 0x08000000, Load base: 0x08000000, Size: 0x000058ac, Max: 0x00008000, ABSOLUTE)

    Exec Addr    Load Addr    Size         Type   Attr      Idx    E Section Name        Object

    0x08000000   0x08000000   0x000001ac   Data   RO            3    RESET               startup_stm32f429xx.o
    0x080001ac   0x080001ac   0x00000000   Code   RO         5982  * .ARM.Collect$$$$00000000  mc_w.l(entry.o)
    0x080001ac   0x080001ac   0x00000004   Code   RO         6329    .ARM.Collect$$$$00000001  mc_w.l(entry2.o)
    0x080001b0   0x080001b0   0x00000004   Code   RO         6332    .ARM.Collect$$$$00000004  mc_w.l(entry5.o)
    0x080001b4   0x080001b4   0x00000000   Code   RO         6334    .ARM.Collect$$$$00000008  mc_w.l(entry7b.o)
    0x080001b4   0x080001b4   0x00000000   Code   RO         6336    .ARM.Collect$$$$0000000A  mc_w.l(entry8b.o)
    0x080001b4   0x080001b4   0x00000008   Code   RO         6337    .ARM.Collect$$$$0000000B  mc_w.l(entry9a.o)
    0x080001bc   0x080001bc   0x00000004   Code   RO         6344    .ARM.Collect$$$$0000000E  mc_w.l(entry12b.o)
    0x080001c0   0x080001c0   0x00000000   Code   RO         6339    .ARM.Collect$$$$0000000F  mc_w.l(entry10a.o)
    0x080001c0   0x080001c0   0x00000000   Code   RO         6341    .ARM.Collect$$$$00000011  mc_w.l(entry11a.o)
    0x080001c0   0x080001c0   0x00000004   Code   RO         6330    .ARM.Collect$$$$00002712  mc_w.l(entry2.o)
    0x080001c4   0x080001c4   0x00000024   Code   RO            4    .text               startup_stm32f429xx.o
    0x080001e8   0x080001e8   0x00000040   Code   RO         6020    .text               mc_w.l(memmovea.o)
    0x08000228   0x08000228   0x00000024   Code   RO         6022    .text               mc_w.l(memseta.o)
    0x0800024c   0x0800024c   0x0000000e   Code   RO         6024    .text               mc_w.l(strlen.o)
    0x0800025a   0x0800025a   0x0000001a   Code   RO         6026    .text               mc_w.l(memcmp.o)
    0x08000274   0x08000274   0x00000070   Code   RO         6323    .text               mc_w.l(strtol.o)
    0x080002e4   0x080002e4   0x0000009e   Code   RO         6360    .text               mc_w.l(_strtoul.o)
    0x08000382   0x08000382   0x00000002   PAD
    0x08000384   0x08000384   0x00000024   Code   RO         6373    .text               mc_w.l(init.o)
    0x080003a8   0x080003a8   0x00000016   Code   RO          917    i.ETH_DMAReceptionEnable  stm32f4xx_hal_eth.o
    0x080003be   0x080003be   0x00000016   Code   RO          919    i.ETH_DMATransmissionEnable  stm32f4xx_hal_eth.o
    0x080003d4   0x080003d4   0x00000038   Code   RO          921    i.ETH_FlushTransmitFIFO  stm32f4xx_hal_eth.o
    0x0800040c   0x0800040c   0x00000244   Code   RO          923    i.ETH_MACDMAConfig  stm32f4xx_hal_eth.o
    0x08000650   0x08000650   0x00000028   Code   RO          924    i.ETH_MACReceptionDisable  stm32f4xx_hal_eth.o
    0x08000678   0x08000678   0x00000028   Code   RO          926    i.ETH_MACTransmissionDisable  stm32f4xx_hal_eth.o
    0x080006a0   0x080006a0   0x00000060   Code   RO         1400    i.FLASH_Erase_Sector  stm32f4xx_hal_flash_ex.o
    0x08000700   0x08000700   0x00000078   Code   RO         1401    i.FLASH_FlushCaches  stm32f4xx_hal_flash_ex.o
    0x08000778   0x08000778   0x00000028   Code   RO         1284    i.FLASH_Program_HalfWord  stm32f4xx_hal_flash.o
    0x080007a0   0x080007a0   0x00000014   Code   RO          590    i.GetTimeSpan       timespan.o
    0x080007b4   0x080007b4   0x00000044   Code   RO         2119    i.HAL_DeInit        stm32f4xx_hal.o
    0x080007f8   0x080007f8   0x00000028   Code   RO         2120    i.HAL_Delay         stm32f4xx_hal.o
    0x08000820   0x08000820   0x00000084   Code   RO          931    i.HAL_ETH_DMATxDescListInit  stm32f4xx_hal_eth.o
    0x080008a4   0x080008a4   0x000000b2   Code   RO          934    i.HAL_ETH_GetReceivedFrame  stm32f4xx_hal_eth.o
    0x08000956   0x08000956   0x00000002   PAD
    0x08000958   0x08000958   0x00000184   Code   RO          418    i.HAL_ETH_MspInit   ethernetif.o
    0x08000adc   0x08000adc   0x00000092   Code   RO          941    i.HAL_ETH_ReadPHYRegister  stm32f4xx_hal_eth.o
    0x08000b6e   0x08000b6e   0x00000052   Code   RO          944    i.HAL_ETH_Stop      stm32f4xx_hal_eth.o
    0x08000bc0   0x08000bc0   0x000000b0   Code   RO         1417    i.HAL_FLASHEx_Erase  stm32f4xx_hal_flash_ex.o
    0x08000c70   0x08000c70   0x00000098   Code   RO         1296    i.HAL_FLASH_Program  stm32f4xx_hal_flash.o
    0x08000d08   0x08000d08   0x00000034   Code   RO         1298    i.HAL_FLASH_Unlock  stm32f4xx_hal_flash.o
    0x08000d3c   0x08000d3c   0x00000014   Code   RO         1574    i.HAL_GPIO_TogglePin  stm32f4xx_hal_gpio.o
    0x08000d50   0x08000d50   0x0000000c   Code   RO         1575    i.HAL_GPIO_WritePin  stm32f4xx_hal_gpio.o
    0x08000d5c   0x08000d5c   0x0000003c   Code   RO         2135    i.HAL_Init          stm32f4xx_hal.o
    0x08000d98   0x08000d98   0x00000028   Code   RO         1985    i.HAL_NVIC_SetPriorityGrouping  stm32f4xx_hal_cortex.o
    0x08000dc0   0x08000dc0   0x00000044   Code   RO         1986    i.HAL_NVIC_SystemReset  stm32f4xx_hal_cortex.o
    0x08000e04   0x08000e04   0x000000d4   Code   RO          718    i.HTTPServer_Init   httpserver.o
    0x08000ed8   0x08000ed8   0x00000004   Code   RO          317    i.HardFault_Handler  stm32f4xx_it.o
    0x08000edc   0x08000edc   0x00000010   Code   RO          693    i.IsDebuggerConnected  coredebug.o
    0x08000eec   0x08000eec   0x000001a8   Code   RO          615    i.Memory_Init       memory.o
    0x08001094   0x08001094   0x00000004   Code   RO          319    i.NMI_Handler       stm32f4xx_it.o
    0x08001098   0x08001098   0x00000002   Code   RO          320    i.PendSV_Handler    stm32f4xx_it.o
    0x0800109a   0x0800109a   0x00000008   Code   RO          322    i.SysTick_Handler   stm32f4xx_it.o
    0x080010a2   0x080010a2   0x00000002   PAD
    0x080010a4   0x080010a4   0x000000b4   Code   RO           15    i.SystemClock_Config  main.o
    0x08001158   0x08001158   0x00000020   Code   RO         6189    i.__0printf$6       mc_w.l(printf6.o)
    0x08001178   0x08001178   0x00000010   Code   RO         1991    i.__NVIC_GetPriorityGrouping  stm32f4xx_hal_cortex.o
    0x08001188   0x08001188   0x00000008   Code   RO         6353    i.__aeabi_errno_addr  mc_w.l(errno.o)
    0x08001190   0x08001190   0x0000000e   Code   RO         6383    i.__scatterload_copy  mc_w.l(handlers.o)
    0x0800119e   0x0800119e   0x00000002   Code   RO         6384    i.__scatterload_null  mc_w.l(handlers.o)
    0x080011a0   0x080011a0   0x0000000e   Code   RO         6385    i.__scatterload_zeroinit  mc_w.l(handlers.o)
    0x080011ae   0x080011ae   0x00000002   PAD
    0x080011b0   0x080011b0   0x000000ac   Code   RO         3751    i.do_memp_free_pool  memp.o
    0x0800125c   0x0800125c   0x000000b4   Code   RO         3752    i.do_memp_malloc_pool  memp.o
    0x08001310   0x08001310   0x000000b8   Code   RO          617    i.eraseSector       memory.o
    0x080013c8   0x080013c8   0x00000038   Code   RO         5186    i.etharp_cleanup_netif  etharp.o
    0x08001400   0x08001400   0x00000040   Code   RO         5189    i.etharp_free_entry  etharp.o
    0x08001440   0x08001440   0x0000013c   Code   RO         5191    i.etharp_input      etharp.o
    0x0800157c   0x0800157c   0x00000224   Code   RO         5192    i.etharp_output     etharp.o
    0x080017a0   0x080017a0   0x00000018   Code   RO         5196    i.etharp_request    etharp.o
    0x080017b8   0x080017b8   0x0000002c   Code   RO         5197    i.etharp_request_dst  etharp.o
    0x080017e4   0x080017e4   0x000000dc   Code   RO         5198    i.etharp_tmr        etharp.o
    0x080018c0   0x080018c0   0x0000015c   Code   RO         5199    i.etharp_update_arp_entry  etharp.o
    0x08001a1c   0x08001a1c   0x00000104   Code   RO         3004    i.ethernet_output   ethernet.o
    0x08001b20   0x08001b20   0x00000028   Code   RO          420    i.ethernetif_input  ethernetif.o
    0x08001b48   0x08001b48   0x00000002   Code   RO          421    i.ethernetif_notify_conn_changed  ethernetif.o
    0x08001b4a   0x08001b4a   0x00000002   PAD
    0x08001b4c   0x08001b4c   0x000000d4   Code   RO          423    i.ethernetif_update_config  ethernetif.o
    0x08001c20   0x08001c20   0x00000050   Code   RO         6295    i.free              mc_w.l(malloc.o)
    0x08001c70   0x08001c70   0x00000048   Code   RO          877    i.fs_open           filesystem.o
    0x08001cb8   0x08001cb8   0x0000011c   Code   RO         5291    i.icmp_send_response  icmp.o
    0x08001dd4   0x08001dd4   0x00000012   Code   RO         5292    i.icmp_time_exceeded  icmp.o
    0x08001de6   0x08001de6   0x00000002   PAD
    0x08001de8   0x08001de8   0x0000019c   Code   RO         5359    i.ip4_output_if_src  ip4.o
    0x08001f84   0x08001f84   0x0000000a   Code   RO         5480    i.ip_frag_alloc_pbuf_custom_ref  ip4_frag.o
    0x08001f8e   0x08001f8e   0x00000002   PAD
    0x08001f90   0x08001f90   0x000000c4   Code   RO         5483    i.ip_reass_dequeue_datagram  ip4_frag.o
    0x08002054   0x08002054   0x00000054   Code   RO         5484    i.ip_reass_enqueue_new_datagram  ip4_frag.o
    0x080020a8   0x080020a8   0x00000088   Code   RO         5486    i.ip_reass_remove_oldest_datagram  ip4_frag.o
    0x08002130   0x08002130   0x00000034   Code   RO         5487    i.ip_reass_tmr      ip4_frag.o
    0x08002164   0x08002164   0x000000c8   Code   RO         5488    i.ipfrag_free_pbuf_custom  ip4_frag.o
    0x0800222c   0x0800222c   0x0000020c   Code   RO          618    i.isSectorErased    memory.o
    0x08002438   0x08002438   0x000000e8   Code   RO          426    i.low_level_output  ethernetif.o
    0x08002520   0x08002520   0x0000001a   Code   RO         3423    i.lwip_htonl        def.o
    0x0800253a   0x0800253a   0x00000002   PAD
    0x0800253c   0x0800253c   0x0000005c   Code   RO         3674    i.mem_init          mem.o
    0x08002598   0x08002598   0x00000094   Code   RO          619    i.memoryWriteMagicFlag  memory.o
    0x0800262c   0x0800262c   0x000000b8   Code   RO          620    i.memoryWriteNetworkParameters  memory.o
    0x080026e4   0x080026e4   0x0000002c   Code   RO         3756    i.memp_init_pool    memp.o
    0x08002710   0x08002710   0x000000b0   Code   RO         3757    i.memp_malloc       memp.o
    0x080027c0   0x080027c0   0x00000230   Code   RO         3860    i.netif_add         netif.o
    0x080029f0   0x080029f0   0x00000018   Code   RO         3862    i.netif_do_ip_addr_changed  netif.o
    0x08002a08   0x08002a08   0x00000026   Code   RO         3863    i.netif_do_set_gw   netif.o
    0x08002a2e   0x08002a2e   0x00000002   Code   RO         3869    i.netif_init        netif.o
    0x08002a30   0x08002a30   0x0000000c   Code   RO         3876    i.netif_set_default  netif.o
    0x08002a3c   0x08002a3c   0x000000cc   Code   RO         3877    i.netif_set_down    netif.o
    0x08002b08   0x08002b08   0x00000012   Code   RO         4049    i.pbuf_add_header   pbuf.o
    0x08002b1a   0x08002b1a   0x00000002   PAD
    0x08002b1c   0x08002b1c   0x000000e8   Code   RO         4051    i.pbuf_add_header_impl  pbuf.o
    0x08002c04   0x08002c04   0x00000012   Code   RO         4057    i.pbuf_clen         pbuf.o
    0x08002c16   0x08002c16   0x00000002   PAD
    0x08002c18   0x08002c18   0x00000140   Code   RO         4061    i.pbuf_copy_partial  pbuf.o
    0x08002d58   0x08002d58   0x0000019c   Code   RO         4063    i.pbuf_free         pbuf.o
    0x08002ef4   0x08002ef4   0x00000022   Code   RO         4070    i.pbuf_header_impl  pbuf.o
    0x08002f16   0x08002f16   0x0000001e   Code   RO         4071    i.pbuf_init_alloced_pbuf  pbuf.o
    0x08002f34   0x08002f34   0x00000168   Code   RO         4076    i.pbuf_realloc      pbuf.o
    0x0800309c   0x0800309c   0x0000009c   Code   RO         4077    i.pbuf_ref          pbuf.o
    0x08003138   0x08003138   0x000001d8   Code   RO         3679    i.plug_holes        mem.o
    0x08003310   0x08003310   0x00000164   Code   RO          724    i.printErrT         httpserver.o
    0x08003474   0x08003474   0x00000010   Code   RO         3680    i.ptr_to_mem        mem.o
    0x08003484   0x08003484   0x00000064   Code   RO         4933    i.sys_check_timeouts  timeouts.o
    0x080034e8   0x080034e8   0x00000008   Code   RO          428    i.sys_now           ethernetif.o
    0x080034f0   0x080034f0   0x00000140   Code   RO         4936    i.sys_timeout_abs   timeouts.o
    0x08003630   0x08003630   0x00000028   Code   RO         4937    i.sys_timeouts_init  timeouts.o
    0x08003658   0x08003658   0x000001d4   Code   RO         4353    i.tcp_abandon       tcp.o
    0x0800382c   0x0800382c   0x00000010   Code   RO         4355    i.tcp_accept        tcp.o
    0x0800383c   0x0800383c   0x000000a8   Code   RO         4356    i.tcp_accept_null   tcp.o
    0x080038e4   0x080038e4   0x000000c0   Code   RO         4357    i.tcp_alloc         tcp.o
    0x080039a4   0x080039a4   0x00000006   Code   RO         4358    i.tcp_arg           tcp.o
    0x080039aa   0x080039aa   0x00000002   PAD
    0x080039ac   0x080039ac   0x000000b0   Code   RO         4361    i.tcp_close         tcp.o
    0x08003a5c   0x08003a5c   0x0000020c   Code   RO         4362    i.tcp_close_shutdown  tcp.o
    0x08003c68   0x08003c68   0x00000094   Code   RO         4369    i.tcp_free          tcp.o
    0x08003cfc   0x08003cfc   0x0000009c   Code   RO         4370    i.tcp_free_listen   tcp.o
    0x08003d98   0x08003d98   0x00000014   Code   RO         4371    i.tcp_free_ooseq    tcp.o
    0x08003dac   0x08003dac   0x00000034   Code   RO         4372    i.tcp_handle_closepend  tcp.o
    0x08003de0   0x08003de0   0x000000e8   Code   RO         4686    i.tcp_input_delayed_close  tcp_in.o
    0x08003ec8   0x08003ec8   0x000000dc   Code   RO         4774    i.tcp_keepalive     tcp_out.o
    0x08003fa4   0x08003fa4   0x000000d4   Code   RO         4377    i.tcp_listen_closed  tcp.o
    0x08004078   0x08004078   0x000001f4   Code   RO         4687    i.tcp_listen_input  tcp_in.o
    0x0800426c   0x0800426c   0x00000012   Code   RO         4378    i.tcp_listen_with_backlog  tcp.o
    0x0800427e   0x0800427e   0x00000002   PAD
    0x08004280   0x08004280   0x000001c4   Code   RO         4379    i.tcp_listen_with_backlog_and_err  tcp.o
    0x08004444   0x08004444   0x0000004c   Code   RO         4380    i.tcp_netif_ip_addr_changed  tcp.o
    0x08004490   0x08004490   0x000000d0   Code   RO         4381    i.tcp_netif_ip_addr_changed_pcblist  tcp.o
    0x08004560   0x08004560   0x00000068   Code   RO         4384    i.tcp_new_port      tcp.o
    0x080045c8   0x080045c8   0x0000012c   Code   RO         4688    i.tcp_oos_insert_segment  tcp_in.o
    0x080046f4   0x080046f4   0x000000fc   Code   RO         4778    i.tcp_output_control_segment  tcp_out.o
    0x080047f0   0x080047f0   0x00000178   Code   RO         4782    i.tcp_pbuf_prealloc  tcp_out.o
    0x08004968   0x08004968   0x00000134   Code   RO         4389    i.tcp_process_refused_data  tcp.o
    0x08004a9c   0x08004a9c   0x000000ac   Code   RO         4390    i.tcp_recv          tcp.o
    0x08004b48   0x08004b48   0x0000011c   Code   RO         4392    i.tcp_recved        tcp.o
    0x08004c64   0x08004c64   0x00000118   Code   RO         4787    i.tcp_rexmit_rto_prepare  tcp_out.o
    0x08004d7c   0x08004d7c   0x0000001e   Code   RO         4788    i.tcp_route         tcp_out.o
    0x08004d9a   0x08004d9a   0x00000002   PAD
    0x08004d9c   0x08004d9c   0x00000128   Code   RO         4789    i.tcp_rst           tcp_out.o
    0x08004ec4   0x08004ec4   0x000000b4   Code   RO         4394    i.tcp_seg_copy      tcp.o
    0x08004f78   0x08004f78   0x00000018   Code   RO         4396    i.tcp_segs_free     tcp.o
    0x08004f90   0x08004f90   0x000000e0   Code   RO         4791    i.tcp_send_fin      tcp_out.o
    0x08005070   0x08005070   0x00000038   Code   RO         4940    i.tcp_timer_needed  timeouts.o
    0x080050a8   0x080050a8   0x00000144   Code   RO         4692    i.tcp_timewait_input  tcp_in.o
    0x080051ec   0x080051ec   0x00000024   Code   RO         4402    i.tcp_tmr           tcp.o
    0x08005210   0x08005210   0x00000170   Code   RO         4795    i.tcp_zero_window_probe  tcp_out.o
    0x08005380   0x08005380   0x00000058   Code   RO          726    i.twoCharToUint8    httpserver.o
    0x080053d8   0x080053d8   0x00000030   Code   RO         5027    i.udp_netif_ip_addr_changed  udp.o
    0x08005408   0x08005408   0x00000024   Code   RO          621    i.unlockAndEraseFirstPage  memory.o
    0x0800542c   0x0800542c   0x00000014   Code   RO          727    i.updDataProcess    httpserver.o
    0x08005440   0x08005440   0x00000078   Code   RO          622    i.writeCRCToFirstPageCopyFirstToSecondPageAndLock  memory.o
    0x080054b8   0x080054b8   0x00000097   Data   RO          729    .constdata          httpserver.o
    0x0800554f   0x0800554f   0x0000000c   Data   RO         3005    .constdata          ethernet.o
    0x0800555b   0x0800555b   0x00000001   PAD
    0x0800555c   0x0800555c   0x00000090   Data   RO         3760    .constdata          memp.o
    0x080055ec   0x080055ec   0x00000050   Data   RO         4405    .constdata          tcp.o
    0x0800563c   0x0800563c   0x0000001c   Data   RO         4942    .constdata          timeouts.o
    0x08005658   0x08005658   0x00000008   Data   RO         5417    .constdata          ip4_addr.o
    0x08005660   0x08005660   0x00000004   Data   RO         5989    .constdata          mc_w.l(ctype_o.o)
    0x08005664   0x08005664   0x000001cd   Data   RO          730    .conststring        httpserver.o
    0x08005831   0x08005831   0x00000003   PAD
    0x08005834   0x08005834   0x00000055   Data   RO         4796    .conststring        tcp_out.o
    0x08005889   0x08005889   0x00000003   PAD
    0x0800588c   0x0800588c   0x00000020   Data   RO         6381    Region$$Table       anon$$obj.o


    Execution Region RW_IRAM1 (Exec base: 0x20000000, Load base: 0x080058ac, Size: 0x0000a8b8, Max: 0x00030000, ABSOLUTE)

    Exec Addr    Load Addr    Size         Type   Attr      Idx    E Section Name        Object

    0x20000000   0x080058ac   0x00000018   Data   RW           21    .data               main.o
    0x20000018   0x080058c4   0x00000018   Data   RW          532    .data               lwip.o
    0x20000030   0x080058dc   0x00000004   Data   RW          625    .data               memory.o
    0x20000034   0x080058e0   0x0000000c   Data   RW          731    .data               httpserver.o
    0x20000040   0x080058ec   0x00000009   Data   RW         2142    .data               stm32f4xx_hal.o
    0x20000049   0x080058f5   0x00000003   PAD
    0x2000004c   0x080058f8   0x00000004   Data   RW         2422    .data               system_stm32f4xx.o
    0x20000050   0x080058fc   0x0000000c   Data   RW         3682    .data               mem.o
    0x2000005c   0x08005908   0x00000024   Data   RW         3761    .data               memp.o
    0x20000080   0x0800592c   0x00000009   Data   RW         3885    .data               netif.o
    0x20000089   0x08005935   0x00000001   Data   RW         4085    .data               pbuf.o
    0x2000008a   0x08005936   0x00000002   PAD
    0x2000008c   0x08005938   0x00000020   Data   RW         4407    .data               tcp.o
    0x200000ac   0x08005958   0x00000028   Data   RW         4695    .data               tcp_in.o
    0x200000d4   0x08005980   0x0000000c   Data   RW         4943    .data               timeouts.o
    0x200000e0   0x0800598c   0x00000008   Data   RW         5037    .data               udp.o
    0x200000e8   0x08005994   0x00000001   Data   RW         5202    .data               etharp.o
    0x200000e9   0x08005995   0x00000001   PAD
    0x200000ea   0x08005996   0x00000002   Data   RW         5361    .data               ip4.o
    0x200000ec   0x08005998   0x00000006   Data   RW         5489    .data               ip4_frag.o
    0x200000f2   0x0800599e   0x00000002   PAD
    0x200000f4   0x080059a0   0x00000004   Data   RW         6016    .data               mc_w.l(rand.o)
    0x200000f8   0x080059a4   0x00000004   Data   RW         6351    .data               mc_w.l(mvars.o)
    0x200000fc   0x080059a8   0x00000004   Data   RW         6352    .data               mc_w.l(mvars.o)
    0x20000100   0x080059ac   0x00000004   Data   RW         6356    .data               mc_w.l(errno.o)
    0x20000104        -       0x00000018   Zero   RW           19    .bss                main.o
    0x2000011c        -       0x000030e8   Zero   RW          429    .bss                ethernetif.o
    0x20003204        -       0x00000034   Zero   RW          531    .bss                lwip.o
    0x20003238        -       0x0000002d   Zero   RW          728    .bss                httpserver.o
    0x20003265   0x080059b0   0x00000003   PAD
    0x20003268        -       0x00000020   Zero   RW         1299    .bss                stm32f4xx_hal_flash.o
    0x20003288        -       0x00000018   Zero   RW         3641    .bss                ip.o
    0x200032a0        -       0x00000653   Zero   RW         3681    .bss                mem.o
    0x200038f3        -       0x00002ebf   Zero   RW         3759    .bss                memp.o
    0x200067b2   0x080059b0   0x00000002   PAD
    0x200067b4        -       0x00000010   Zero   RW         4694    .bss                tcp_in.o
    0x200067c4        -       0x000000f0   Zero   RW         5200    .bss                etharp.o
    0x200068b4   0x080059b0   0x00000004   PAD
    0x200068b8        -       0x00002000   Zero   RW            2    HEAP                startup_stm32f429xx.o
    0x200088b8        -       0x00002000   Zero   RW            1    STACK               startup_stm32f429xx.o



  Load Region LR_IROM2 (Base: 0x08010000, Size: 0x0000d874, Max: 0x00010000, ABSOLUTE)

    Execution Region ER_IROM2 (Exec base: 0x08010000, Load base: 0x08010000, Size: 0x0000d874, Max: 0x00010000, ABSOLUTE)

    Exec Addr    Load Addr    Size         Type   Attr      Idx    E Section Name        Object

    0x08010000   0x08010000   0x00000062   Code   RO         5985    .text               mc_w.l(uldiv.o)
    0x08010062   0x08010062   0x00000002   PAD
    0x08010064   0x08010064   0x00000008   Code   RO         5987    .text               mc_w.l(ctype_o.o)
    0x0801006c   0x0801006c   0x00000024   Code   RO         6015    .text               mc_w.l(rand.o)
    0x08010090   0x08010090   0x0000002c   Code   RO         6345    .text               mc_w.l(uidiv.o)
    0x080100bc   0x080100bc   0x0000001e   Code   RO         6347    .text               mc_w.l(llshl.o)
    0x080100da   0x080100da   0x00000020   Code   RO         6349    .text               mc_w.l(llushr.o)
    0x080100fa   0x080100fa   0x0000001c   Code   RO         6377    .text               mc_w.l(_chval.o)
    0x08010116   0x08010116   0x00000004   Code   RO          315    i.BusFault_Handler  stm32f4xx_it.o
    0x0801011a   0x0801011a   0x00000002   Code   RO          316    i.DebugMon_Handler  stm32f4xx_it.o
    0x0801011c   0x0801011c   0x00000016   Code   RO          916    i.ETH_DMAReceptionDisable  stm32f4xx_hal_eth.o
    0x08010132   0x08010132   0x00000016   Code   RO          918    i.ETH_DMATransmissionDisable  stm32f4xx_hal_eth.o
    0x08010148   0x08010148   0x00000028   Code   RO          920    i.ETH_Delay         stm32f4xx_hal_eth.o
    0x08010170   0x08010170   0x00000034   Code   RO          922    i.ETH_MACAddressConfig  stm32f4xx_hal_eth.o
    0x080101a4   0x080101a4   0x00000028   Code   RO          925    i.ETH_MACReceptionEnable  stm32f4xx_hal_eth.o
    0x080101cc   0x080101cc   0x00000028   Code   RO          927    i.ETH_MACTransmissionEnable  stm32f4xx_hal_eth.o
    0x080101f4   0x080101f4   0x00000006   Code   RO           13    i.Error_Handler     main.o
    0x080101fa   0x080101fa   0x00000002   PAD
    0x080101fc   0x080101fc   0x00000054   Code   RO         1402    i.FLASH_MassErase   stm32f4xx_hal_flash_ex.o
    0x08010250   0x08010250   0x00000024   Code   RO         1282    i.FLASH_Program_Byte  stm32f4xx_hal_flash.o
    0x08010274   0x08010274   0x0000003c   Code   RO         1283    i.FLASH_Program_DoubleWord  stm32f4xx_hal_flash.o
    0x080102b0   0x080102b0   0x00000028   Code   RO         1285    i.FLASH_Program_Word  stm32f4xx_hal_flash.o
    0x080102d8   0x080102d8   0x000000b4   Code   RO         1286    i.FLASH_SetErrorCode  stm32f4xx_hal_flash.o
    0x0801038c   0x0801038c   0x00000064   Code   RO         1287    i.FLASH_WaitForLastOperation  stm32f4xx_hal_flash.o
    0x080103f0   0x080103f0   0x00000140   Code   RO          929    i.HAL_ETH_ConfigMAC  stm32f4xx_hal_eth.o
    0x08010530   0x08010530   0x0000008c   Code   RO          930    i.HAL_ETH_DMARxDescListInit  stm32f4xx_hal_eth.o
    0x080105bc   0x080105bc   0x000002a0   Code   RO          938    i.HAL_ETH_Init      stm32f4xx_hal_eth.o
    0x0801085c   0x0801085c   0x00000052   Code   RO          943    i.HAL_ETH_Start     stm32f4xx_hal_eth.o
    0x080108ae   0x080108ae   0x0000013e   Code   RO          945    i.HAL_ETH_TransmitFrame  stm32f4xx_hal_eth.o
    0x080109ec   0x080109ec   0x00000090   Code   RO          947    i.HAL_ETH_WritePHYRegister  stm32f4xx_hal_eth.o
    0x08010a7c   0x08010a7c   0x00000014   Code   RO         1291    i.HAL_FLASH_Lock    stm32f4xx_hal_flash.o
    0x08010a90   0x08010a90   0x0000020c   Code   RO         1571    i.HAL_GPIO_Init     stm32f4xx_hal_gpio.o
    0x08010c9c   0x08010c9c   0x00000010   Code   RO         1573    i.HAL_GPIO_ReadPin  stm32f4xx_hal_gpio.o
    0x08010cac   0x08010cac   0x0000000c   Code   RO         2128    i.HAL_GetTick       stm32f4xx_hal.o
    0x08010cb8   0x08010cb8   0x00000018   Code   RO         2134    i.HAL_IncTick       stm32f4xx_hal.o
    0x08010cd0   0x08010cd0   0x0000004c   Code   RO         2136    i.HAL_InitTick      stm32f4xx_hal.o
    0x08010d1c   0x08010d1c   0x00000002   Code   RO         2137    i.HAL_MspDeInit     stm32f4xx_hal.o
    0x08010d1e   0x08010d1e   0x00000002   PAD
    0x08010d20   0x08010d20   0x00000048   Code   RO          393    i.HAL_MspInit       stm32f4xx_hal_msp.o
    0x08010d68   0x08010d68   0x0000007c   Code   RO         1984    i.HAL_NVIC_SetPriority  stm32f4xx_hal_cortex.o
    0x08010de4   0x08010de4   0x00000184   Code   RO         1115    i.HAL_RCC_ClockConfig  stm32f4xx_hal_rcc.o
    0x08010f68   0x08010f68   0x0000000c   Code   RO         1120    i.HAL_RCC_GetHCLKFreq  stm32f4xx_hal_rcc.o
    0x08010f74   0x08010f74   0x000000b0   Code   RO         1124    i.HAL_RCC_GetSysClockFreq  stm32f4xx_hal_rcc.o
    0x08011024   0x08011024   0x0000049c   Code   RO         1127    i.HAL_RCC_OscConfig  stm32f4xx_hal_rcc.o
    0x080114c0   0x080114c0   0x00000034   Code   RO         1989    i.HAL_SYSTICK_Config  stm32f4xx_hal_cortex.o
    0x080114f4   0x080114f4   0x0000016c   Code   RO          717    i.HTTPServerAccept  httpserver.o
    0x08011660   0x08011660   0x0000003c   Code   RO          614    i.MODBUS_CRC16      memory.o
    0x0801169c   0x0801169c   0x0000019c   Code   RO           14    i.MX_GPIO_Init      main.o
    0x08011838   0x08011838   0x000002ac   Code   RO          525    i.MX_LWIP_Init      lwip.o
    0x08011ae4   0x08011ae4   0x00000014   Code   RO          526    i.MX_LWIP_Process   lwip.o
    0x08011af8   0x08011af8   0x00000004   Code   RO          318    i.MemManage_Handler  stm32f4xx_it.o
    0x08011afc   0x08011afc   0x00000002   Code   RO          321    i.SVC_Handler       stm32f4xx_it.o
    0x08011afe   0x08011afe   0x00000002   PAD
    0x08011b00   0x08011b00   0x00000014   Code   RO         2420    i.SystemInit        system_stm32f4xx.o
    0x08011b14   0x08011b14   0x00000004   Code   RO          323    i.UsageFault_Handler  stm32f4xx_it.o
    0x08011b18   0x08011b18   0x00000028   Code   RO         6191    i.__0sprintf$6      mc_w.l(printf6.o)
    0x08011b40   0x08011b40   0x00000028   Code   RO         1992    i.__NVIC_SetPriority  stm32f4xx_hal_cortex.o
    0x08011b68   0x08011b68   0x000002f0   Code   RO         6196    i._printf_core      mc_w.l(printf6.o)
    0x08011e58   0x08011e58   0x00000024   Code   RO         6197    i._printf_post_padding  mc_w.l(printf6.o)
    0x08011e7c   0x08011e7c   0x0000002e   Code   RO         6198    i._printf_pre_padding  mc_w.l(printf6.o)
    0x08011eaa   0x08011eaa   0x0000000a   Code   RO         6200    i._sputc            mc_w.l(printf6.o)
    0x08011eb4   0x08011eb4   0x00000014   Code   RO          616    i.calculateMainAppCRC  memory.o
    0x08011ec8   0x08011ec8   0x00000090   Code   RO          719    i.connectionErr     httpserver.o
    0x08011f58   0x08011f58   0x00000094   Code   RO          720    i.connectionPoll    httpserver.o
    0x08011fec   0x08011fec   0x000000d2   Code   RO          721    i.connectionRecv    httpserver.o
    0x080120be   0x080120be   0x00000002   PAD
    0x080120c0   0x080120c0   0x0000009c   Code   RO          722    i.connectionSend    httpserver.o
    0x0801215c   0x0801215c   0x00000300   Code   RO         5188    i.etharp_find_entry  etharp.o
    0x0801245c   0x0801245c   0x00000168   Code   RO         5193    i.etharp_output_to_arp_index  etharp.o
    0x080125c4   0x080125c4   0x000002a4   Code   RO         5194    i.etharp_query      etharp.o
    0x08012868   0x08012868   0x0000018c   Code   RO         5195    i.etharp_raw        etharp.o
    0x080129f4   0x080129f4   0x000000c4   Code   RO         3003    i.ethernet_input    ethernet.o
    0x08012ab8   0x08012ab8   0x00000098   Code   RO          419    i.ethernetif_init   ethernetif.o
    0x08012b50   0x08012b50   0x00000024   Code   RO           16    i.fputc             main.o
    0x08012b74   0x08012b74   0x000001fc   Code   RO          723    i.hexFileParse      httpserver.o
    0x08012d70   0x08012d70   0x00000012   Code   RO         5289    i.icmp_dest_unreach  icmp.o
    0x08012d82   0x08012d82   0x00000002   PAD
    0x08012d84   0x08012d84   0x00000270   Code   RO         5290    i.icmp_input        icmp.o
    0x08012ff4   0x08012ff4   0x0000004e   Code   RO         5410    i.ip4_addr_isbroadcast_u32  ip4_addr.o
    0x08013042   0x08013042   0x00000002   PAD
    0x08013044   0x08013044   0x000002cc   Code   RO         5478    i.ip4_frag          ip4_frag.o
    0x08013310   0x08013310   0x0000019c   Code   RO         5355    i.ip4_input         ip4.o
    0x080134ac   0x080134ac   0x00000034   Code   RO         5356    i.ip4_input_accept  ip4.o
    0x080134e0   0x080134e0   0x00000036   Code   RO         5358    i.ip4_output_if     ip4.o
    0x08013516   0x08013516   0x00000002   PAD
    0x08013518   0x08013518   0x000002fc   Code   RO         5479    i.ip4_reass         ip4_frag.o
    0x08013814   0x08013814   0x00000094   Code   RO         5360    i.ip4_route         ip4.o
    0x080138a8   0x080138a8   0x00000098   Code   RO         5481    i.ip_frag_free_pbuf_custom_ref  ip4_frag.o
    0x08013940   0x08013940   0x00000304   Code   RO         5482    i.ip_reass_chain_frag_into_datagram_and_validate  ip4_frag.o
    0x08013c44   0x08013c44   0x000001e0   Code   RO         5485    i.ip_reass_free_complete_datagram  ip4_frag.o
    0x08013e24   0x08013e24   0x00000134   Code   RO          424    i.low_level_init    ethernetif.o
    0x08013f58   0x08013f58   0x00000104   Code   RO          425    i.low_level_input   ethernetif.o
    0x0801405c   0x0801405c   0x00000050   Code   RO         4932    i.lwip_cyclic_timer  timeouts.o
    0x080140ac   0x080140ac   0x0000000c   Code   RO         3424    i.lwip_htons        def.o
    0x080140b8   0x080140b8   0x0000009c   Code   RO         3575    i.lwip_init         init.o
    0x08014154   0x08014154   0x00000214   Code   RO           17    i.main              main.o
    0x08014368   0x08014368   0x0000006c   Code   RO         6296    i.malloc            mc_w.l(malloc.o)
    0x080143d4   0x080143d4   0x000001c4   Code   RO         3673    i.mem_free          mem.o
    0x08014598   0x08014598   0x00000058   Code   RO         3675    i.mem_link_valid    mem.o
    0x080145f0   0x080145f0   0x000002a8   Code   RO         3676    i.mem_malloc        mem.o
    0x08014898   0x08014898   0x00000010   Code   RO         3677    i.mem_to_ptr        mem.o
    0x080148a8   0x080148a8   0x00000234   Code   RO         3678    i.mem_trim          mem.o
    0x08014adc   0x08014adc   0x000000b0   Code   RO         3753    i.memp_free         memp.o
    0x08014b8c   0x08014b8c   0x00000020   Code   RO         3755    i.memp_init         memp.o
    0x08014bac   0x08014bac   0x000000e0   Code   RO         3864    i.netif_do_set_ipaddr  netif.o
    0x08014c8c   0x08014c8c   0x00000026   Code   RO         3865    i.netif_do_set_netmask  netif.o
    0x08014cb2   0x08014cb2   0x00000002   PAD
    0x08014cb4   0x08014cb4   0x00000028   Code   RO         3867    i.netif_get_by_index  netif.o
    0x08014cdc   0x08014cdc   0x000000d8   Code   RO         3871    i.netif_issue_reports  netif.o
    0x08014db4   0x08014db4   0x00000008   Code   RO         3873    i.netif_null_output_ip4  netif.o
    0x08014dbc   0x08014dbc   0x00000060   Code   RO         3875    i.netif_set_addr    netif.o
    0x08014e1c   0x08014e1c   0x00000006   Code   RO         3880    i.netif_set_link_callback  netif.o
    0x08014e22   0x08014e22   0x00000002   PAD
    0x08014e24   0x08014e24   0x000000c0   Code   RO         3884    i.netif_set_up      netif.o
    0x08014ee4   0x08014ee4   0x000002a0   Code   RO         4052    i.pbuf_alloc        pbuf.o
    0x08015184   0x08015184   0x000000bc   Code   RO         4053    i.pbuf_alloc_reference  pbuf.o
    0x08015240   0x08015240   0x00000052   Code   RO         4054    i.pbuf_alloced_custom  pbuf.o
    0x08015292   0x08015292   0x00000002   PAD
    0x08015294   0x08015294   0x00000150   Code   RO         4055    i.pbuf_cat          pbuf.o
    0x080153e4   0x080153e4   0x000000b0   Code   RO         4058    i.pbuf_clone        pbuf.o
    0x08015494   0x08015494   0x00000228   Code   RO         4060    i.pbuf_copy         pbuf.o
    0x080156bc   0x080156bc   0x00000030   Code   RO         4065    i.pbuf_free_ooseq   pbuf.o
    0x080156ec   0x080156ec   0x00000012   Code   RO         4069    i.pbuf_header_force  pbuf.o
    0x080156fe   0x080156fe   0x00000002   PAD
    0x08015700   0x08015700   0x00000010   Code   RO         4074    i.pbuf_pool_is_empty  pbuf.o
    0x08015710   0x08015710   0x000000f4   Code   RO         4078    i.pbuf_remove_header  pbuf.o
    0x08015804   0x08015804   0x00000020   Code   RO           18    i.runMainApp        main.o
    0x08015824   0x08015824   0x000000d0   Code   RO         4935    i.sys_timeout       timeouts.o
    0x080158f4   0x080158f4   0x00000574   Code   RO          725    i.tcpDataProcess    httpserver.o
    0x08015e68   0x08015e68   0x0000000e   Code   RO         4354    i.tcp_abort         tcp.o
    0x08015e76   0x08015e76   0x00000002   PAD
    0x08015e78   0x08015e78   0x00000170   Code   RO         4359    i.tcp_bind          tcp.o
    0x08015fe8   0x08015fe8   0x000000e8   Code   RO         4363    i.tcp_close_shutdown_fin  tcp.o
    0x080160d0   0x080160d0   0x000001d4   Code   RO         4772    i.tcp_create_segment  tcp_out.o
    0x080162a4   0x080162a4   0x000000d4   Code   RO         4366    i.tcp_eff_send_mss_netif  tcp.o
    0x08016378   0x08016378   0x000002c0   Code   RO         4773    i.tcp_enqueue_flags  tcp_out.o
    0x08016638   0x08016638   0x000000ac   Code   RO         4367    i.tcp_err           tcp.o
    0x080166e4   0x080166e4   0x0000009c   Code   RO         4368    i.tcp_fasttmr       tcp.o
    0x08016780   0x08016780   0x0000015c   Code   RO         4683    i.tcp_free_acked_segments  tcp_in.o
    0x080168dc   0x080168dc   0x00000048   Code   RO         4684    i.tcp_get_next_optbyte  tcp_in.o
    0x08016924   0x08016924   0x00000018   Code   RO         4373    i.tcp_init          tcp.o
    0x0801693c   0x0801693c   0x00000818   Code   RO         4685    i.tcp_input         tcp_in.o
    0x08017154   0x08017154   0x00000068   Code   RO         4374    i.tcp_kill_prio     tcp.o
    0x080171bc   0x080171bc   0x000000d0   Code   RO         4375    i.tcp_kill_state    tcp.o
    0x0801728c   0x0801728c   0x0000003c   Code   RO         4376    i.tcp_kill_timewait  tcp.o
    0x080172c8   0x080172c8   0x0000000a   Code   RO         4382    i.tcp_new           tcp.o
    0x080172d2   0x080172d2   0x00000002   PAD
    0x080172d4   0x080172d4   0x000000b0   Code   RO         4385    i.tcp_next_iss      tcp.o
    0x08017384   0x08017384   0x00000364   Code   RO         4775    i.tcp_output        tcp_out.o
    0x080176e8   0x080176e8   0x000000dc   Code   RO         4776    i.tcp_output_alloc_header  tcp_out.o
    0x080177c4   0x080177c4   0x00000124   Code   RO         4777    i.tcp_output_alloc_header_common  tcp_out.o
    0x080178e8   0x080178e8   0x00000124   Code   RO         4779    i.tcp_output_fill_options  tcp_out.o
    0x08017a0c   0x08017a0c   0x0000024c   Code   RO         4780    i.tcp_output_segment  tcp_out.o
    0x08017c58   0x08017c58   0x000000b4   Code   RO         4781    i.tcp_output_segment_busy  tcp_out.o
    0x08017d0c   0x08017d0c   0x00000130   Code   RO         4689    i.tcp_parseopt      tcp_in.o
    0x08017e3c   0x08017e3c   0x000000dc   Code   RO         4386    i.tcp_pcb_purge     tcp.o
    0x08017f18   0x08017f18   0x000001d8   Code   RO         4387    i.tcp_pcb_remove    tcp.o
    0x080180f0   0x080180f0   0x000000dc   Code   RO         4388    i.tcp_poll          tcp.o
    0x080181cc   0x080181cc   0x00000744   Code   RO         4690    i.tcp_process       tcp_in.o
    0x08018910   0x08018910   0x00000c7c   Code   RO         4691    i.tcp_receive       tcp_in.o
    0x0801958c   0x0801958c   0x000000c4   Code   RO         4391    i.tcp_recv_null     tcp.o
    0x08019650   0x08019650   0x000000b4   Code   RO         4393    i.tcp_remove_listener  tcp.o
    0x08019704   0x08019704   0x00000104   Code   RO         4783    i.tcp_rexmit        tcp_out.o
    0x08019808   0x08019808   0x0000010c   Code   RO         4784    i.tcp_rexmit_fast   tcp_out.o
    0x08019914   0x08019914   0x000000a8   Code   RO         4785    i.tcp_rexmit_rto    tcp_out.o
    0x080199bc   0x080199bc   0x000000b8   Code   RO         4786    i.tcp_rexmit_rto_commit  tcp_out.o
    0x08019a74   0x08019a74   0x0000001a   Code   RO         4395    i.tcp_seg_free      tcp.o
    0x08019a8e   0x08019a8e   0x00000002   PAD
    0x08019a90   0x08019a90   0x00000140   Code   RO         4790    i.tcp_send_empty_ack  tcp_out.o
    0x08019bd0   0x08019bd0   0x000000ac   Code   RO         4397    i.tcp_sent          tcp.o
    0x08019c7c   0x08019c7c   0x00000734   Code   RO         4400    i.tcp_slowtmr       tcp.o
    0x0801a3b0   0x0801a3b0   0x000002d0   Code   RO         4792    i.tcp_split_unsent_seg  tcp_out.o
    0x0801a680   0x0801a680   0x00000014   Code   RO         4693    i.tcp_trigger_input_pcb_close  tcp_in.o
    0x0801a694   0x0801a694   0x00000118   Code   RO         4404    i.tcp_update_rcv_ann_wnd  tcp.o
    0x0801a7ac   0x0801a7ac   0x00000824   Code   RO         4793    i.tcp_write         tcp_out.o
    0x0801afd0   0x0801afd0   0x000001b4   Code   RO         4794    i.tcp_write_checks  tcp_out.o
    0x0801b184   0x0801b184   0x00000038   Code   RO         4941    i.tcpip_tcp_timer   timeouts.o
    0x0801b1bc   0x0801b1bc   0x00000018   Code   RO         5024    i.udp_init          udp.o
    0x0801b1d4   0x0801b1d4   0x0000024c   Code   RO         5025    i.udp_input         udp.o
    0x0801b420   0x0801b420   0x00000138   Code   RO         5026    i.udp_input_local_match  udp.o
    0x0801b558   0x0801b558   0x00000010   Data   RO           20    .constdata          main.o
    0x0801b568   0x0801b568   0x00000010   Data   RO          624    .constdata          memory.o
    0x0801b578   0x0801b578   0x00002160   Data   RO          878    .constdata          filesystem.o
    0x0801d6d8   0x0801d6d8   0x00000018   Data   RO         2421    .constdata          system_stm32f4xx.o
    0x0801d6f0   0x0801d6f0   0x00000081   Data   RO         5988    .constdata          mc_w.l(ctype_o.o)
    0x0801d771   0x0801d771   0x00000003   PAD
    0x0801d774   0x0801d774   0x00000041   Data   RO         3576    .conststring        init.o
    0x0801d7b5   0x0801d7b5   0x00000003   PAD
    0x0801d7b8   0x0801d7b8   0x00000075   Data   RO         4406    .conststring        tcp.o
    0x0801d82d   0x0801d82d   0x00000003   PAD
    0x0801d830   0x0801d830   0x00000041   Data   RO         5201    .conststring        etharp.o


==============================================================================

Image component sizes


      Code (inc. data)   RO Data    RW Data    ZI Data      Debug   Object Name

         0          0          0          0          0       2106   bridgeif.o
         0          0          0          0          0        376   bridgeif_fdb.o
        16          6          0          0          0        510   coredebug.o
        38          0          0          0          0       1146   def.o
      3820       1206         65          1        240      12315   etharp.o
       456        154         12          0          0       2754   ethernet.o
      1602        164          0          0      12520       7928   ethernetif.o
        72          4       8544          0          0       5413   filesystem.o
      3602       1128        612         12         45      21261   httpserver.o
       944        352          0          0          0       4714   icmp.o
       156         92         65          0          0       2568   init.o
         0          0          0          0         24       7785   ip.o
      1078        184          0          2          0       5672   ip4.o
        78          0          8          0          0       8666   ip4_addr.o
      3562       1192          0          6          0      12590   ip4_frag.o
       704         52          0         24         52       2028   lwip.o
      1198        104         16         24         24     784409   main.o
      2380        968          0         12       1619       7937   mem.o
      1700        140         16          4          0       7501   memory.o
       780        500        144         36      11967      10314   memp.o
      1660        742          0          9          0      14916   netif.o
      3912       1798          0          1          0      27866   pbuf.o
        36          8        428          0      16384        840   startup_stm32f429xx.o
       282         40          0          9          0      10678   stm32f4xx_hal.o
       340         30          0          0          0      34409   stm32f4xx_hal_cortex.o
      3190         58          0          0          0      17214   stm32f4xx_hal_eth.o
       680         62          0          0         32       6022   stm32f4xx_hal_flash.o
       476         24          0          0          0       3306   stm32f4xx_hal_flash_ex.o
       572         52          0          0          0       3460   stm32f4xx_hal_gpio.o
        72          4          0          0          0        862   stm32f4xx_hal_msp.o
      1756         64          0          0          0       4462   stm32f4xx_hal_rcc.o
        34          0          0          0          0       4238   stm32f4xx_it.o
        20          6         24          4          0       1139   system_stm32f4xx.o
      9346       4264        197         32          0      43359   tcp.o
      9228       2264          0         40         16      23035   tcp_in.o
     10098       4076         85          0          0      33962   tcp_out.o
       860        376         28         12          0       6878   timeouts.o
        20          0          0          0          0        606   timespan.o
       972        354          0          8          0       5742   udp.o

    ----------------------------------------------------------------------
     65790      20468      10292        244      42932    1150987   Object Totals
         0          0         32          0          0          0   (incl. Generated)
        50          0         16          8          9          0   (incl. Padding)

    ----------------------------------------------------------------------

      Code (inc. data)   RO Data    RW Data    ZI Data      Debug   Library Member Name

        28          0          0          0          0         68   _chval.o
       158          0          0          0          0         92   _strtoul.o
         8          4        133          0          0         68   ctype_o.o
         0          0          0          0          0          0   entry.o
         0          0          0          0          0          0   entry10a.o
         0          0          0          0          0          0   entry11a.o
         4          0          0          0          0          0   entry12b.o
         8          4          0          0          0          0   entry2.o
         4          0          0          0          0          0   entry5.o
         0          0          0          0          0          0   entry7b.o
         0          0          0          0          0          0   entry8b.o
         8          4          0          0          0          0   entry9a.o
         8          4          0          4          0         68   errno.o
        30          0          0          0          0          0   handlers.o
        36          8          0          0          0         68   init.o
        30          0          0          0          0         68   llshl.o
        32          0          0          0          0         68   llushr.o
       188         20          0          0          0        160   malloc.o
        26          0          0          0          0         80   memcmp.o
        64          0          0          0          0         76   memmovea.o
        36          0          0          0          0        108   memseta.o
         0          0          0          8          0          0   mvars.o
       916         20          0          0          0        504   printf6.o
        36         10          0          4          0        136   rand.o
        14          0          0          0          0         68   strlen.o
       112          0          0          0          0         88   strtol.o
        44          0          0          0          0         80   uidiv.o
        98          0          0          0          0         92   uldiv.o

    ----------------------------------------------------------------------
      1894         74        136         16          0       1892   Library Totals
         6          0          3          0          0          0   (incl. Padding)

    ----------------------------------------------------------------------

      Code (inc. data)   RO Data    RW Data    ZI Data      Debug   Library Name

      1888         74        133         16          0       1892   mc_w.l

    ----------------------------------------------------------------------
      1894         74        136         16          0       1892   Library Totals

    ----------------------------------------------------------------------

==============================================================================


      Code (inc. data)   RO Data    RW Data    ZI Data      Debug   

     67684      20542      10428        260      42932    1124647   Grand Totals
     67684      20542      10428        260      42932    1124647   ELF Image Totals
     67684      20542      10428        260          0          0   ROM Totals

==============================================================================

    Total RO  Size (Code + RO Data)                78112 (  76.28kB)
    Total RW  Size (RW Data + ZI Data)             43192 (  42.18kB)
    Total ROM Size (Code + RO Data + RW Data)      78372 (  76.54kB)

==============================================================================

