Component: ARM Compiler 5.06 update 7 (build 960) Tool: armlink [4d3601]

==============================================================================

Section Cross References

    startup_stm32f429xx.o(RESET) refers to startup_stm32f429xx.o(STACK) for __initial_sp
    startup_stm32f429xx.o(RESET) refers to startup_stm32f429xx.o(.text) for Reset_Handler
    startup_stm32f429xx.o(RESET) refers to stm32f4xx_it.o(i.NMI_Handler) for NMI_Handler
    startup_stm32f429xx.o(RESET) refers to stm32f4xx_it.o(i.HardFault_Handler) for HardFault_Handler
    startup_stm32f429xx.o(RESET) refers to stm32f4xx_it.o(i.MemManage_Handler) for MemManage_Handler
    startup_stm32f429xx.o(RESET) refers to stm32f4xx_it.o(i.BusFault_Handler) for BusFault_Handler
    startup_stm32f429xx.o(RESET) refers to stm32f4xx_it.o(i.UsageFault_Handler) for UsageFault_Handler
    startup_stm32f429xx.o(RESET) refers to stm32f4xx_it.o(i.SVC_Handler) for SVC_Handler
    startup_stm32f429xx.o(RESET) refers to stm32f4xx_it.o(i.DebugMon_Handler) for DebugMon_Handler
    startup_stm32f429xx.o(RESET) refers to stm32f4xx_it.o(i.PendSV_Handler) for PendSV_Handler
    startup_stm32f429xx.o(RESET) refers to stm32f4xx_it.o(i.SysTick_Handler) for SysTick_Handler
    startup_stm32f429xx.o(.text) refers to system_stm32f4xx.o(i.SystemInit) for SystemInit
    startup_stm32f429xx.o(.text) refers to entry.o(.ARM.Collect$$$$00000000) for __main
    main.o(i.MX_GPIO_Init) refers to memseta.o(.text) for __aeabi_memclr4
    main.o(i.MX_GPIO_Init) refers to stm32f4xx_hal_gpio.o(i.HAL_GPIO_WritePin) for HAL_GPIO_WritePin
    main.o(i.MX_GPIO_Init) refers to stm32f4xx_hal_gpio.o(i.HAL_GPIO_Init) for HAL_GPIO_Init
    main.o(i.SystemClock_Config) refers to memseta.o(.text) for __aeabi_memclr4
    main.o(i.SystemClock_Config) refers to stm32f4xx_hal_rcc.o(i.HAL_RCC_OscConfig) for HAL_RCC_OscConfig
    main.o(i.SystemClock_Config) refers to main.o(i.Error_Handler) for Error_Handler
    main.o(i.SystemClock_Config) refers to stm32f4xx_hal_rcc.o(i.HAL_RCC_ClockConfig) for HAL_RCC_ClockConfig
    main.o(i.main) refers to stm32f4xx_hal.o(i.HAL_Init) for HAL_Init
    main.o(i.main) refers to main.o(i.Delay_ms) for Delay_ms
    main.o(i.main) refers to main.o(i.SystemClock_Config) for SystemClock_Config
    main.o(i.main) refers to memory.o(i.Memory_Init) for Memory_Init
    main.o(i.main) refers to main.o(i.MX_GPIO_Init) for MX_GPIO_Init
    main.o(i.main) refers to memory.o(i.MODBUS_CRC16) for MODBUS_CRC16
    main.o(i.main) refers to coredebug.o(i.IsDebuggerConnected) for IsDebuggerConnected
    main.o(i.main) refers to main.o(i.runMainApp) for runMainApp
    main.o(i.main) refers to memory.o(i.memoryWriteMagicFlag) for memoryWriteMagicFlag
    main.o(i.main) refers to lwip.o(i.MX_LWIP_Init) for MX_LWIP_Init
    main.o(i.main) refers to httpserver.o(i.HTTPServer_Init) for HTTPServer_Init
    main.o(i.main) refers to stm32f4xx_hal.o(i.HAL_GetTick) for HAL_GetTick
    main.o(i.main) refers to printf6.o(i.__0printf$6) for __2printf
    main.o(i.main) refers to timespan.o(i.GetTimeSpan) for GetTimeSpan
    main.o(i.main) refers to stm32f4xx_hal_gpio.o(i.HAL_GPIO_TogglePin) for HAL_GPIO_TogglePin
    main.o(i.main) refers to lwip.o(i.MX_LWIP_Process) for MX_LWIP_Process
    main.o(i.main) refers to stm32f4xx_hal_gpio.o(i.HAL_GPIO_ReadPin) for HAL_GPIO_ReadPin
    main.o(i.main) refers to stm32f4xx_hal_gpio.o(i.HAL_GPIO_WritePin) for HAL_GPIO_WritePin
    main.o(i.main) refers to stm32f4xx_hal.o(i.HAL_Delay) for HAL_Delay
    main.o(i.main) refers to memory.o(i.memoryWriteNetworkParameters) for memoryWriteNetworkParameters
    main.o(i.main) refers to main.o(.data) for memory
    main.o(i.main) refers to main.o(.bss) for httpServer
    main.o(i.main) refers to main.o(.constdata) for .constdata
    main.o(i.runMainApp) refers to stm32f4xx_hal.o(i.HAL_DeInit) for HAL_DeInit
    stm32f4xx_it.o(i.SysTick_Handler) refers to stm32f4xx_hal.o(i.HAL_IncTick) for HAL_IncTick
    ethernetif.o(i.HAL_ETH_MspDeInit) refers to stm32f4xx_hal_gpio.o(i.HAL_GPIO_DeInit) for HAL_GPIO_DeInit
    ethernetif.o(i.HAL_ETH_MspInit) refers to memseta.o(.text) for __aeabi_memclr4
    ethernetif.o(i.HAL_ETH_MspInit) refers to stm32f4xx_hal_gpio.o(i.HAL_GPIO_Init) for HAL_GPIO_Init
    ethernetif.o(i.ethernetif_init) refers to printf6.o(i.__0printf$6) for __2printf
    ethernetif.o(i.ethernetif_init) refers to ethernetif.o(i.low_level_init) for low_level_init
    ethernetif.o(i.ethernetif_init) refers to etharp.o(i.etharp_output) for etharp_output
    ethernetif.o(i.ethernetif_init) refers to ethernetif.o(i.low_level_output) for low_level_output
    ethernetif.o(i.ethernetif_input) refers to ethernetif.o(i.low_level_input) for low_level_input
    ethernetif.o(i.ethernetif_input) refers to pbuf.o(i.pbuf_free) for pbuf_free
    ethernetif.o(i.ethernetif_set_link) refers to stm32f4xx_hal.o(i.HAL_GetTick) for HAL_GetTick
[...]
    __ARM_use_no_argv                        0x00000000   Number         0  main.o ABSOLUTE
    _printf_a                                0x00000000   Number         0  stubs.o ABSOLUTE
    _printf_c                                0x00000000   Number         0  stubs.o ABSOLUTE
    _printf_charcount                        0x00000000   Number         0  stubs.o ABSOLUTE
    _printf_d                                0x00000000   Number         0  stubs.o ABSOLUTE
    _printf_e                                0x00000000   Number         0  stubs.o ABSOLUTE
    _printf_f                                0x00000000   Number         0  stubs.o ABSOLUTE
    _printf_flags                            0x00000000   Number         0  stubs.o ABSOLUTE
    _printf_fp_dec                           0x00000000   Number         0  stubs.o ABSOLUTE
    _printf_fp_hex                           0x00000000   Number         0  stubs.o ABSOLUTE
    _printf_g                                0x00000000   Number         0  stubs.o ABSOLUTE
    _printf_i                                0x00000000   Number         0  stubs.o ABSOLUTE
    _printf_int_dec                          0x00000000   Number         0  stubs.o ABSOLUTE
    _printf_l                                0x00000000   Number         0  stubs.o ABSOLUTE
    _printf_lc                               0x00000000   Number         0  stubs.o ABSOLUTE
    _printf_ll                               0x00000000   Number         0  stubs.o ABSOLUTE
    _printf_lld                              0x00000000   Number         0  stubs.o ABSOLUTE
    _printf_lli                              0x00000000   Number         0  stubs.o ABSOLUTE
    _printf_llo                              0x00000000   Number         0  stubs.o ABSOLUTE
    _printf_llu                              0x00000000   Number         0  stubs.o ABSOLUTE
    _printf_llx                              0x00000000   Number         0  stubs.o ABSOLUTE
    _printf_longlong_dec                     0x00000000   Number         0  stubs.o ABSOLUTE
    _printf_longlong_hex                     0x00000000   Number         0  stubs.o ABSOLUTE
    _printf_longlong_oct                     0x00000000   Number         0  stubs.o ABSOLUTE
    _printf_ls                               0x00000000   Number         0  stubs.o ABSOLUTE
    _printf_mbtowc                           0x00000000   Number         0  stubs.o ABSOLUTE
    _printf_n                                0x00000000   Number         0  stubs.o ABSOLUTE
    _printf_o                                0x00000000   Number         0  stubs.o ABSOLUTE
    _printf_p                                0x00000000   Number         0  stubs.o ABSOLUTE
    _printf_percent                          0x00000000   Number         0  stubs.o ABSOLUTE
    _printf_pre_padding                      0x00000000   Number         0  stubs.o ABSOLUTE
    _printf_return_value                     0x00000000   Number         0  stubs.o ABSOLUTE
    _printf_s                                0x00000000   Number         0  stubs.o ABSOLUTE
    _printf_sizespec                         0x00000000   Number         0  stubs.o ABSOLUTE
    _printf_str                              0x00000000   Number         0  stubs.o ABSOLUTE
    _printf_truncate_signed                  0x00000000   Number         0  stubs.o ABSOLUTE
    _printf_truncate_unsigned                0x00000000   Number         0  stubs.o ABSOLUTE
    _printf_u                                0x00000000   Number         0  stubs.o ABSOLUTE
    _printf_wc                               0x00000000   Number         0  stubs.o ABSOLUTE
    _printf_wctomb                           0x00000000   Number         0  stubs.o ABSOLUTE
    _printf_widthprec                        0x00000000   Number         0  stubs.o ABSOLUTE
    _printf_x                                0x00000000   Number         0  stubs.o ABSOLUTE
    __arm_fini_                               - Undefined Weak Reference
    __cpp_initialize__aeabi_                  - Undefined Weak Reference
    __cxa_finalize                            - Undefined Weak Reference
    __decompress                              - Undefined Weak Reference
    _clock_init                               - Undefined Weak Reference
    _microlib_exit                            - Undefined Weak Reference
    __Vectors_Size                           0x000001ac   Number         0  startup_stm32f429xx.o ABSOLUTE
    __Vectors                                0x08000000   Data           4  startup_stm32f429xx.o(RESET)
    __Vectors_End                            0x080001ac   Data           0  startup_stm32f429xx.o(RESET)
    __main                                   0x080001ad   Thumb Code     0  entry.o(.ARM.Collect$$$$00000000)
    _main_stk                                0x080001ad   Thumb Code     0  entry2.o(.ARM.Collect$$$$00000001)
    _main_scatterload                        0x080001b1   Thumb Code     0  entry5.o(.ARM.Collect$$$$00000004)
    __main_after_scatterload                 0x080001b5   Thumb Code     0  entry5.o(.ARM.Collect$$$$00000004)
    _main_clock                              0x080001b5   Thumb Code     0  entry7b.o(.ARM.Collect$$$$00000008)
    _main_cpp_init                           0x080001b5   Thumb Code     0  entry8b.o(.ARM.Collect$$$$0000000A)
    _main_init                               0x080001b5   Thumb Code     0  entry9a.o(.ARM.Collect$$$$0000000B)
    __rt_lib_shutdown_fini                   0x080001bd   Thumb Code     0  entry12b.o(.ARM.Collect$$$$0000000E)
    __rt_final_cpp                           0x080001c1   Thumb Code     0  entry10a.o(.ARM.Collect$$$$0000000F)
    __rt_final_exit                          0x080001c1   Thumb Code     0  entry11a.o(.ARM.Collect$$$$00000011)
    __aeabi_memset                           0x080001c5   Thumb Code    14  memseta.o(.text)
    __aeabi_memset4                          0x080001c5   Thumb Code     0  memseta.o(.text)
    __aeabi_memset8                          0x080001c5   Thumb Code     0  memseta.o(.text)
    __aeabi_memclr                           0x080001d3   Thumb Code     4  memseta.o(.text)
    __aeabi_memclr4                          0x080001d3   Thumb Code     0  memseta.o(.text)
    __aeabi_memclr8                          0x080001d3   Thumb Code     0  memseta.o(.text)
    _memset$wrapper                          0x080001d7   Thumb Code    18  memseta.o(.text)
    strtol                                   0x080001e9   Thumb Code   112  strtol.o(.text)
    __aeabi_llsl                             0x08000259   Thumb Code    30  llshl.o(.text)
    _ll_shift_l                              0x08000259   Thumb Code     0  llshl.o(.text)
    __aeabi_llsr                             0x08000277   Thumb Code    32  llushr.o(.text)
    _ll_ushift_r                             0x08000277   Thumb Code     0  llushr.o(.text)
    _strtoul                                 0x08000297   Thumb Code   158  _strtoul.o(.text)
    __scatterload                            0x08000335   Thumb Code    28  init.o(.text)
    __scatterload_rt2                        0x08000335   Thumb Code     0  init.o(.text)
    _chval                                   0x08000359   Thumb Code    28  _chval.o(.text)
    BusFault_Handler                         0x08000375   Thumb Code     4  stm32f4xx_it.o(i.BusFault_Handler)
    Delay_ms                                 0x08000379   Thumb Code    26  main.o(i.Delay_ms)
    FLASH_Erase_Sector                       0x08000475   Thumb Code    92  stm32f4xx_hal_flash_ex.o(i.FLASH_Erase_Sector)
    FLASH_FlushCaches                        0x080004d5   Thumb Code   114  stm32f4xx_hal_flash_ex.o(i.FLASH_FlushCaches)
    FLASH_WaitForLastOperation               0x08000575   Thumb Code    90  stm32f4xx_hal_flash.o(i.FLASH_WaitForLastOperation)
    HAL_ETH_DMARxDescListInit                0x080005d9   Thumb Code   140  stm32f4xx_hal_eth.o(i.HAL_ETH_DMARxDescListInit)
    HAL_ETH_DMATxDescListInit                0x08000665   Thumb Code   132  stm32f4xx_hal_eth.o(i.HAL_ETH_DMATxDescListInit)
    HAL_ETH_GetReceivedFrame                 0x080006e9   Thumb Code   178  stm32f4xx_hal_eth.o(i.HAL_ETH_GetReceivedFrame)
    HAL_ETH_MspInit                          0x0800079d   Thumb Code   362  ethernetif.o(i.HAL_ETH_MspInit)
    HAL_ETH_ReadPHYRegister                  0x08000921   Thumb Code   146  stm32f4xx_hal_eth.o(i.HAL_ETH_ReadPHYRegister)
    HAL_ETH_Stop                             0x080009b3   Thumb Code    82  stm32f4xx_hal_eth.o(i.HAL_ETH_Stop)
    HAL_ETH_WritePHYRegister                 0x08000a05   Thumb Code   144  stm32f4xx_hal_eth.o(i.HAL_ETH_WritePHYRegister)
    HAL_FLASHEx_Erase                        0x08000a95   Thumb Code   166  stm32f4xx_hal_flash_ex.o(i.HAL_FLASHEx_Erase)
    HAL_FLASH_Unlock                         0x08000b45   Thumb Code    38  stm32f4xx_hal_flash.o(i.HAL_FLASH_Unlock)
    HAL_GPIO_Init                            0x08000b79   Thumb Code   472  stm32f4xx_hal_gpio.o(i.HAL_GPIO_Init)
    HAL_GPIO_TogglePin                       0x08000d85   Thumb Code    20  stm32f4xx_hal_gpio.o(i.HAL_GPIO_TogglePin)
    HAL_GPIO_WritePin                        0x08000d99   Thumb Code    12  stm32f4xx_hal_gpio.o(i.HAL_GPIO_WritePin)
    HAL_IncTick                              0x08000da5   Thumb Code    16  stm32f4xx_hal.o(i.HAL_IncTick)
    HAL_Init                                 0x08000dbd   Thumb Code    54  stm32f4xx_hal.o(i.HAL_Init)
    HAL_MspDeInit                            0x08000df9   Thumb Code     2  stm32f4xx_hal.o(i.HAL_MspDeInit)
    HAL_MspInit                              0x08000dfd   Thumb Code    68  stm32f4xx_hal_msp.o(i.HAL_MspInit)
    HAL_NVIC_SystemReset                     0x08000e45   Thumb Code    60  stm32f4xx_hal_cortex.o(i.HAL_NVIC_SystemReset)
    HAL_RCC_GetHCLKFreq                      0x08000e89   Thumb Code     6  stm32f4xx_hal_rcc.o(i.HAL_RCC_GetHCLKFreq)
    HardFault_Handler                        0x08000e95   Thumb Code     4  stm32f4xx_it.o(i.HardFault_Handler)
    IsDebuggerConnected                      0x08000e99   Thumb Code    10  coredebug.o(i.IsDebuggerConnected)
    MODBUS_CRC16                             0x08000ea9   Thumb Code    60  memory.o(i.MODBUS_CRC16)
    MX_LWIP_Process                          0x08000ee5   Thumb Code    14  lwip.o(i.MX_LWIP_Process)
    Memory_Init                              0x08000ef9   Thumb Code   410  memory.o(i.Memory_Init)
    NMI_Handler                              0x080010a1   Thumb Code     4  stm32f4xx_it.o(i.NMI_Handler)
    SVC_Handler                              0x080010a5   Thumb Code     2  stm32f4xx_it.o(i.SVC_Handler)
    SystemClock_Config                       0x080010a9   Thumb Code   172  main.o(i.SystemClock_Config)
    __0sprintf$6                             0x0800115d   Thumb Code    34  printf6.o(i.__0sprintf$6)
    __1sprintf$6                             0x0800115d   Thumb Code     0  printf6.o(i.__0sprintf$6)
    __2sprintf                               0x0800115d   Thumb Code     0  printf6.o(i.__0sprintf$6)
    __aeabi_errno_addr                       0x080011bd   Thumb Code     4  errno.o(i.__aeabi_errno_addr)
    __rt_errno_addr                          0x080011bd   Thumb Code     0  errno.o(i.__aeabi_errno_addr)
    __scatterload_copy                       0x080011c5   Thumb Code    14  handlers.o(i.__scatterload_copy)
    __scatterload_null                       0x080011d3   Thumb Code     2  handlers.o(i.__scatterload_null)
    __scatterload_zeroinit                   0x080011d5   Thumb Code    14  handlers.o(i.__scatterload_zeroinit)
    etharp_input                             0x080013bd   Thumb Code   202  etharp.o(i.etharp_input)
    etharp_output                            0x080014f9   Thumb Code   396  etharp.o(i.etharp_output)
    etharp_tmr                               0x08001749   Thumb Code   214  etharp.o(i.etharp_tmr)
    ethernet_output                          0x08001981   Thumb Code   112  ethernet.o(i.ethernet_output)
    ethernetif_init                          0x08001a85   Thumb Code    58  ethernetif.o(i.ethernetif_init)
    ethernetif_input                         0x08001b1d   Thumb Code    40  ethernetif.o(i.ethernetif_input)
    ethernetif_update_config                 0x08001b45   Thumb Code   206  ethernetif.o(i.ethernetif_update_config)
    fs_open                                  0x08001c19   Thumb Code    68  filesystem.o(i.fs_open)
    hexFileParse                             0x08001c61   Thumb Code   396  httpserver.o(i.hexFileParse)
    icmp_dest_unreach                        0x08001e5d   Thumb Code    18  icmp.o(i.icmp_dest_unreach)
    ip4_addr_isbroadcast_u32                 0x08001e6f   Thumb Code    78  ip4_addr.o(i.ip4_addr_isbroadcast_u32)
    ip4_output_if                            0x08001ebd   Thumb Code    54  ip4.o(i.ip4_output_if)
    ip4_output_if_src                        0x08001ef5   Thumb Code   250  ip4.o(i.ip4_output_if_src)
    ip_reass_tmr                             0x0800235d   Thumb Code    48  ip4_frag.o(i.ip_reass_tmr)
    lwip_init                                0x080026c5   Thumb Code    64  init.o(i.lwip_init)
    main                                     0x08002761   Thumb Code   492  main.o(i.main)
    malloc                                   0x08002995   Thumb Code    92  malloc.o(i.malloc)
    mem_init                                 0x08002a01   Thumb Code    76  mem.o(i.mem_init)
    memoryWriteMagicFlag                     0x08002a5d   Thumb Code   138  memory.o(i.memoryWriteMagicFlag)
    memoryWriteNetworkParameters             0x08002af1   Thumb Code   174  memory.o(i.memoryWriteNetworkParameters)
    memp_init                                0x08002ba9   Thumb Code    26  memp.o(i.memp_init)
    memp_malloc                              0x08002bc9   Thumb Code    50  memp.o(i.memp_malloc)
    netif_add                                0x08002c79   Thumb Code   318  netif.o(i.netif_add)
    netif_get_by_index                       0x08002fb1   Thumb Code    36  netif.o(i.netif_get_by_index)
    netif_set_default                        0x08002fd9   Thumb Code     6  netif.o(i.netif_set_default)
    netif_set_link_callback                  0x08002fe5   Thumb Code     6  netif.o(i.netif_set_link_callback)
    netif_set_up                             0x08002fed   Thumb Code    70  netif.o(i.netif_set_up)
    pbuf_add_header                          0x080030ad   Thumb Code    18  pbuf.o(i.pbuf_add_header)
    pbuf_alloc_reference                     0x080030c1   Thumb Code    78  pbuf.o(i.pbuf_alloc_reference)
    pbuf_copy_partial                        0x0800317d   Thumb Code   164  pbuf.o(i.pbuf_copy_partial)
    pbuf_free                                0x080032bd   Thumb Code   230  pbuf.o(i.pbuf_free)
    pbuf_header_force                        0x08003459   Thumb Code    18  pbuf.o(i.pbuf_header_force)
    pbuf_realloc                             0x0800348d   Thumb Code   194  pbuf.o(i.pbuf_realloc)
    sys_check_timeouts                       0x08003769   Thumb Code    88  timeouts.o(i.sys_check_timeouts)
    sys_now                                  0x080037cd   Thumb Code     8  ethernetif.o(i.sys_now)
    sys_timeout                              0x080037d5   Thumb Code    58  timeouts.o(i.sys_timeout)
    tcp_accept                               0x080039e5   Thumb Code    16  tcp.o(i.tcp_accept)
    tcp_close                                0x08003a9d   Thumb Code    64  tcp.o(i.tcp_close)
    tcp_fasttmr                              0x08003e09   Thumb Code   142  tcp.o(i.tcp_fasttmr)
    tcp_free                                 0x08003ea5   Thumb Code    40  tcp.o(i.tcp_free)
    tcp_free_ooseq                           0x08003f39   Thumb Code    20  tcp.o(i.tcp_free_ooseq)
    tcp_init                                 0x08003f81   Thumb Code    20  tcp.o(i.tcp_init)
    tcp_keepalive                            0x08003f99   Thumb Code    98  tcp_out.o(i.tcp_keepalive)
    tcp_listen_with_backlog_and_err          0x08004219   Thumb Code   246  tcp.o(i.tcp_listen_with_backlog_and_err)
    tcp_pcb_purge                            0x080048a5   Thumb Code   104  tcp.o(i.tcp_pcb_purge)
    tcp_pcb_remove                           0x08004981   Thumb Code   246  tcp.o(i.tcp_pcb_remove)
    tcp_recv                                 0x08004b59   Thumb Code    44  tcp.o(i.tcp_recv)
    tcp_recv_null                            0x08004c05   Thumb Code    78  tcp.o(i.tcp_recv_null)
    tcp_recved                               0x08004cc9   Thumb Code   130  tcp.o(i.tcp_recved)
    tcp_rexmit_fast                          0x08004de5   Thumb Code   142  tcp_out.o(i.tcp_rexmit_fast)
    tcp_rst                                  0x08004ef1   Thumb Code   146  tcp_out.o(i.tcp_rst)
    tcp_seg_copy                             0x08005019   Thumb Code    62  tcp.o(i.tcp_seg_copy)
    tcp_seg_free                             0x080050cd   Thumb Code    26  tcp.o(i.tcp_seg_free)
    tcp_tmr                                  0x0800522d   Thumb Code    30  tcp.o(i.tcp_tmr)
    tcp_update_rcv_ann_wnd                   0x08005251   Thumb Code   128  tcp.o(i.tcp_update_rcv_ann_wnd)
    tcp_zero_window_probe                    0x08005369   Thumb Code   238  tcp_out.o(i.tcp_zero_window_probe)
    udp_init                                 0x08005511   Thumb Code    20  udp.o(i.udp_init)
    udp_input                                0x08005529   Thumb Code   412  udp.o(i.udp_input)
    unlockAndEraseFirstPage                  0x08005775   Thumb Code    36  memory.o(i.unlockAndEraseFirstPage)
    updDataProcess                           0x08005799   Thumb Code    20  httpserver.o(i.updDataProcess)
    AHBPrescTable                            0x080057bc   Data          16  system_stm32f4xx.o(.constdata)
    APBPrescTable                            0x080057cc   Data           8  system_stm32f4xx.o(.constdata)
    ethbroadcast                             0x080057d4   Data           6  ethernet.o(.constdata)
    ethzero                                  0x080057da   Data           6  ethernet.o(.constdata)
    tcp_pcb_lists                            0x08005820   Data          16  tcp.o(.constdata)
    ip_addr_any                              0x08005830   Data           4  ip4_addr.o(.constdata)
    ip_addr_broadcast                        0x08005834   Data           4  ip4_addr.o(.constdata)
    __ctype_table                            0x08005838   Data         129  ctype_o.o(.constdata)
    Region$$Table$$Base                      0x0800595c   Number         0  anon$$obj.o(Region$$Table)
    Region$$Table$$Limit                     0x0800597c   Number         0  anon$$obj.o(Region$$Table)
    Reset_Handler                            0x08010001   Thumb Code     8  startup_stm32f429xx.o(.text)
    ADC_IRQHandler                           0x0801001b   Thumb Code     0  startup_stm32f429xx.o(.text)
    CAN1_RX0_IRQHandler                      0x0801001b   Thumb Code     0  startup_stm32f429xx.o(.text)
    CAN1_RX1_IRQHandler                      0x0801001b   Thumb Code     0  startup_stm32f429xx.o(.text)
    CAN1_SCE_IRQHandler                      0x0801001b   Thumb Code     0  startup_stm32f429xx.o(.text)
    CAN1_TX_IRQHandler                       0x0801001b   Thumb Code     0  startup_stm32f429xx.o(.text)
    CAN2_RX0_IRQHandler                      0x0801001b   Thumb Code     0  startup_stm32f429xx.o(.text)
    CAN2_RX1_IRQHandler                      0x0801001b   Thumb Code     0  startup_stm32f429xx.o(.text)
    CAN2_SCE_IRQHandler                      0x0801001b   Thumb Code     0  startup_stm32f429xx.o(.text)
    CAN2_TX_IRQHandler                       0x0801001b   Thumb Code     0  startup_stm32f429xx.o(.text)
    DCMI_IRQHandler                          0x0801001b   Thumb Code     0  startup_stm32f429xx.o(.text)
    DMA1_Stream0_IRQHandler                  0x0801001b   Thumb Code     0  startup_stm32f429xx.o(.text)
    DMA1_Stream1_IRQHandler                  0x0801001b   Thumb Code     0  startup_stm32f429xx.o(.text)
    DMA1_Stream2_IRQHandler                  0x0801001b   Thumb Code     0  startup_stm32f429xx.o(.text)
    DMA1_Stream3_IRQHandler                  0x0801001b   Thumb Code     0  startup_stm32f429xx.o(.text)
    DMA1_Stream4_IRQHandler                  0x0801001b   Thumb Code     0  startup_stm32f429xx.o(.text)
    DMA1_Stream5_IRQHandler                  0x0801001b   Thumb Code     0  startup_stm32f429xx.o(.text)
    DMA1_Stream6_IRQHandler                  0x0801001b   Thumb Code     0  startup_stm32f429xx.o(.text)
    DMA1_Stream7_IRQHandler                  0x0801001b   Thumb Code     0  startup_stm32f429xx.o(.text)
    DMA2D_IRQHandler                         0x0801001b   Thumb Code     0  startup_stm32f429xx.o(.text)
    DMA2_Stream0_IRQHandler                  0x0801001b   Thumb Code     0  startup_stm32f429xx.o(.text)
    DMA2_Stream1_IRQHandler                  0x0801001b   Thumb Code     0  startup_stm32f429xx.o(.text)
    DMA2_Stream2_IRQHandler                  0x0801001b   Thumb Code     0  startup_stm32f429xx.o(.text)
    DMA2_Stream3_IRQHandler                  0x0801001b   Thumb Code     0  startup_stm32f429xx.o(.text)
    DMA2_Stream4_IRQHandler                  0x0801001b   Thumb Code     0  startup_stm32f429xx.o(.text)
    DMA2_Stream5_IRQHandler                  0x0801001b   Thumb Code     0  startup_stm32f429xx.o(.text)
    DMA2_Stream6_IRQHandler                  0x0801001b   Thumb Code     0  startup_stm32f429xx.o(.text)
    DMA2_Stream7_IRQHandler                  0x0801001b   Thumb Code     0  startup_stm32f429xx.o(.text)
    ETH_IRQHandler                           0x0801001b   Thumb Code     0  startup_stm32f429xx.o(.text)
    ETH_WKUP_IRQHandler                      0x0801001b   Thumb Code     0  startup_stm32f429xx.o(.text)
    EXTI0_IRQHandler                         0x0801001b   Thumb Code     0  startup_stm32f429xx.o(.text)
    EXTI15_10_IRQHandler                     0x0801001b   Thumb Code     0  startup_stm32f429xx.o(.text)
    EXTI1_IRQHandler                         0x0801001b   Thumb Code     0  startup_stm32f429xx.o(.text)
    EXTI2_IRQHandler                         0x0801001b   Thumb Code     0  startup_stm32f429xx.o(.text)
    EXTI3_IRQHandler                         0x0801001b   Thumb Code     0  startup_stm32f429xx.o(.text)
    EXTI4_IRQHandler                         0x0801001b   Thumb Code     0  startup_stm32f429xx.o(.text)
    EXTI9_5_IRQHandler                       0x0801001b   Thumb Code     0  startup_stm32f429xx.o(.text)
    FLASH_IRQHandler                         0x0801001b   Thumb Code     0  startup_stm32f429xx.o(.text)
    FMC_IRQHandler                           0x0801001b   Thumb Code     0  startup_stm32f429xx.o(.text)
    FPU_IRQHandler                           0x0801001b   Thumb Code     0  startup_stm32f429xx.o(.text)
    HASH_RNG_IRQHandler                      0x0801001b   Thumb Code     0  startup_stm32f429xx.o(.text)
    I2C1_ER_IRQHandler                       0x0801001b   Thumb Code     0  startup_stm32f429xx.o(.text)
    I2C1_EV_IRQHandler                       0x0801001b   Thumb Code     0  startup_stm32f429xx.o(.text)
    I2C2_ER_IRQHandler                       0x0801001b   Thumb Code     0  startup_stm32f429xx.o(.text)
    I2C2_EV_IRQHandler                       0x0801001b   Thumb Code     0  startup_stm32f429xx.o(.text)
    I2C3_ER_IRQHandler                       0x0801001b   Thumb Code     0  startup_stm32f429xx.o(.text)
    I2C3_EV_IRQHandler                       0x0801001b   Thumb Code     0  startup_stm32f429xx.o(.text)
    LTDC_ER_IRQHandler                       0x0801001b   Thumb Code     0  startup_stm32f429xx.o(.text)
    LTDC_IRQHandler                          0x0801001b   Thumb Code     0  startup_stm32f429xx.o(.text)
    OTG_FS_IRQHandler                        0x0801001b   Thumb Code     0  startup_stm32f429xx.o(.text)
    OTG_FS_WKUP_IRQHandler                   0x0801001b   Thumb Code     0  startup_stm32f429xx.o(.text)
    OTG_HS_EP1_IN_IRQHandler                 0x0801001b   Thumb Code     0  startup_stm32f429xx.o(.text)
    OTG_HS_EP1_OUT_IRQHandler                0x0801001b   Thumb Code     0  startup_stm32f429xx.o(.text)
    OTG_HS_IRQHandler                        0x0801001b   Thumb Code     0  startup_stm32f429xx.o(.text)
    OTG_HS_WKUP_IRQHandler                   0x0801001b   Thumb Code     0  startup_stm32f429xx.o(.text)
    PVD_IRQHandler                           0x0801001b   Thumb Code     0  startup_stm32f429xx.o(.text)
    RCC_IRQHandler                           0x0801001b   Thumb Code     0  startup_stm32f429xx.o(.text)
    RTC_Alarm_IRQHandler                     0x0801001b   Thumb Code     0  startup_stm32f429xx.o(.text)
    RTC_WKUP_IRQHandler                      0x0801001b   Thumb Code     0  startup_stm32f429xx.o(.text)
    SAI1_IRQHandler                          0x0801001b   Thumb Code     0  startup_stm32f429xx.o(.text)
    SDIO_IRQHandler                          0x0801001b   Thumb Code     0  startup_stm32f429xx.o(.text)
    SPI1_IRQHandler                          0x0801001b   Thumb Code     0  startup_stm32f429xx.o(.text)
    SPI2_IRQHandler                          0x0801001b   Thumb Code     0  startup_stm32f429xx.o(.text)
    SPI3_IRQHandler                          0x0801001b   Thumb Code     0  startup_stm32f429xx.o(.text)
    SPI4_IRQHandler                          0x0801001b   Thumb Code     0  startup_stm32f429xx.o(.text)
    SPI5_IRQHandler                          0x0801001b   Thumb Code     0  startup_stm32f429xx.o(.text)
    SPI6_IRQHandler                          0x0801001b   Thumb Code     0  startup_stm32f429xx.o(.text)
    TAMP_STAMP_IRQHandler                    0x0801001b   Thumb Code     0  startup_stm32f429xx.o(.text)
    TIM1_BRK_TIM9_IRQHandler                 0x0801001b   Thumb Code     0  startup_stm32f429xx.o(.text)
    TIM1_CC_IRQHandler                       0x0801001b   Thumb Code     0  startup_stm32f429xx.o(.text)
    TIM1_TRG_COM_TIM11_IRQHandler            0x0801001b   Thumb Code     0  startup_stm32f429xx.o(.text)
    TIM1_UP_TIM10_IRQHandler                 0x0801001b   Thumb Code     0  startup_stm32f429xx.o(.text)
    TIM2_IRQHandler                          0x0801001b   Thumb Code     0  startup_stm32f429xx.o(.text)
    TIM3_IRQHandler                          0x0801001b   Thumb Code     0  startup_stm32f429xx.o(.text)
    TIM4_IRQHandler                          0x0801001b   Thumb Code     0  startup_stm32f429xx.o(.text)
    TIM5_IRQHandler                          0x0801001b   Thumb Code     0  startup_stm32f429xx.o(.text)
    TIM6_DAC_IRQHandler                      0x0801001b   Thumb Code     0  startup_stm32f429xx.o(.text)
    TIM7_IRQHandler                          0x0801001b   Thumb Code     0  startup_stm32f429xx.o(.text)
    TIM8_BRK_TIM12_IRQHandler                0x0801001b   Thumb Code     0  startup_stm32f429xx.o(.text)
    TIM8_CC_IRQHandler                       0x0801001b   Thumb Code     0  startup_stm32f429xx.o(.text)
    TIM8_TRG_COM_TIM14_IRQHandler            0x0801001b   Thumb Code     0  startup_stm32f429xx.o(.text)
    TIM8_UP_TIM13_IRQHandler                 0x0801001b   Thumb Code     0  startup_stm32f429xx.o(.text)
    UART4_IRQHandler                         0x0801001b   Thumb Code     0  startup_stm32f429xx.o(.text)
    UART5_IRQHandler                         0x0801001b   Thumb Code     0  startup_stm32f429xx.o(.text)
    UART7_IRQHandler                         0x0801001b   Thumb Code     0  startup_stm32f429xx.o(.text)
    UART8_IRQHandler                         0x0801001b   Thumb Code     0  startup_stm32f429xx.o(.text)
    USART1_IRQHandler                        0x0801001b   Thumb Code     0  startup_stm32f429xx.o(.text)
    USART2_IRQHandler                        0x0801001b   Thumb Code     0  startup_stm32f429xx.o(.text)
    USART3_IRQHandler                        0x0801001b   Thumb Code     0  startup_stm32f429xx.o(.text)
    USART6_IRQHandler                        0x0801001b   Thumb Code     0  startup_stm32f429xx.o(.text)
    WWDG_IRQHandler                          0x0801001b   Thumb Code     0  startup_stm32f429xx.o(.text)
    __aeabi_uldivmod                         0x08010025   Thumb Code    98  uldiv.o(.text)
    __rt_ctype_table                         0x08010089   Thumb Code     4  ctype_o.o(.text)
    rand                                     0x08010091   Thumb Code    20  rand.o(.text)
    srand                                    0x080100a5   Thumb Code     6  rand.o(.text)
    ___aeabi_memcpy4$move                    0x080100b5   Thumb Code     0  memmovea.o(.text)
    ___aeabi_memcpy8$move                    0x080100b5   Thumb Code     0  memmovea.o(.text)
    __aeabi_memcpy                           0x080100b5   Thumb Code    64  memmovea.o(.text)
    __aeabi_memmove                          0x080100b5   Thumb Code     0  memmovea.o(.text)
    __aeabi_memmove4                         0x080100b5   Thumb Code     0  memmovea.o(.text)
    __aeabi_memmove8                         0x080100b5   Thumb Code     0  memmovea.o(.text)
    strlen                                   0x080100f5   Thumb Code    14  strlen.o(.text)
    memcmp                                   0x08010103   Thumb Code    26  memcmp.o(.text)
    __aeabi_uidiv                            0x0801011d   Thumb Code     0  uidiv.o(.text)
    __aeabi_uidivmod                         0x0801011d   Thumb Code    44  uidiv.o(.text)
    DebugMon_Handler                         0x08010149   Thumb Code     2  stm32f4xx_it.o(i.DebugMon_Handler)
    Error_Handler                            0x08010441   Thumb Code     6  main.o(i.Error_Handler)
    GetTimeSpan                              0x080105d9   Thumb Code    20  timespan.o(i.GetTimeSpan)
    HAL_DeInit                               0x080105ed   Thumb Code    64  stm32f4xx_hal.o(i.HAL_DeInit)
    HAL_Delay                                0x08010631   Thumb Code    36  stm32f4xx_hal.o(i.HAL_Delay)
    HAL_ETH_ConfigMAC                        0x08010659   Thumb Code   314  stm32f4xx_hal_eth.o(i.HAL_ETH_ConfigMAC)
    HAL_ETH_Init                             0x08010799   Thumb Code   642  stm32f4xx_hal_eth.o(i.HAL_ETH_Init)
    HAL_ETH_Start                            0x08010a39   Thumb Code    82  stm32f4xx_hal_eth.o(i.HAL_ETH_Start)
    HAL_ETH_TransmitFrame                    0x08010a8b   Thumb Code   318  stm32f4xx_hal_eth.o(i.HAL_ETH_TransmitFrame)
    HAL_FLASH_Lock                           0x08010bc9   Thumb Code    16  stm32f4xx_hal_flash.o(i.HAL_FLASH_Lock)
    HAL_FLASH_Program                        0x08010bdd   Thumb Code   142  stm32f4xx_hal_flash.o(i.HAL_FLASH_Program)
    HAL_GPIO_ReadPin                         0x08010c75   Thumb Code    16  stm32f4xx_hal_gpio.o(i.HAL_GPIO_ReadPin)
    HAL_GetTick                              0x08010c85   Thumb Code     6  stm32f4xx_hal.o(i.HAL_GetTick)
    HAL_InitTick                             0x08010c91   Thumb Code    64  stm32f4xx_hal.o(i.HAL_InitTick)
    HAL_NVIC_SetPriority                     0x08010cdd   Thumb Code   124  stm32f4xx_hal_cortex.o(i.HAL_NVIC_SetPriority)
    HAL_NVIC_SetPriorityGrouping             0x08010d59   Thumb Code    32  stm32f4xx_hal_cortex.o(i.HAL_NVIC_SetPriorityGrouping)
    HAL_RCC_ClockConfig                      0x08010d81   Thumb Code   368  stm32f4xx_hal_rcc.o(i.HAL_RCC_ClockConfig)
    HAL_RCC_GetSysClockFreq                  0x08010f05   Thumb Code   162  stm32f4xx_hal_rcc.o(i.HAL_RCC_GetSysClockFreq)
    HAL_RCC_OscConfig                        0x08010fb5   Thumb Code  1172  stm32f4xx_hal_rcc.o(i.HAL_RCC_OscConfig)
    HAL_SYSTICK_Config                       0x08011451   Thumb Code    52  stm32f4xx_hal_cortex.o(i.HAL_SYSTICK_Config)
    HTTPServerAccept                         0x08011485   Thumb Code   238  httpserver.o(i.HTTPServerAccept)
    HTTPServer_Init                          0x080115f1   Thumb Code   202  httpserver.o(i.HTTPServer_Init)
    MX_LWIP_Init                             0x080118b1   Thumb Code   636  lwip.o(i.MX_LWIP_Init)
    MemManage_Handler                        0x08011b59   Thumb Code     4  stm32f4xx_it.o(i.MemManage_Handler)
    PendSV_Handler                           0x08011b5d   Thumb Code     2  stm32f4xx_it.o(i.PendSV_Handler)
    SysTick_Handler                          0x08011b5f   Thumb Code     8  stm32f4xx_it.o(i.SysTick_Handler)
    SystemInit                               0x08011b69   Thumb Code    14  system_stm32f4xx.o(i.SystemInit)
    UsageFault_Handler                       0x08011b7d   Thumb Code     4  stm32f4xx_it.o(i.UsageFault_Handler)
    __0printf$6                              0x08011b81   Thumb Code    22  printf6.o(i.__0printf$6)
    __1printf$6                              0x08011b81   Thumb Code     0  printf6.o(i.__0printf$6)
    __2printf                                0x08011b81   Thumb Code     0  printf6.o(i.__0printf$6)
    connectionErr                            0x08011eb5   Thumb Code    90  httpserver.o(i.connectionErr)
    connectionPoll                           0x08011f45   Thumb Code   112  httpserver.o(i.connectionPoll)
    connectionRecv                           0x08011fd9   Thumb Code   210  httpserver.o(i.connectionRecv)
    eraseSector                              0x08012149   Thumb Code   142  memory.o(i.eraseSector)
    etharp_cleanup_netif                     0x08012201   Thumb Code    50  etharp.o(i.etharp_cleanup_netif)
    etharp_query                             0x080126a1   Thumb Code   474  etharp.o(i.etharp_query)
    etharp_request                           0x08012ad1   Thumb Code    18  etharp.o(i.etharp_request)
    ethernet_input                           0x08012ae9   Thumb Code   190  ethernet.o(i.ethernet_input)
    ethernetif_notify_conn_changed           0x08012bad   Thumb Code     2  ethernetif.o(i.ethernetif_notify_conn_changed)
    fputc                                    0x08012bb1   Thumb Code    30  main.o(i.fputc)
    free                                     0x08012bd5   Thumb Code    76  malloc.o(i.free)
    icmp_input                               0x08012c25   Thumb Code   414  icmp.o(i.icmp_input)
    icmp_time_exceeded                       0x08012fb1   Thumb Code    18  icmp.o(i.icmp_time_exceeded)
    ip4_frag                                 0x08012fc5   Thumb Code   536  ip4_frag.o(i.ip4_frag)
    ip4_input                                0x08013291   Thumb Code   402  ip4.o(i.ip4_input)
    ip4_reass                                0x08013461   Thumb Code   584  ip4_frag.o(i.ip4_reass)
    ip4_route                                0x0801375d   Thumb Code   140  ip4.o(i.ip4_route)
    isSectorErased                           0x08013c4d   Thumb Code   474  memory.o(i.isSectorErased)
    lwip_htonl                               0x08013f5d   Thumb Code    26  def.o(i.lwip_htonl)
    lwip_htons                               0x08013f77   Thumb Code    12  def.o(i.lwip_htons)
    mem_free                                 0x08013f85   Thumb Code   194  mem.o(i.mem_free)
    mem_malloc                               0x080141a1   Thumb Code   402  mem.o(i.mem_malloc)
    mem_trim                                 0x08014459   Thumb Code   388  mem.o(i.mem_trim)
    memp_free                                0x0801468d   Thumb Code    54  memp.o(i.memp_free)
    memp_init_pool                           0x0801473d   Thumb Code    44  memp.o(i.memp_init_pool)
    netif_init                               0x080147a7   Thumb Code     2  netif.o(i.netif_init)
    netif_set_addr                           0x08014889   Thumb Code    92  netif.o(i.netif_set_addr)
    netif_set_down                           0x080148e9   Thumb Code    78  netif.o(i.netif_set_down)
    pbuf_alloc                               0x08014a9d   Thumb Code   410  pbuf.o(i.pbuf_alloc)
    pbuf_alloced_custom                      0x08014d3d   Thumb Code    82  pbuf.o(i.pbuf_alloced_custom)
    pbuf_cat                                 0x08014d91   Thumb Code   126  pbuf.o(i.pbuf_cat)
    pbuf_clen                                0x08014ee1   Thumb Code    18  pbuf.o(i.pbuf_clen)
    pbuf_clone                               0x08014ef5   Thumb Code    68  pbuf.o(i.pbuf_clone)
    pbuf_copy                                0x08014fa5   Thumb Code   304  pbuf.o(i.pbuf_copy)
    pbuf_free_ooseq                          0x080151cd   Thumb Code    40  pbuf.o(i.pbuf_free_ooseq)
    pbuf_ref                                 0x0801522d   Thumb Code    48  pbuf.o(i.pbuf_ref)
    pbuf_remove_header                       0x080152c9   Thumb Code   110  pbuf.o(i.pbuf_remove_header)
    runMainApp                               0x08015595   Thumb Code    28  main.o(i.runMainApp)
    sys_timeouts_init                        0x080155b5   Thumb Code    30  timeouts.o(i.sys_timeouts_init)
    tcpDataProcess                           0x080155dd   Thumb Code  1016  httpserver.o(i.tcpDataProcess)
    tcp_abandon                              0x08015bdd   Thumb Code   284  tcp.o(i.tcp_abandon)
    tcp_abort                                0x08015db1   Thumb Code    14  tcp.o(i.tcp_abort)
    tcp_alloc                                0x08015dc1   Thumb Code   174  tcp.o(i.tcp_alloc)
    tcp_arg                                  0x08015e81   Thumb Code     6  tcp.o(i.tcp_arg)
    tcp_bind                                 0x08015e89   Thumb Code   204  tcp.o(i.tcp_bind)
    tcp_eff_send_mss_netif                   0x08016205   Thumb Code    82  tcp.o(i.tcp_eff_send_mss_netif)
    tcp_enqueue_flags                        0x080162d9   Thumb Code   408  tcp_out.o(i.tcp_enqueue_flags)
    tcp_err                                  0x08016599   Thumb Code    44  tcp.o(i.tcp_err)
    tcp_input                                0x08016885   Thumb Code  1994  tcp_in.o(i.tcp_input)
    tcp_listen_with_backlog                  0x0801741d   Thumb Code    18  tcp.o(i.tcp_listen_with_backlog)
    tcp_netif_ip_addr_changed                0x08017431   Thumb Code    64  tcp.o(i.tcp_netif_ip_addr_changed)
    tcp_new                                  0x0801754d   Thumb Code    10  tcp.o(i.tcp_new)
    tcp_next_iss                             0x080175c1   Thumb Code    50  tcp.o(i.tcp_next_iss)
    tcp_output                               0x0801779d   Thumb Code   684  tcp_out.o(i.tcp_output)
    tcp_poll                                 0x08018001   Thumb Code    74  tcp.o(i.tcp_poll)
    tcp_process_refused_data                 0x08018821   Thumb Code   180  tcp.o(i.tcp_process_refused_data)
    tcp_rexmit                               0x08019685   Thumb Code   142  tcp_out.o(i.tcp_rexmit)
    tcp_rexmit_rto                           0x08019789   Thumb Code    46  tcp_out.o(i.tcp_rexmit_rto)
    tcp_rexmit_rto_commit                    0x08019831   Thumb Code    56  tcp_out.o(i.tcp_rexmit_rto_commit)
    tcp_rexmit_rto_prepare                   0x080198e9   Thumb Code   150  tcp_out.o(i.tcp_rexmit_rto_prepare)
    tcp_segs_free                            0x08019a1f   Thumb Code    24  tcp.o(i.tcp_segs_free)
    tcp_send_empty_ack                       0x08019a39   Thumb Code   194  tcp_out.o(i.tcp_send_empty_ack)
    tcp_send_fin                             0x08019b79   Thumb Code   104  tcp_out.o(i.tcp_send_fin)
    tcp_sent                                 0x08019c59   Thumb Code    44  tcp.o(i.tcp_sent)
    tcp_slowtmr                              0x08019d05   Thumb Code  1702  tcp.o(i.tcp_slowtmr)
    tcp_split_unsent_seg                     0x0801a439   Thumb Code   510  tcp_out.o(i.tcp_split_unsent_seg)
    tcp_timer_needed                         0x0801a709   Thumb Code    38  timeouts.o(i.tcp_timer_needed)
    tcp_trigger_input_pcb_close              0x0801a741   Thumb Code    14  tcp_in.o(i.tcp_trigger_input_pcb_close)
    tcp_write                                0x0801a755   Thumb Code  1918  tcp_out.o(i.tcp_write)
    twoCharToUint8                           0x0801b12d   Thumb Code    88  httpserver.o(i.twoCharToUint8)
    udp_netif_ip_addr_changed                0x0801b2bd   Thumb Code    42  udp.o(i.udp_netif_ip_addr_changed)
    writeCRCToFirstPageCopyFirstToSecondPageAndLock 0x0801b2ed   Thumb Code   112  memory.o(i.writeCRCToFirstPageCopyFirstToSecondPageAndLock)
    file_favicon_ico                         0x0801b898   Data          20  filesystem.o(.constdata)
    file_style_css                           0x0801c794   Data          20  filesystem.o(.constdata)
    file_Update_html                         0x0801d558   Data          20  filesystem.o(.constdata)
    memp_UDP_PCB                             0x0801d56c   Data          12  memp.o(.constdata)
    memp_TCP_PCB                             0x0801d578   Data          12  memp.o(.constdata)
    memp_TCP_PCB_LISTEN                      0x0801d584   Data          12  memp.o(.constdata)
    memp_TCP_SEG                             0x0801d590   Data          12  memp.o(.constdata)
    memp_REASSDATA                           0x0801d59c   Data          12  memp.o(.constdata)
    memp_FRAG_PBUF                           0x0801d5a8   Data          12  memp.o(.constdata)
    memp_SYS_TIMEOUT                         0x0801d5b4   Data          12  memp.o(.constdata)
    memp_PBUF                                0x0801d5c0   Data          12  memp.o(.constdata)
    memp_PBUF_POOL                           0x0801d5cc   Data          12  memp.o(.constdata)
    memp_pools                               0x0801d5d8   Data          36  memp.o(.constdata)
    lwip_cyclic_timers                       0x0801d5fc   Data          24  timeouts.o(.constdata)
    lwip_num_cyclic_timers                   0x0801d614   Data           4  timeouts.o(.constdata)
    __stdout                                 0x20000000   Data           4  main.o(.data)
    __stdin                                  0x20000004   Data           4  main.o(.data)
    memory                                   0x20000008   Data           4  main.o(.data)
    mainAppCRC                               0x2000000c   Data           2  main.o(.data)
    memCrc                                   0x2000000e   Data           2  main.o(.data)
    ipaddr                                   0x20000018   Data           4  lwip.o(.data)
    netmask                                  0x2000001c   Data           4  lwip.o(.data)
    gw                                       0x20000020   Data           4  lwip.o(.data)
    IP_ADDRESS                               0x20000024   Data           4  lwip.o(.data)
    NETMASK_ADDRESS                          0x20000028   Data           4  lwip.o(.data)
    GATEWAY_ADDRESS                          0x2000002c   Data           4  lwip.o(.data)
    uwTick                                   0x20000040   Data           4  stm32f4xx_hal.o(.data)
    uwTickPrio                               0x20000044   Data           4  stm32f4xx_hal.o(.data)
    uwTickFreq                               0x20000048   Data           1  stm32f4xx_hal.o(.data)
    SystemCoreClock                          0x2000004c   Data           4  system_stm32f4xx.o(.data)
    netif_list                               0x20000080   Data           4  netif.o(.data)
    netif_default                            0x20000084   Data           4  netif.o(.data)
    pbuf_free_ooseq_pending                  0x20000089   Data           1  pbuf.o(.data)
    tcp_ticks                                0x20000090   Data           4  tcp.o(.data)
    tcp_bound_pcbs                           0x20000094   Data           4  tcp.o(.data)
    tcp_listen_pcbs                          0x20000098   Data           4  tcp.o(.data)
    tcp_active_pcbs                          0x2000009c   Data           4  tcp.o(.data)
    tcp_tw_pcbs                              0x200000a0   Data           4  tcp.o(.data)
    tcp_active_pcbs_changed                  0x200000a4   Data           1  tcp.o(.data)
    tcp_input_pcb                            0x200000d0   Data           4  tcp_in.o(.data)
    udp_pcbs                                 0x200000e4   Data           4  udp.o(.data)
    __microlib_freelist                      0x200000f8   Data           4  mvars.o(.data)
    __microlib_freelist_initialised          0x200000fc   Data           4  mvars.o(.data)
    httpServer                               0x20000104   Data          24  main.o(.bss)
    DMARxDscrTab                             0x2000011c   Data         128  ethernetif.o(.bss)
    DMATxDscrTab                             0x2000019c   Data         128  ethernetif.o(.bss)
    Rx_Buff                                  0x2000021c   Data        6096  ethernetif.o(.bss)
    Tx_Buff                                  0x200019ec   Data        6096  ethernetif.o(.bss)
    heth                                     0x200031bc   Data          72  ethernetif.o(.bss)
    gnetif                                   0x20003204   Data          52  lwip.o(.bss)
    pFlash                                   0x20003268   Data          32  stm32f4xx_hal_flash.o(.bss)
    ip_data                                  0x20003288   Data          24  ip.o(.bss)
    ram_heap                                 0x200032a0   Data        1619  mem.o(.bss)
    memp_memory_UDP_PCB_base                 0x200038f3   Data         131  memp.o(.bss)
    memp_memory_TCP_PCB_base                 0x20003976   Data         783  memp.o(.bss)
    memp_memory_TCP_PCB_LISTEN_base          0x20003c85   Data         227  memp.o(.bss)
    memp_memory_TCP_SEG_base                 0x20003d68   Data         259  memp.o(.bss)
    memp_memory_REASSDATA_base               0x20003e6b   Data         163  memp.o(.bss)
    memp_memory_FRAG_PBUF_base               0x20003f0e   Data         363  memp.o(.bss)
    memp_memory_SYS_TIMEOUT_base             0x20004079   Data          51  memp.o(.bss)
    memp_memory_PBUF_base                    0x200040ac   Data         259  memp.o(.bss)
    memp_memory_PBUF_POOL_base               0x200041af   Data        9731  memp.o(.bss)
    __heap_base                              0x200068b8   Data           0  startup_stm32f429xx.o(HEAP)
    __heap_limit                             0x200088b8   Data           0  startup_stm32f429xx.o(HEAP)
    __initial_sp                             0x2000a8b8   Data           0  startup_stm32f429xx.o(STACK)



==============================================================================

Memory Map of the image

  Image Entry point : 0x080001ad

  Load Region LR_IROM1 (Base: 0x08000000, Size: 0x00005a80, Max: 0x00008000, ABSOLUTE)

    Execution Region ER_IROM1 (Exec base: 0x08000000, Load base: 0x08000000, Size: 0x0000597c, Max: 0x00008000, ABSOLUTE)

    Exec Addr    Load Addr    Size         Type   Attr      Idx    E Section Name        Object

    0x08000000   0x08000000   0x000001ac   Data   RO            3    RESET               startup_stm32f429xx.o
    0x080001ac   0x080001ac   0x00000000   Code   RO         6227  * .ARM.Collect$$$$00000000  mc_w.l(entry.o)
    0x080001ac   0x080001ac   0x00000004   Code   RO         6574    .ARM.Collect$$$$00000001  mc_w.l(entry2.o)
    0x080001b0   0x080001b0   0x00000004   Code   RO         6577    .ARM.Collect$$$$00000004  mc_w.l(entry5.o)
    0x080001b4   0x080001b4   0x00000000   Code   RO         6579    .ARM.Collect$$$$00000008  mc_w.l(entry7b.o)
    0x080001b4   0x080001b4   0x00000000   Code   RO         6581    .ARM.Collect$$$$0000000A  mc_w.l(entry8b.o)
    0x080001b4   0x080001b4   0x00000008   Code   RO         6582    .ARM.Collect$$$$0000000B  mc_w.l(entry9a.o)
    0x080001bc   0x080001bc   0x00000004   Code   RO         6589    .ARM.Collect$$$$0000000E  mc_w.l(entry12b.o)
    0x080001c0   0x080001c0   0x00000000   Code   RO         6584    .ARM.Collect$$$$0000000F  mc_w.l(entry10a.o)
    0x080001c0   0x080001c0   0x00000000   Code   RO         6586    .ARM.Collect$$$$00000011  mc_w.l(entry11a.o)
    0x080001c0   0x080001c0   0x00000004   Code   RO         6575    .ARM.Collect$$$$00002712  mc_w.l(entry2.o)
    0x080001c4   0x080001c4   0x00000024   Code   RO         6267    .text               mc_w.l(memseta.o)
    0x080001e8   0x080001e8   0x00000070   Code   RO         6568    .text               mc_w.l(strtol.o)
    0x08000258   0x08000258   0x0000001e   Code   RO         6592    .text               mc_w.l(llshl.o)
    0x08000276   0x08000276   0x00000020   Code   RO         6594    .text               mc_w.l(llushr.o)
    0x08000296   0x08000296   0x0000009e   Code   RO         6605    .text               mc_w.l(_strtoul.o)
    0x08000334   0x08000334   0x00000024   Code   RO         6618    .text               mc_w.l(init.o)
    0x08000358   0x08000358   0x0000001c   Code   RO         6622    .text               mc_w.l(_chval.o)
    0x08000374   0x08000374   0x00000004   Code   RO          321    i.BusFault_Handler  stm32f4xx_it.o
    0x08000378   0x08000378   0x00000020   Code   RO           13    i.Delay_ms          main.o
    0x08000398   0x08000398   0x00000016   Code   RO         1099    i.ETH_DMAReceptionDisable  stm32f4xx_hal_eth.o
    0x080003ae   0x080003ae   0x00000016   Code   RO         1101    i.ETH_DMATransmissionDisable  stm32f4xx_hal_eth.o
    0x080003c4   0x080003c4   0x00000028   Code   RO         1103    i.ETH_Delay         stm32f4xx_hal_eth.o
    0x080003ec   0x080003ec   0x00000038   Code   RO         1104    i.ETH_FlushTransmitFIFO  stm32f4xx_hal_eth.o
    0x08000424   0x08000424   0x00000028   Code   RO         1108    i.ETH_MACReceptionEnable  stm32f4xx_hal_eth.o
    0x0800044c   0x0800044c   0x00000028   Code   RO         1110    i.ETH_MACTransmissionEnable  stm32f4xx_hal_eth.o
    0x08000474   0x08000474   0x00000060   Code   RO         1583    i.FLASH_Erase_Sector  stm32f4xx_hal_flash_ex.o
    0x080004d4   0x080004d4   0x00000078   Code   RO         1584    i.FLASH_FlushCaches  stm32f4xx_hal_flash_ex.o
    0x0800054c   0x0800054c   0x00000028   Code   RO         1468    i.FLASH_Program_Word  stm32f4xx_hal_flash.o
    0x08000574   0x08000574   0x00000064   Code   RO         1470    i.FLASH_WaitForLastOperation  stm32f4xx_hal_flash.o
    0x080005d8   0x080005d8   0x0000008c   Code   RO         1113    i.HAL_ETH_DMARxDescListInit  stm32f4xx_hal_eth.o
    0x08000664   0x08000664   0x00000084   Code   RO         1114    i.HAL_ETH_DMATxDescListInit  stm32f4xx_hal_eth.o
    0x080006e8   0x080006e8   0x000000b2   Code   RO         1117    i.HAL_ETH_GetReceivedFrame  stm32f4xx_hal_eth.o
    0x0800079a   0x0800079a   0x00000002   PAD
    0x0800079c   0x0800079c   0x00000184   Code   RO          505    i.HAL_ETH_MspInit   ethernetif.o
    0x08000920   0x08000920   0x00000092   Code   RO         1124    i.HAL_ETH_ReadPHYRegister  stm32f4xx_hal_eth.o
    0x080009b2   0x080009b2   0x00000052   Code   RO         1127    i.HAL_ETH_Stop      stm32f4xx_hal_eth.o
    0x08000a04   0x08000a04   0x00000090   Code   RO         1130    i.HAL_ETH_WritePHYRegister  stm32f4xx_hal_eth.o
    0x08000a94   0x08000a94   0x000000b0   Code   RO         1600    i.HAL_FLASHEx_Erase  stm32f4xx_hal_flash_ex.o
    0x08000b44   0x08000b44   0x00000034   Code   RO         1481    i.HAL_FLASH_Unlock  stm32f4xx_hal_flash.o
    0x08000b78   0x08000b78   0x0000020c   Code   RO         1754    i.HAL_GPIO_Init     stm32f4xx_hal_gpio.o
    0x08000d84   0x08000d84   0x00000014   Code   RO         1757    i.HAL_GPIO_TogglePin  stm32f4xx_hal_gpio.o
    0x08000d98   0x08000d98   0x0000000c   Code   RO         1758    i.HAL_GPIO_WritePin  stm32f4xx_hal_gpio.o
    0x08000da4   0x08000da4   0x00000018   Code   RO         2317    i.HAL_IncTick       stm32f4xx_hal.o
    0x08000dbc   0x08000dbc   0x0000003c   Code   RO         2318    i.HAL_Init          stm32f4xx_hal.o
    0x08000df8   0x08000df8   0x00000002   Code   RO         2320    i.HAL_MspDeInit     stm32f4xx_hal.o
    0x08000dfa   0x08000dfa   0x00000002   PAD
    0x08000dfc   0x08000dfc   0x00000048   Code   RO          480    i.HAL_MspInit       stm32f4xx_hal_msp.o
    0x08000e44   0x08000e44   0x00000044   Code   RO         2169    i.HAL_NVIC_SystemReset  stm32f4xx_hal_cortex.o
    0x08000e88   0x08000e88   0x0000000c   Code   RO         1303    i.HAL_RCC_GetHCLKFreq  stm32f4xx_hal_rcc.o
    0x08000e94   0x08000e94   0x00000004   Code   RO          323    i.HardFault_Handler  stm32f4xx_it.o
    0x08000e98   0x08000e98   0x00000010   Code   RO          873    i.IsDebuggerConnected  coredebug.o
    0x08000ea8   0x08000ea8   0x0000003c   Code   RO          793    i.MODBUS_CRC16      memory.o
    0x08000ee4   0x08000ee4   0x00000014   Code   RO          699    i.MX_LWIP_Process   lwip.o
    0x08000ef8   0x08000ef8   0x000001a8   Code   RO          794    i.Memory_Init       memory.o
    0x080010a0   0x080010a0   0x00000004   Code   RO          325    i.NMI_Handler       stm32f4xx_it.o
    0x080010a4   0x080010a4   0x00000002   Code   RO          327    i.SVC_Handler       stm32f4xx_it.o
    0x080010a6   0x080010a6   0x00000002   PAD
    0x080010a8   0x080010a8   0x000000b4   Code   RO           16    i.SystemClock_Config  main.o
    0x0800115c   0x0800115c   0x00000028   Code   RO         6436    i.__0sprintf$6      mc_w.l(printf6.o)
    0x08001184   0x08001184   0x00000010   Code   RO         2174    i.__NVIC_GetPriorityGrouping  stm32f4xx_hal_cortex.o
    0x08001194   0x08001194   0x00000028   Code   RO         2175    i.__NVIC_SetPriority  stm32f4xx_hal_cortex.o
    0x080011bc   0x080011bc   0x00000008   Code   RO         6598    i.__aeabi_errno_addr  mc_w.l(errno.o)
    0x080011c4   0x080011c4   0x0000000e   Code   RO         6628    i.__scatterload_copy  mc_w.l(handlers.o)
    0x080011d2   0x080011d2   0x00000002   Code   RO         6629    i.__scatterload_null  mc_w.l(handlers.o)
    0x080011d4   0x080011d4   0x0000000e   Code   RO         6630    i.__scatterload_zeroinit  mc_w.l(handlers.o)
    0x080011e2   0x080011e2   0x0000002e   Code   RO         6443    i._printf_pre_padding  mc_w.l(printf6.o)
    0x08001210   0x08001210   0x0000000a   Code   RO         6445    i._sputc            mc_w.l(printf6.o)
    0x0800121a   0x0800121a   0x00000002   PAD
    0x0800121c   0x0800121c   0x000000ac   Code   RO         3979    i.do_memp_free_pool  memp.o
    0x080012c8   0x080012c8   0x000000b4   Code   RO         3980    i.do_memp_malloc_pool  memp.o
    0x0800137c   0x0800137c   0x00000040   Code   RO         5431    i.etharp_free_entry  etharp.o
    0x080013bc   0x080013bc   0x0000013c   Code   RO         5433    i.etharp_input      etharp.o
    0x080014f8   0x080014f8   0x00000224   Code   RO         5434    i.etharp_output     etharp.o
    0x0800171c   0x0800171c   0x0000002c   Code   RO         5439    i.etharp_request_dst  etharp.o
    0x08001748   0x08001748   0x000000dc   Code   RO         5440    i.etharp_tmr        etharp.o
    0x08001824   0x08001824   0x0000015c   Code   RO         5441    i.etharp_update_arp_entry  etharp.o
    0x08001980   0x08001980   0x00000104   Code   RO         3207    i.ethernet_output   ethernet.o
    0x08001a84   0x08001a84   0x00000098   Code   RO          506    i.ethernetif_init   ethernetif.o
    0x08001b1c   0x08001b1c   0x00000028   Code   RO          507    i.ethernetif_input  ethernetif.o
    0x08001b44   0x08001b44   0x000000d4   Code   RO          510    i.ethernetif_update_config  ethernetif.o
    0x08001c18   0x08001c18   0x00000048   Code   RO         1060    i.fs_open           filesystem.o
    0x08001c60   0x08001c60   0x000001fc   Code   RO          906    i.hexFileParse      httpserver.o
    0x08001e5c   0x08001e5c   0x00000012   Code   RO         5534    i.icmp_dest_unreach  icmp.o
    0x08001e6e   0x08001e6e   0x0000004e   Code   RO         5655    i.ip4_addr_isbroadcast_u32  ip4_addr.o
    0x08001ebc   0x08001ebc   0x00000036   Code   RO         5603    i.ip4_output_if     ip4.o
    0x08001ef2   0x08001ef2   0x00000002   PAD
    0x08001ef4   0x08001ef4   0x0000019c   Code   RO         5604    i.ip4_output_if_src  ip4.o
    0x08002090   0x08002090   0x00000098   Code   RO         5726    i.ip_frag_free_pbuf_custom_ref  ip4_frag.o
    0x08002128   0x08002128   0x00000054   Code   RO         5729    i.ip_reass_enqueue_new_datagram  ip4_frag.o
    0x0800217c   0x0800217c   0x000001e0   Code   RO         5730    i.ip_reass_free_complete_datagram  ip4_frag.o
    0x0800235c   0x0800235c   0x00000034   Code   RO         5732    i.ip_reass_tmr      ip4_frag.o
    0x08002390   0x08002390   0x000000c8   Code   RO         5733    i.ipfrag_free_pbuf_custom  ip4_frag.o
    0x08002458   0x08002458   0x00000134   Code   RO          511    i.low_level_init    ethernetif.o
    0x0800258c   0x0800258c   0x000000e8   Code   RO          513    i.low_level_output  ethernetif.o
    0x08002674   0x08002674   0x00000050   Code   RO         5171    i.lwip_cyclic_timer  timeouts.o
    0x080026c4   0x080026c4   0x0000009c   Code   RO         3791    i.lwip_init         init.o
    0x08002760   0x08002760   0x00000234   Code   RO           18    i.main              main.o
    0x08002994   0x08002994   0x0000006c   Code   RO         6541    i.malloc            mc_w.l(malloc.o)
    0x08002a00   0x08002a00   0x0000005c   Code   RO         3902    i.mem_init          mem.o
    0x08002a5c   0x08002a5c   0x00000094   Code   RO          798    i.memoryWriteMagicFlag  memory.o
    0x08002af0   0x08002af0   0x000000b8   Code   RO          799    i.memoryWriteNetworkParameters  memory.o
    0x08002ba8   0x08002ba8   0x00000020   Code   RO         3983    i.memp_init         memp.o
    0x08002bc8   0x08002bc8   0x000000b0   Code   RO         3985    i.memp_malloc       memp.o
    0x08002c78   0x08002c78   0x00000230   Code   RO         4088    i.netif_add         netif.o
    0x08002ea8   0x08002ea8   0x000000e0   Code   RO         4092    i.netif_do_set_ipaddr  netif.o
    0x08002f88   0x08002f88   0x00000026   Code   RO         4093    i.netif_do_set_netmask  netif.o
    0x08002fae   0x08002fae   0x00000002   PAD
    0x08002fb0   0x08002fb0   0x00000028   Code   RO         4095    i.netif_get_by_index  netif.o
    0x08002fd8   0x08002fd8   0x0000000c   Code   RO         4104    i.netif_set_default  netif.o
    0x08002fe4   0x08002fe4   0x00000006   Code   RO         4108    i.netif_set_link_callback  netif.o
    0x08002fea   0x08002fea   0x00000002   PAD
    0x08002fec   0x08002fec   0x000000c0   Code   RO         4112    i.netif_set_up      netif.o
    0x080030ac   0x080030ac   0x00000012   Code   RO         4277    i.pbuf_add_header   pbuf.o
    0x080030be   0x080030be   0x00000002   PAD
    0x080030c0   0x080030c0   0x000000bc   Code   RO         4281    i.pbuf_alloc_reference  pbuf.o
    0x0800317c   0x0800317c   0x00000140   Code   RO         4289    i.pbuf_copy_partial  pbuf.o
    0x080032bc   0x080032bc   0x0000019c   Code   RO         4291    i.pbuf_free         pbuf.o
    0x08003458   0x08003458   0x00000012   Code   RO         4297    i.pbuf_header_force  pbuf.o
    0x0800346a   0x0800346a   0x00000022   Code   RO         4298    i.pbuf_header_impl  pbuf.o
    0x0800348c   0x0800348c   0x00000168   Code   RO         4304    i.pbuf_realloc      pbuf.o
    0x080035f4   0x080035f4   0x00000164   Code   RO          907    i.printErrT         httpserver.o
    0x08003758   0x08003758   0x00000010   Code   RO         3908    i.ptr_to_mem        mem.o
    0x08003768   0x08003768   0x00000064   Code   RO         5172    i.sys_check_timeouts  timeouts.o
    0x080037cc   0x080037cc   0x00000008   Code   RO          515    i.sys_now           ethernetif.o
    0x080037d4   0x080037d4   0x000000d0   Code   RO         5174    i.sys_timeout       timeouts.o
    0x080038a4   0x080038a4   0x00000140   Code   RO         5175    i.sys_timeout_abs   timeouts.o
    0x080039e4   0x080039e4   0x00000010   Code   RO         4583    i.tcp_accept        tcp.o
    0x080039f4   0x080039f4   0x000000a8   Code   RO         4584    i.tcp_accept_null   tcp.o
    0x08003a9c   0x08003a9c   0x000000b0   Code   RO         4589    i.tcp_close         tcp.o
    0x08003b4c   0x08003b4c   0x000000e8   Code   RO         4591    i.tcp_close_shutdown_fin  tcp.o
    0x08003c34   0x08003c34   0x000001d4   Code   RO         5011    i.tcp_create_segment  tcp_out.o
    0x08003e08   0x08003e08   0x0000009c   Code   RO         4596    i.tcp_fasttmr       tcp.o
    0x08003ea4   0x08003ea4   0x00000094   Code   RO         4597    i.tcp_free          tcp.o
    0x08003f38   0x08003f38   0x00000014   Code   RO         4599    i.tcp_free_ooseq    tcp.o
    0x08003f4c   0x08003f4c   0x00000034   Code   RO         4600    i.tcp_handle_closepend  tcp.o
    0x08003f80   0x08003f80   0x00000018   Code   RO         4601    i.tcp_init          tcp.o
    0x08003f98   0x08003f98   0x000000dc   Code   RO         5013    i.tcp_keepalive     tcp_out.o
    0x08004074   0x08004074   0x000000d0   Code   RO         4603    i.tcp_kill_state    tcp.o
    0x08004144   0x08004144   0x000000d4   Code   RO         4605    i.tcp_listen_closed  tcp.o
    0x08004218   0x08004218   0x000001c4   Code   RO         4607    i.tcp_listen_with_backlog_and_err  tcp.o
    0x080043dc   0x080043dc   0x00000124   Code   RO         5016    i.tcp_output_alloc_header_common  tcp_out.o
    0x08004500   0x08004500   0x000000fc   Code   RO         5017    i.tcp_output_control_segment  tcp_out.o
    0x080045fc   0x080045fc   0x00000130   Code   RO         4928    i.tcp_parseopt      tcp_in.o
    0x0800472c   0x0800472c   0x00000178   Code   RO         5021    i.tcp_pbuf_prealloc  tcp_out.o
    0x080048a4   0x080048a4   0x000000dc   Code   RO         4614    i.tcp_pcb_purge     tcp.o
    0x08004980   0x08004980   0x000001d8   Code   RO         4615    i.tcp_pcb_remove    tcp.o
    0x08004b58   0x08004b58   0x000000ac   Code   RO         4618    i.tcp_recv          tcp.o
    0x08004c04   0x08004c04   0x000000c4   Code   RO         4619    i.tcp_recv_null     tcp.o
    0x08004cc8   0x08004cc8   0x0000011c   Code   RO         4620    i.tcp_recved        tcp.o
    0x08004de4   0x08004de4   0x0000010c   Code   RO         5023    i.tcp_rexmit_fast   tcp_out.o
    0x08004ef0   0x08004ef0   0x00000128   Code   RO         5028    i.tcp_rst           tcp_out.o
    0x08005018   0x08005018   0x000000b4   Code   RO         4622    i.tcp_seg_copy      tcp.o
    0x080050cc   0x080050cc   0x0000001a   Code   RO         4623    i.tcp_seg_free      tcp.o
    0x080050e6   0x080050e6   0x00000002   PAD
    0x080050e8   0x080050e8   0x00000144   Code   RO         4931    i.tcp_timewait_input  tcp_in.o
    0x0800522c   0x0800522c   0x00000024   Code   RO         4630    i.tcp_tmr           tcp.o
    0x08005250   0x08005250   0x00000118   Code   RO         4632    i.tcp_update_rcv_ann_wnd  tcp.o
    0x08005368   0x08005368   0x00000170   Code   RO         5034    i.tcp_zero_window_probe  tcp_out.o
    0x080054d8   0x080054d8   0x00000038   Code   RO         5180    i.tcpip_tcp_timer   timeouts.o
    0x08005510   0x08005510   0x00000018   Code   RO         5266    i.udp_init          udp.o
    0x08005528   0x08005528   0x0000024c   Code   RO         5267    i.udp_input         udp.o
    0x08005774   0x08005774   0x00000024   Code   RO          800    i.unlockAndEraseFirstPage  memory.o
    0x08005798   0x08005798   0x00000014   Code   RO          910    i.updDataProcess    httpserver.o
    0x080057ac   0x080057ac   0x00000010   Data   RO           21    .constdata          main.o
    0x080057bc   0x080057bc   0x00000018   Data   RO         2604    .constdata          system_stm32f4xx.o
    0x080057d4   0x080057d4   0x0000000c   Data   RO         3208    .constdata          ethernet.o
    0x080057e0   0x080057e0   0x00000050   Data   RO         4633    .constdata          tcp.o
    0x08005830   0x08005830   0x00000008   Data   RO         5662    .constdata          ip4_addr.o
    0x08005838   0x08005838   0x00000081   Data   RO         6233    .constdata          mc_w.l(ctype_o.o)
    0x080058b9   0x080058b9   0x00000003   PAD
    0x080058bc   0x080058bc   0x00000004   Data   RO         6234    .constdata          mc_w.l(ctype_o.o)
    0x080058c0   0x080058c0   0x00000041   Data   RO         3792    .conststring        init.o
    0x08005901   0x08005901   0x00000003   PAD
    0x08005904   0x08005904   0x00000055   Data   RO         5035    .conststring        tcp_out.o
    0x08005959   0x08005959   0x00000003   PAD
    0x0800595c   0x0800595c   0x00000020   Data   RO         6626    Region$$Table       anon$$obj.o


    Execution Region RW_IRAM1 (Exec base: 0x20000000, Load base: 0x0800597c, Size: 0x0000a8b8, Max: 0x00030000, ABSOLUTE)

    Exec Addr    Load Addr    Size         Type   Attr      Idx    E Section Name        Object

    0x20000000   0x0800597c   0x00000018   Data   RW           22    .data               main.o
    0x20000018   0x08005994   0x00000018   Data   RW          705    .data               lwip.o
    0x20000030   0x080059ac   0x00000004   Data   RW          804    .data               memory.o
    0x20000034   0x080059b0   0x0000000c   Data   RW          914    .data               httpserver.o
    0x20000040   0x080059bc   0x00000009   Data   RW         2325    .data               stm32f4xx_hal.o
    0x20000049   0x080059c5   0x00000003   PAD
    0x2000004c   0x080059c8   0x00000004   Data   RW         2605    .data               system_stm32f4xx.o
    0x20000050   0x080059cc   0x0000000c   Data   RW         3910    .data               mem.o
    0x2000005c   0x080059d8   0x00000024   Data   RW         3989    .data               memp.o
    0x20000080   0x080059fc   0x00000009   Data   RW         4113    .data               netif.o
    0x20000089   0x08005a05   0x00000001   Data   RW         4313    .data               pbuf.o
    0x2000008a   0x08005a06   0x00000002   PAD
    0x2000008c   0x08005a08   0x00000020   Data   RW         4635    .data               tcp.o
    0x200000ac   0x08005a28   0x00000028   Data   RW         4934    .data               tcp_in.o
    0x200000d4   0x08005a50   0x0000000c   Data   RW         5182    .data               timeouts.o
    0x200000e0   0x08005a5c   0x00000008   Data   RW         5279    .data               udp.o
    0x200000e8   0x08005a64   0x00000001   Data   RW         5444    .data               etharp.o
    0x200000e9   0x08005a65   0x00000001   PAD
    0x200000ea   0x08005a66   0x00000002   Data   RW         5606    .data               ip4.o
    0x200000ec   0x08005a68   0x00000006   Data   RW         5734    .data               ip4_frag.o
    0x200000f2   0x08005a6e   0x00000002   PAD
    0x200000f4   0x08005a70   0x00000004   Data   RW         6261    .data               mc_w.l(rand.o)
    0x200000f8   0x08005a74   0x00000004   Data   RW         6596    .data               mc_w.l(mvars.o)
    0x200000fc   0x08005a78   0x00000004   Data   RW         6597    .data               mc_w.l(mvars.o)
    0x20000100   0x08005a7c   0x00000004   Data   RW         6601    .data               mc_w.l(errno.o)
    0x20000104        -       0x00000018   Zero   RW           20    .bss                main.o
    0x2000011c        -       0x000030e8   Zero   RW          516    .bss                ethernetif.o
    0x20003204        -       0x00000034   Zero   RW          704    .bss                lwip.o
    0x20003238        -       0x0000002d   Zero   RW          911    .bss                httpserver.o
    0x20003265   0x08005a80   0x00000003   PAD
    0x20003268        -       0x00000020   Zero   RW         1482    .bss                stm32f4xx_hal_flash.o
    0x20003288        -       0x00000018   Zero   RW         3869    .bss                ip.o
    0x200032a0        -       0x00000653   Zero   RW         3909    .bss                mem.o
    0x200038f3        -       0x00002ebf   Zero   RW         3987    .bss                memp.o
    0x200067b2   0x08005a80   0x00000002   PAD
    0x200067b4        -       0x00000010   Zero   RW         4933    .bss                tcp_in.o
    0x200067c4        -       0x000000f0   Zero   RW         5442    .bss                etharp.o
    0x200068b4   0x08005a80   0x00000004   PAD
    0x200068b8        -       0x00002000   Zero   RW            2    HEAP                startup_stm32f429xx.o
    0x200088b8        -       0x00002000   Zero   RW            1    STACK               startup_stm32f429xx.o



  Load Region LR_IROM2 (Base: 0x08010000, Size: 0x0000d94c, Max: 0x00010000, ABSOLUTE)

    Execution Region ER_IROM2 (Exec base: 0x08010000, Load base: 0x08010000, Size: 0x0000d94c, Max: 0x00010000, ABSOLUTE)

    Exec Addr    Load Addr    Size         Type   Attr      Idx    E Section Name        Object

    0x08010000   0x08010000   0x00000024   Code   RO            4    .text               startup_stm32f429xx.o
    0x08010024   0x08010024   0x00000062   Code   RO         6230    .text               mc_w.l(uldiv.o)
    0x08010086   0x08010086   0x00000002   PAD
    0x08010088   0x08010088   0x00000008   Code   RO         6232    .text               mc_w.l(ctype_o.o)
    0x08010090   0x08010090   0x00000024   Code   RO         6260    .text               mc_w.l(rand.o)
    0x080100b4   0x080100b4   0x00000040   Code   RO         6265    .text               mc_w.l(memmovea.o)
    0x080100f4   0x080100f4   0x0000000e   Code   RO         6269    .text               mc_w.l(strlen.o)
    0x08010102   0x08010102   0x0000001a   Code   RO         6271    .text               mc_w.l(memcmp.o)
    0x0801011c   0x0801011c   0x0000002c   Code   RO         6590    .text               mc_w.l(uidiv.o)
    0x08010148   0x08010148   0x00000002   Code   RO          322    i.DebugMon_Handler  stm32f4xx_it.o
    0x0801014a   0x0801014a   0x00000016   Code   RO         1100    i.ETH_DMAReceptionEnable  stm32f4xx_hal_eth.o
    0x08010160   0x08010160   0x00000016   Code   RO         1102    i.ETH_DMATransmissionEnable  stm32f4xx_hal_eth.o
    0x08010176   0x08010176   0x00000002   PAD
    0x08010178   0x08010178   0x00000034   Code   RO         1105    i.ETH_MACAddressConfig  stm32f4xx_hal_eth.o
    0x080101ac   0x080101ac   0x00000244   Code   RO         1106    i.ETH_MACDMAConfig  stm32f4xx_hal_eth.o
    0x080103f0   0x080103f0   0x00000028   Code   RO         1107    i.ETH_MACReceptionDisable  stm32f4xx_hal_eth.o
    0x08010418   0x08010418   0x00000028   Code   RO         1109    i.ETH_MACTransmissionDisable  stm32f4xx_hal_eth.o
    0x08010440   0x08010440   0x00000006   Code   RO           14    i.Error_Handler     main.o
    0x08010446   0x08010446   0x00000002   PAD
    0x08010448   0x08010448   0x00000054   Code   RO         1585    i.FLASH_MassErase   stm32f4xx_hal_flash_ex.o
    0x0801049c   0x0801049c   0x00000024   Code   RO         1465    i.FLASH_Program_Byte  stm32f4xx_hal_flash.o
    0x080104c0   0x080104c0   0x0000003c   Code   RO         1466    i.FLASH_Program_DoubleWord  stm32f4xx_hal_flash.o
    0x080104fc   0x080104fc   0x00000028   Code   RO         1467    i.FLASH_Program_HalfWord  stm32f4xx_hal_flash.o
    0x08010524   0x08010524   0x000000b4   Code   RO         1469    i.FLASH_SetErrorCode  stm32f4xx_hal_flash.o
    0x080105d8   0x080105d8   0x00000014   Code   RO          766    i.GetTimeSpan       timespan.o
    0x080105ec   0x080105ec   0x00000044   Code   RO         2302    i.HAL_DeInit        stm32f4xx_hal.o
    0x08010630   0x08010630   0x00000028   Code   RO         2303    i.HAL_Delay         stm32f4xx_hal.o
    0x08010658   0x08010658   0x00000140   Code   RO         1112    i.HAL_ETH_ConfigMAC  stm32f4xx_hal_eth.o
    0x08010798   0x08010798   0x000002a0   Code   RO         1121    i.HAL_ETH_Init      stm32f4xx_hal_eth.o
    0x08010a38   0x08010a38   0x00000052   Code   RO         1126    i.HAL_ETH_Start     stm32f4xx_hal_eth.o
    0x08010a8a   0x08010a8a   0x0000013e   Code   RO         1128    i.HAL_ETH_TransmitFrame  stm32f4xx_hal_eth.o
    0x08010bc8   0x08010bc8   0x00000014   Code   RO         1474    i.HAL_FLASH_Lock    stm32f4xx_hal_flash.o
    0x08010bdc   0x08010bdc   0x00000098   Code   RO         1479    i.HAL_FLASH_Program  stm32f4xx_hal_flash.o
    0x08010c74   0x08010c74   0x00000010   Code   RO         1756    i.HAL_GPIO_ReadPin  stm32f4xx_hal_gpio.o
    0x08010c84   0x08010c84   0x0000000c   Code   RO         2311    i.HAL_GetTick       stm32f4xx_hal.o
    0x08010c90   0x08010c90   0x0000004c   Code   RO         2319    i.HAL_InitTick      stm32f4xx_hal.o
    0x08010cdc   0x08010cdc   0x0000007c   Code   RO         2167    i.HAL_NVIC_SetPriority  stm32f4xx_hal_cortex.o
    0x08010d58   0x08010d58   0x00000028   Code   RO         2168    i.HAL_NVIC_SetPriorityGrouping  stm32f4xx_hal_cortex.o
    0x08010d80   0x08010d80   0x00000184   Code   RO         1298    i.HAL_RCC_ClockConfig  stm32f4xx_hal_rcc.o
    0x08010f04   0x08010f04   0x000000b0   Code   RO         1307    i.HAL_RCC_GetSysClockFreq  stm32f4xx_hal_rcc.o
    0x08010fb4   0x08010fb4   0x0000049c   Code   RO         1310    i.HAL_RCC_OscConfig  stm32f4xx_hal_rcc.o
    0x08011450   0x08011450   0x00000034   Code   RO         2172    i.HAL_SYSTICK_Config  stm32f4xx_hal_cortex.o
    0x08011484   0x08011484   0x0000016c   Code   RO          900    i.HTTPServerAccept  httpserver.o
    0x080115f0   0x080115f0   0x00000124   Code   RO          901    i.HTTPServer_Init   httpserver.o
    0x08011714   0x08011714   0x0000019c   Code   RO           15    i.MX_GPIO_Init      main.o
    0x080118b0   0x080118b0   0x000002a8   Code   RO          698    i.MX_LWIP_Init      lwip.o
    0x08011b58   0x08011b58   0x00000004   Code   RO          324    i.MemManage_Handler  stm32f4xx_it.o
    0x08011b5c   0x08011b5c   0x00000002   Code   RO          326    i.PendSV_Handler    stm32f4xx_it.o
    0x08011b5e   0x08011b5e   0x00000008   Code   RO          328    i.SysTick_Handler   stm32f4xx_it.o
    0x08011b66   0x08011b66   0x00000002   PAD
    0x08011b68   0x08011b68   0x00000014   Code   RO         2603    i.SystemInit        system_stm32f4xx.o
    0x08011b7c   0x08011b7c   0x00000004   Code   RO          329    i.UsageFault_Handler  stm32f4xx_it.o
    0x08011b80   0x08011b80   0x00000020   Code   RO         6434    i.__0printf$6       mc_w.l(printf6.o)
    0x08011ba0   0x08011ba0   0x000002f0   Code   RO         6441    i._printf_core      mc_w.l(printf6.o)
    0x08011e90   0x08011e90   0x00000024   Code   RO         6442    i._printf_post_padding  mc_w.l(printf6.o)
    0x08011eb4   0x08011eb4   0x00000090   Code   RO          902    i.connectionErr     httpserver.o
    0x08011f44   0x08011f44   0x00000094   Code   RO          903    i.connectionPoll    httpserver.o
    0x08011fd8   0x08011fd8   0x000000d2   Code   RO          904    i.connectionRecv    httpserver.o
    0x080120aa   0x080120aa   0x00000002   PAD
    0x080120ac   0x080120ac   0x0000009c   Code   RO          905    i.connectionSend    httpserver.o
    0x08012148   0x08012148   0x000000b8   Code   RO          796    i.eraseSector       memory.o
    0x08012200   0x08012200   0x00000038   Code   RO         5428    i.etharp_cleanup_netif  etharp.o
    0x08012238   0x08012238   0x00000300   Code   RO         5430    i.etharp_find_entry  etharp.o
    0x08012538   0x08012538   0x00000168   Code   RO         5435    i.etharp_output_to_arp_index  etharp.o
    0x080126a0   0x080126a0   0x000002a4   Code   RO         5436    i.etharp_query      etharp.o
    0x08012944   0x08012944   0x0000018c   Code   RO         5437    i.etharp_raw        etharp.o
    0x08012ad0   0x08012ad0   0x00000018   Code   RO         5438    i.etharp_request    etharp.o
    0x08012ae8   0x08012ae8   0x000000c4   Code   RO         3206    i.ethernet_input    ethernet.o
    0x08012bac   0x08012bac   0x00000002   Code   RO          508    i.ethernetif_notify_conn_changed  ethernetif.o
    0x08012bae   0x08012bae   0x00000002   PAD
    0x08012bb0   0x08012bb0   0x00000024   Code   RO           17    i.fputc             main.o
    0x08012bd4   0x08012bd4   0x00000050   Code   RO         6540    i.free              mc_w.l(malloc.o)
    0x08012c24   0x08012c24   0x00000270   Code   RO         5535    i.icmp_input        icmp.o
    0x08012e94   0x08012e94   0x0000011c   Code   RO         5536    i.icmp_send_response  icmp.o
    0x08012fb0   0x08012fb0   0x00000012   Code   RO         5537    i.icmp_time_exceeded  icmp.o
    0x08012fc2   0x08012fc2   0x00000002   PAD
    0x08012fc4   0x08012fc4   0x000002cc   Code   RO         5723    i.ip4_frag          ip4_frag.o
    0x08013290   0x08013290   0x0000019c   Code   RO         5600    i.ip4_input         ip4.o
    0x0801342c   0x0801342c   0x00000034   Code   RO         5601    i.ip4_input_accept  ip4.o
    0x08013460   0x08013460   0x000002fc   Code   RO         5724    i.ip4_reass         ip4_frag.o
    0x0801375c   0x0801375c   0x00000094   Code   RO         5605    i.ip4_route         ip4.o
    0x080137f0   0x080137f0   0x0000000a   Code   RO         5725    i.ip_frag_alloc_pbuf_custom_ref  ip4_frag.o
    0x080137fa   0x080137fa   0x00000002   PAD
    0x080137fc   0x080137fc   0x00000304   Code   RO         5727    i.ip_reass_chain_frag_into_datagram_and_validate  ip4_frag.o
    0x08013b00   0x08013b00   0x000000c4   Code   RO         5728    i.ip_reass_dequeue_datagram  ip4_frag.o
    0x08013bc4   0x08013bc4   0x00000088   Code   RO         5731    i.ip_reass_remove_oldest_datagram  ip4_frag.o
    0x08013c4c   0x08013c4c   0x0000020c   Code   RO          797    i.isSectorErased    memory.o
    0x08013e58   0x08013e58   0x00000104   Code   RO          512    i.low_level_input   ethernetif.o
    0x08013f5c   0x08013f5c   0x0000001a   Code   RO         3639    i.lwip_htonl        def.o
    0x08013f76   0x08013f76   0x0000000c   Code   RO         3640    i.lwip_htons        def.o
    0x08013f82   0x08013f82   0x00000002   PAD
    0x08013f84   0x08013f84   0x000001c4   Code   RO         3901    i.mem_free          mem.o
    0x08014148   0x08014148   0x00000058   Code   RO         3903    i.mem_link_valid    mem.o
    0x080141a0   0x080141a0   0x000002a8   Code   RO         3904    i.mem_malloc        mem.o
    0x08014448   0x08014448   0x00000010   Code   RO         3905    i.mem_to_ptr        mem.o
    0x08014458   0x08014458   0x00000234   Code   RO         3906    i.mem_trim          mem.o
    0x0801468c   0x0801468c   0x000000b0   Code   RO         3981    i.memp_free         memp.o
    0x0801473c   0x0801473c   0x0000002c   Code   RO         3984    i.memp_init_pool    memp.o
    0x08014768   0x08014768   0x00000018   Code   RO         4090    i.netif_do_ip_addr_changed  netif.o
    0x08014780   0x08014780   0x00000026   Code   RO         4091    i.netif_do_set_gw   netif.o
    0x080147a6   0x080147a6   0x00000002   Code   RO         4097    i.netif_init        netif.o
    0x080147a8   0x080147a8   0x000000d8   Code   RO         4099    i.netif_issue_reports  netif.o
    0x08014880   0x08014880   0x00000008   Code   RO         4101    i.netif_null_output_ip4  netif.o
    0x08014888   0x08014888   0x00000060   Code   RO         4103    i.netif_set_addr    netif.o
    0x080148e8   0x080148e8   0x000000cc   Code   RO         4105    i.netif_set_down    netif.o
    0x080149b4   0x080149b4   0x000000e8   Code   RO         4279    i.pbuf_add_header_impl  pbuf.o
    0x08014a9c   0x08014a9c   0x000002a0   Code   RO         4280    i.pbuf_alloc        pbuf.o
    0x08014d3c   0x08014d3c   0x00000052   Code   RO         4282    i.pbuf_alloced_custom  pbuf.o
    0x08014d8e   0x08014d8e   0x00000002   PAD
    0x08014d90   0x08014d90   0x00000150   Code   RO         4283    i.pbuf_cat          pbuf.o
    0x08014ee0   0x08014ee0   0x00000012   Code   RO         4285    i.pbuf_clen         pbuf.o
    0x08014ef2   0x08014ef2   0x00000002   PAD
    0x08014ef4   0x08014ef4   0x000000b0   Code   RO         4286    i.pbuf_clone        pbuf.o
    0x08014fa4   0x08014fa4   0x00000228   Code   RO         4288    i.pbuf_copy         pbuf.o
    0x080151cc   0x080151cc   0x00000030   Code   RO         4293    i.pbuf_free_ooseq   pbuf.o
    0x080151fc   0x080151fc   0x0000001e   Code   RO         4299    i.pbuf_init_alloced_pbuf  pbuf.o
    0x0801521a   0x0801521a   0x00000002   PAD
    0x0801521c   0x0801521c   0x00000010   Code   RO         4302    i.pbuf_pool_is_empty  pbuf.o
    0x0801522c   0x0801522c   0x0000009c   Code   RO         4305    i.pbuf_ref          pbuf.o
    0x080152c8   0x080152c8   0x000000f4   Code   RO         4306    i.pbuf_remove_header  pbuf.o
    0x080153bc   0x080153bc   0x000001d8   Code   RO         3907    i.plug_holes        mem.o
    0x08015594   0x08015594   0x00000020   Code   RO           19    i.runMainApp        main.o
    0x080155b4   0x080155b4   0x00000028   Code   RO         5176    i.sys_timeouts_init  timeouts.o
    0x080155dc   0x080155dc   0x00000600   Code   RO          908    i.tcpDataProcess    httpserver.o
    0x08015bdc   0x08015bdc   0x000001d4   Code   RO         4581    i.tcp_abandon       tcp.o
    0x08015db0   0x08015db0   0x0000000e   Code   RO         4582    i.tcp_abort         tcp.o
    0x08015dbe   0x08015dbe   0x00000002   PAD
    0x08015dc0   0x08015dc0   0x000000c0   Code   RO         4585    i.tcp_alloc         tcp.o
    0x08015e80   0x08015e80   0x00000006   Code   RO         4586    i.tcp_arg           tcp.o
    0x08015e86   0x08015e86   0x00000002   PAD
    0x08015e88   0x08015e88   0x00000170   Code   RO         4587    i.tcp_bind          tcp.o
    0x08015ff8   0x08015ff8   0x0000020c   Code   RO         4590    i.tcp_close_shutdown  tcp.o
    0x08016204   0x08016204   0x000000d4   Code   RO         4594    i.tcp_eff_send_mss_netif  tcp.o
    0x080162d8   0x080162d8   0x000002c0   Code   RO         5012    i.tcp_enqueue_flags  tcp_out.o
    0x08016598   0x08016598   0x000000ac   Code   RO         4595    i.tcp_err           tcp.o
    0x08016644   0x08016644   0x0000015c   Code   RO         4922    i.tcp_free_acked_segments  tcp_in.o
    0x080167a0   0x080167a0   0x0000009c   Code   RO         4598    i.tcp_free_listen   tcp.o
    0x0801683c   0x0801683c   0x00000048   Code   RO         4923    i.tcp_get_next_optbyte  tcp_in.o
    0x08016884   0x08016884   0x00000818   Code   RO         4924    i.tcp_input         tcp_in.o
    0x0801709c   0x0801709c   0x000000e8   Code   RO         4925    i.tcp_input_delayed_close  tcp_in.o
    0x08017184   0x08017184   0x00000068   Code   RO         4602    i.tcp_kill_prio     tcp.o
    0x080171ec   0x080171ec   0x0000003c   Code   RO         4604    i.tcp_kill_timewait  tcp.o
    0x08017228   0x08017228   0x000001f4   Code   RO         4926    i.tcp_listen_input  tcp_in.o
    0x0801741c   0x0801741c   0x00000012   Code   RO         4606    i.tcp_listen_with_backlog  tcp.o
    0x0801742e   0x0801742e   0x00000002   PAD
    0x08017430   0x08017430   0x0000004c   Code   RO         4608    i.tcp_netif_ip_addr_changed  tcp.o
    0x0801747c   0x0801747c   0x000000d0   Code   RO         4609    i.tcp_netif_ip_addr_changed_pcblist  tcp.o
    0x0801754c   0x0801754c   0x0000000a   Code   RO         4610    i.tcp_new           tcp.o
    0x08017556   0x08017556   0x00000002   PAD
    0x08017558   0x08017558   0x00000068   Code   RO         4612    i.tcp_new_port      tcp.o
    0x080175c0   0x080175c0   0x000000b0   Code   RO         4613    i.tcp_next_iss      tcp.o
    0x08017670   0x08017670   0x0000012c   Code   RO         4927    i.tcp_oos_insert_segment  tcp_in.o
    0x0801779c   0x0801779c   0x00000364   Code   RO         5014    i.tcp_output        tcp_out.o
    0x08017b00   0x08017b00   0x000000dc   Code   RO         5015    i.tcp_output_alloc_header  tcp_out.o
    0x08017bdc   0x08017bdc   0x00000124   Code   RO         5018    i.tcp_output_fill_options  tcp_out.o
    0x08017d00   0x08017d00   0x0000024c   Code   RO         5019    i.tcp_output_segment  tcp_out.o
    0x08017f4c   0x08017f4c   0x000000b4   Code   RO         5020    i.tcp_output_segment_busy  tcp_out.o
    0x08018000   0x08018000   0x000000dc   Code   RO         4616    i.tcp_poll          tcp.o
    0x080180dc   0x080180dc   0x00000744   Code   RO         4929    i.tcp_process       tcp_in.o
    0x08018820   0x08018820   0x00000134   Code   RO         4617    i.tcp_process_refused_data  tcp.o
    0x08018954   0x08018954   0x00000c7c   Code   RO         4930    i.tcp_receive       tcp_in.o
    0x080195d0   0x080195d0   0x000000b4   Code   RO         4621    i.tcp_remove_listener  tcp.o
    0x08019684   0x08019684   0x00000104   Code   RO         5022    i.tcp_rexmit        tcp_out.o
    0x08019788   0x08019788   0x000000a8   Code   RO         5024    i.tcp_rexmit_rto    tcp_out.o
    0x08019830   0x08019830   0x000000b8   Code   RO         5025    i.tcp_rexmit_rto_commit  tcp_out.o
    0x080198e8   0x080198e8   0x00000118   Code   RO         5026    i.tcp_rexmit_rto_prepare  tcp_out.o
    0x08019a00   0x08019a00   0x0000001e   Code   RO         5027    i.tcp_route         tcp_out.o
    0x08019a1e   0x08019a1e   0x00000018   Code   RO         4624    i.tcp_segs_free     tcp.o
    0x08019a36   0x08019a36   0x00000002   PAD
    0x08019a38   0x08019a38   0x00000140   Code   RO         5029    i.tcp_send_empty_ack  tcp_out.o
    0x08019b78   0x08019b78   0x000000e0   Code   RO         5030    i.tcp_send_fin      tcp_out.o
    0x08019c58   0x08019c58   0x000000ac   Code   RO         4625    i.tcp_sent          tcp.o
    0x08019d04   0x08019d04   0x00000734   Code   RO         4628    i.tcp_slowtmr       tcp.o
    0x0801a438   0x0801a438   0x000002d0   Code   RO         5031    i.tcp_split_unsent_seg  tcp_out.o
    0x0801a708   0x0801a708   0x00000038   Code   RO         5179    i.tcp_timer_needed  timeouts.o
    0x0801a740   0x0801a740   0x00000014   Code   RO         4932    i.tcp_trigger_input_pcb_close  tcp_in.o
    0x0801a754   0x0801a754   0x00000824   Code   RO         5032    i.tcp_write         tcp_out.o
    0x0801af78   0x0801af78   0x000001b4   Code   RO         5033    i.tcp_write_checks  tcp_out.o
    0x0801b12c   0x0801b12c   0x00000058   Code   RO          909    i.twoCharToUint8    httpserver.o
    0x0801b184   0x0801b184   0x00000138   Code   RO         5268    i.udp_input_local_match  udp.o
    0x0801b2bc   0x0801b2bc   0x00000030   Code   RO         5269    i.udp_netif_ip_addr_changed  udp.o
    0x0801b2ec   0x0801b2ec   0x00000078   Code   RO          801    i.writeCRCToFirstPageCopyFirstToSecondPageAndLock  memory.o
    0x0801b364   0x0801b364   0x00000010   Data   RO          803    .constdata          memory.o
    0x0801b374   0x0801b374   0x00000097   Data   RO          912    .constdata          httpserver.o
    0x0801b40b   0x0801b40b   0x00000001   PAD
    0x0801b40c   0x0801b40c   0x00002160   Data   RO         1061    .constdata          filesystem.o
    0x0801d56c   0x0801d56c   0x00000090   Data   RO         3988    .constdata          memp.o
    0x0801d5fc   0x0801d5fc   0x0000001c   Data   RO         5181    .constdata          timeouts.o
    0x0801d618   0x0801d618   0x00000278   Data   RO          913    .conststring        httpserver.o
    0x0801d890   0x0801d890   0x00000075   Data   RO         4634    .conststring        tcp.o
    0x0801d905   0x0801d905   0x00000003   PAD
    0x0801d908   0x0801d908   0x00000041   Data   RO         5443    .conststring        etharp.o


==============================================================================

Image component sizes


      Code (inc. data)   RO Data    RW Data    ZI Data      Debug   Object Name

         0          0          0          0          0       2114   bridgeif.o
         0          0          0          0          0        384   bridgeif_fdb.o
        16          6          0          0          0        518   coredebug.o
        38          0          0          0          0       1162   def.o
      3820       1206         65          1        240      12439   etharp.o
       456        154         12          0          0       2794   ethernet.o
      1602        164          0          0      12520      29633   ethernetif.o
        72          4       8544          0          0       5481   filesystem.o
      3822       1142        783         12         45      17822   httpserver.o
       944        352          0          0          0       4770   icmp.o
       156         92         65          0          0       4160   init.o
         0          0          0          0         24       7821   ip.o
      1078        184          0          2          0       5732   ip4.o
        78          0          8          0          0       8714   ip4_addr.o
      3562       1192          0          6          0      12710   ip4_frag.o
       700         50          0         24         52       2072   lwip.o
      1262        120         16         24         24     128147   main.o
      2380        968          0         12       1619       8029   mem.o
      1680        134         16          4          0       7130   memory.o
       780        500        144         36      11967      10402   memp.o
      1660        742          0          9          0      15068   netif.o
      3912       1798          0          1          0      28086   pbuf.o
        36          8        428          0      16384        848   startup_stm32f429xx.o
       282         40          0          9          0      10766   stm32f4xx_hal.o
       340         30          0          0          0      34481   stm32f4xx_hal_cortex.o
      3190         58          0          0          0      17414   stm32f4xx_hal_eth.o
       680         62          0          0         32       6110   stm32f4xx_hal_flash.o
       476         24          0          0          0       3354   stm32f4xx_hal_flash_ex.o
       572         52          0          0          0       3508   stm32f4xx_hal_gpio.o
        72          4          0          0          0        878   stm32f4xx_hal_msp.o
      1756         64          0          0          0       4514   stm32f4xx_hal_rcc.o
        34          0          0          0          0     743234   stm32f4xx_it.o
        20          6         24          4          0       1163   system_stm32f4xx.o
      9346       4264        197         32          0      48474   tcp.o
      9228       2264          0         40         16      23175   tcp_in.o
     10098       4076         85          0          0      34202   tcp_out.o
       860        376         28         12          0       6958   timeouts.o
        20          0          0          0          0        618   timespan.o
       972        354          0          8          0       5802   udp.o

    ----------------------------------------------------------------------
     66048      20490      10460        244      42932    1260687   Object Totals
         0          0         32          0          0          0   (incl. Generated)
        48          0         13          8          9          0   (incl. Padding)

    ----------------------------------------------------------------------

      Code (inc. data)   RO Data    RW Data    ZI Data      Debug   Library Member Name

        28          0          0          0          0         68   _chval.o
       158          0          0          0          0         92   _strtoul.o
         8          4        133          0          0         68   ctype_o.o
         0          0          0          0          0          0   entry.o
         0          0          0          0          0          0   entry10a.o
         0          0          0          0          0          0   entry11a.o
         4          0          0          0          0          0   entry12b.o
         8          4          0          0          0          0   entry2.o
         4          0          0          0          0          0   entry5.o
         0          0          0          0          0          0   entry7b.o
         0          0          0          0          0          0   entry8b.o
         8          4          0          0          0          0   entry9a.o
         8          4          0          4          0         68   errno.o
        30          0          0          0          0          0   handlers.o
        36          8          0          0          0         68   init.o
        30          0          0          0          0         68   llshl.o
        32          0          0          0          0         68   llushr.o
       188         20          0          0          0        160   malloc.o
        26          0          0          0          0         80   memcmp.o
        64          0          0          0          0         76   memmovea.o
        36          0          0          0          0        108   memseta.o
         0          0          0          8          0          0   mvars.o
       916         20          0          0          0        504   printf6.o
        36         10          0          4          0        136   rand.o
        14          0          0          0          0         68   strlen.o
       112          0          0          0          0         88   strtol.o
        44          0          0          0          0         80   uidiv.o
        98          0          0          0          0         92   uldiv.o

    ----------------------------------------------------------------------
      1892         74        136         16          0       1892   Library Totals
         4          0          3          0          0          0   (incl. Padding)

    ----------------------------------------------------------------------

      Code (inc. data)   RO Data    RW Data    ZI Data      Debug   Library Name

      1888         74        133         16          0       1892   mc_w.l

    ----------------------------------------------------------------------
      1892         74        136         16          0       1892   Library Totals

    ----------------------------------------------------------------------

==============================================================================


      Code (inc. data)   RO Data    RW Data    ZI Data      Debug   

     67940      20564      10596        260      42932    1234347   Grand Totals
     67940      20564      10596        260      42932    1234347   ELF Image Totals
     67940      20564      10596        260          0          0   ROM Totals

==============================================================================

    Total RO  Size (Code + RO Data)                78536 (  76.70kB)
    Total RW  Size (RW Data + ZI Data)             43192 (  42.18kB)
    Total ROM Size (Code + RO Data + RW Data)      78796 (  76.95kB)

==============================================================================

